Archive member included to satisfy reference by file (symbol)

.build/obj_fingerpunch_ximi_v2_vial/spi_master.a(spi_master.o)
                              .build/obj_fingerpunch_ximi_v2_vial/drivers/sensors/cirque_pinnacle.o (symbol from plugin) (spi_init)
.build/obj_fingerpunch_ximi_v2_vial/serial_protocol.a(serial_protocol.o)
                              .build/obj_fingerpunch_ximi_v2_vial/quantum/split_common/transport.o (symbol from plugin) (soft_serial_target_init)
.build/obj_fingerpunch_ximi_v2_vial/serial_vendor.a(serial_vendor.o)
                              .build/obj_fingerpunch_ximi_v2_vial/serial_protocol.a(serial_protocol.o) (serial_transport_driver_clear)
/opt/homebrew/Cellar/arm-none-eabi-gcc@8/8.5.0_2/lib/arm-none-eabi-gcc/8/gcc/arm-none-eabi/8.5.0/thumb/v6-m/nofp/libgcc.a(_dvmd_tls.o)
                              .build/obj_fingerpunch_ximi_v2/./lib/pico-sdk/src/rp2_common/pico_divider/divider.o (__aeabi_idiv0)
/opt/homebrew/Cellar/arm-none-eabi-gcc@8/8.5.0_2/lib/arm-none-eabi-gcc/8/gcc/arm-none-eabi/8.5.0/thumb/v6-m/nofp/libgcc.a(_fixunssfsi.o)
                              .build/obj_fingerpunch_ximi_v2_vial/serial_vendor.a(serial_vendor.o) (__aeabi_f2uiz)
/opt/homebrew/Cellar/arm-none-eabi-gcc@8/8.5.0_2/lib/arm-none-eabi-gcc/8/gcc/arm-none-eabi/8.5.0/thumb/v6-m/nofp/libgcc.a(divsf3.o)
                              .build/obj_fingerpunch_ximi_v2_vial/serial_vendor.a(serial_vendor.o) (__aeabi_fdiv)
/opt/homebrew/Cellar/arm-none-eabi-gcc@8/8.5.0_2/lib/arm-none-eabi-gcc/8/gcc/arm-none-eabi/8.5.0/thumb/v6-m/nofp/libgcc.a(mulsf3.o)
                              .build/obj_fingerpunch_ximi_v2_vial/serial_vendor.a(serial_vendor.o) (__aeabi_fmul)
/opt/homebrew/Cellar/arm-none-eabi-gcc@8/8.5.0_2/lib/arm-none-eabi-gcc/8/gcc/arm-none-eabi/8.5.0/thumb/v6-m/nofp/libgcc.a(subsf3.o)
                              .build/obj_fingerpunch_ximi_v2_vial/serial_vendor.a(serial_vendor.o) (__aeabi_fsub)
/opt/homebrew/Cellar/arm-none-eabi-gcc@8/8.5.0_2/lib/arm-none-eabi-gcc/8/gcc/arm-none-eabi/8.5.0/thumb/v6-m/nofp/libgcc.a(fixsfsi.o)
                              /opt/homebrew/Cellar/arm-none-eabi-gcc@8/8.5.0_2/lib/arm-none-eabi-gcc/8/gcc/arm-none-eabi/8.5.0/thumb/v6-m/nofp/libgcc.a(_fixunssfsi.o) (__aeabi_f2iz)
/opt/homebrew/Cellar/arm-none-eabi-gcc@8/8.5.0_2/lib/arm-none-eabi-gcc/8/gcc/arm-none-eabi/8.5.0/thumb/v6-m/nofp/libgcc.a(floatunsisf.o)
                              .build/obj_fingerpunch_ximi_v2_vial/serial_vendor.a(serial_vendor.o) (__aeabi_ui2f)
/opt/homebrew/Cellar/arm-none-eabi-gcc@8/8.5.0_2/lib/arm-none-eabi-gcc/8/gcc/arm-none-eabi/8.5.0/thumb/v6-m/nofp/libgcc.a(_arm_cmpsf2.o)
                              /opt/homebrew/Cellar/arm-none-eabi-gcc@8/8.5.0_2/lib/arm-none-eabi-gcc/8/gcc/arm-none-eabi/8.5.0/thumb/v6-m/nofp/libgcc.a(_fixunssfsi.o) (__aeabi_fcmpge)
/opt/homebrew/Cellar/arm-none-eabi-gcc@8/8.5.0_2/lib/arm-none-eabi-gcc/8/gcc/arm-none-eabi/8.5.0/thumb/v6-m/nofp/libgcc.a(_clzsi2.o)
                              /opt/homebrew/Cellar/arm-none-eabi-gcc@8/8.5.0_2/lib/arm-none-eabi-gcc/8/gcc/arm-none-eabi/8.5.0/thumb/v6-m/nofp/libgcc.a(divsf3.o) (__clzsi2)
/opt/homebrew/Cellar/arm-none-eabi-gcc@8/8.5.0_2/lib/arm-none-eabi-gcc/8/gcc/arm-none-eabi/8.5.0/thumb/v6-m/nofp/libgcc.a(eqsf2.o)
                              /opt/homebrew/Cellar/arm-none-eabi-gcc@8/8.5.0_2/lib/arm-none-eabi-gcc/8/gcc/arm-none-eabi/8.5.0/thumb/v6-m/nofp/libgcc.a(_arm_cmpsf2.o) (__eqsf2)
/opt/homebrew/Cellar/arm-none-eabi-gcc@8/8.5.0_2/lib/arm-none-eabi-gcc/8/gcc/arm-none-eabi/8.5.0/thumb/v6-m/nofp/libgcc.a(gesf2.o)
                              /opt/homebrew/Cellar/arm-none-eabi-gcc@8/8.5.0_2/lib/arm-none-eabi-gcc/8/gcc/arm-none-eabi/8.5.0/thumb/v6-m/nofp/libgcc.a(_arm_cmpsf2.o) (__gesf2)
/opt/homebrew/Cellar/arm-none-eabi-gcc@8/8.5.0_2/lib/arm-none-eabi-gcc/8/gcc/arm-none-eabi/8.5.0/thumb/v6-m/nofp/libgcc.a(lesf2.o)
                              /opt/homebrew/Cellar/arm-none-eabi-gcc@8/8.5.0_2/lib/arm-none-eabi-gcc/8/gcc/arm-none-eabi/8.5.0/thumb/v6-m/nofp/libgcc.a(_arm_cmpsf2.o) (__lesf2)
/opt/homebrew/Cellar/arm-none-eabi-gcc@8/8.5.0_2/lib/arm-none-eabi-gcc/8/gcc/arm-none-eabi/8.5.0/../../../../../../arm-none-eabi/lib/thumb/v6-m/nofp/libg_nano.a(lib_a-ctype_.o)
                              .build/obj_fingerpunch_ximi_v2_vial/quantum/send_string/send_string.o (symbol from plugin) (_ctype_)
/opt/homebrew/Cellar/arm-none-eabi-gcc@8/8.5.0_2/lib/arm-none-eabi-gcc/8/gcc/arm-none-eabi/8.5.0/../../../../../../arm-none-eabi/lib/thumb/v6-m/nofp/libg_nano.a(lib_a-errno.o)
                              .build/obj_fingerpunch_ximi_v2/platforms/chibios/syscall-fallbacks.o (symbol from plugin) (__errno)
/opt/homebrew/Cellar/arm-none-eabi-gcc@8/8.5.0_2/lib/arm-none-eabi-gcc/8/gcc/arm-none-eabi/8.5.0/../../../../../../arm-none-eabi/lib/thumb/v6-m/nofp/libg_nano.a(lib_a-impure.o)
[...]
Memory Configuration

Name             Origin             Length             Attributes
flash0           0x00000000         0x00004000         xr
flash1           0x10000000         0x00200000         xr
flash2           0x00000000         0x00000000         xr
flash3           0x00000000         0x00000000         xr
flash4           0x00000000         0x00000000         xr
flash5           0x00000000         0x00000000         xr
flash6           0x00000000         0x00000000         xr
flash7           0x00000000         0x00000000         xr
ram0             0x20000000         0x00040000         xw
ram1             0x00000000         0x00040000         xw
ram2             0x00000000         0x00000000         xw
ram3             0x00000000         0x00000000         xw
ram4             0x20040000         0x00001000         xw
ram5             0x20041000         0x00001000         xw
ram6             0x00000000         0x00000000         xw
ram7             0x20041f00         0x00000100         xw
*default*        0x00000000         0xffffffff

Linker script and memory map

LOAD .build/obj_fingerpunch_ximi_v2_vial/keyboards/fingerpunch/src/fp.o
LOAD /tmp/ccFZSr4Tdebugobj
LOAD /tmp/cc8IvcX0.ltrans0.ltrans.o
LOAD /tmp/cc8IvcX0.ltrans1.ltrans.o
LOAD .build/obj_fingerpunch_ximi_v2_vial/keyboards/fingerpunch/src/fp_haptic.o
LOAD .build/obj_fingerpunch_ximi_v2_vial/keyboards/fingerpunch/src/fp_audio.o
LOAD .build/obj_fingerpunch_ximi_v2_vial/keyboards/fingerpunch/src/fp_keyhandler.o
LOAD .build/obj_fingerpunch_ximi_v2_vial/keyboards/fingerpunch/src/fp_encoder.o
LOAD .build/obj_fingerpunch_ximi_v2_vial/keyboards/fingerpunch/src/fp_pointing.o
LOAD .build/obj_fingerpunch_ximi_v2_vial/keyboards/fingerpunch/src/fp_rgb_common.o
LOAD .build/obj_fingerpunch_ximi_v2_vial/keyboards/fingerpunch/src/fp_rgblight.o
LOAD .build/obj_fingerpunch_ximi_v2_vial/keyboards/fingerpunch/src/fp_rgb_matrix.o
LOAD .build/obj_fingerpunch_ximi_v2_vial/keyboards/fingerpunch/ximi/ximi.o
LOAD .build/obj_fingerpunch_ximi_v2_vial/keyboards/fingerpunch/ximi/v2/v2.o
LOAD .build/obj_fingerpunch_ximi_v2_vial/.build/obj_fingerpunch_ximi_v2/src/default_keyboard.o
LOAD .build/obj_fingerpunch_ximi_v2_vial/quantum/keymap_introspection.o
LOAD .build/obj_fingerpunch_ximi_v2_vial/quantum/quantum.o
LOAD .build/obj_fingerpunch_ximi_v2_vial/quantum/bitwise.o
LOAD .build/obj_fingerpunch_ximi_v2_vial/quantum/led.o
LOAD .build/obj_fingerpunch_ximi_v2_vial/quantum/action.o
LOAD .build/obj_fingerpunch_ximi_v2_vial/quantum/action_layer.o
LOAD .build/obj_fingerpunch_ximi_v2_vial/quantum/action_tapping.o
LOAD .build/obj_fingerpunch_ximi_v2_vial/quantum/action_util.o
LOAD .build/obj_fingerpunch_ximi_v2_vial/quantum/eeconfig.o
LOAD .build/obj_fingerpunch_ximi_v2_vial/quantum/keyboard.o
LOAD .build/obj_fingerpunch_ximi_v2_vial/quantum/keymap_common.o
LOAD .build/obj_fingerpunch_ximi_v2_vial/quantum/keycode_config.o
LOAD .build/obj_fingerpunch_ximi_v2_vial/quantum/sync_timer.o
LOAD .build/obj_fingerpunch_ximi_v2_vial/quantum/logging/debug.o
LOAD .build/obj_fingerpunch_ximi_v2_vial/quantum/logging/sendchar.o
LOAD .build/obj_fingerpunch_ximi_v2_vial/quantum/logging/print.o
LOAD .build/obj_fingerpunch_ximi_v2_vial/quantum/bootmagic/bootmagic_lite.o
LOAD .build/obj_fingerpunch_ximi_v2_vial/quantum/bootmagic/magic.o
LOAD .build/obj_fingerpunch_ximi_v2_vial/quantum/matrix_common.o
LOAD .build/obj_fingerpunch_ximi_v2_vial/quantum/matrix.o
LOAD .build/obj_fingerpunch_ximi_v2_vial/quantum/debounce/sym_defer_g.o
LOAD .build/obj_fingerpunch_ximi_v2_vial/quantum/split_common/split_util.o
LOAD .build/obj_fingerpunch_ximi_v2_vial/quantum/split_common/transport.o
LOAD .build/obj_fingerpunch_ximi_v2_vial/quantum/split_common/transactions.o
LOAD .build/obj_fingerpunch_ximi_v2_vial/quantum/main.o
LOAD .build/obj_fingerpunch_ximi_v2_vial/printf.o
LOAD .build/obj_fingerpunch_ximi_v2_vial/quantum/process_keycode/process_audio.o
LOAD .build/obj_fingerpunch_ximi_v2_vial/quantum/process_keycode/process_clicky.o
LOAD .build/obj_fingerpunch_ximi_v2_vial/quantum/audio/audio.o
LOAD .build/obj_fingerpunch_ximi_v2_vial/platforms/chibios/drivers/audio_pwm_hardware.o
LOAD .build/obj_fingerpunch_ximi_v2_vial/quantum/audio/voices.o
LOAD .build/obj_fingerpunch_ximi_v2_vial/quantum/audio/luts.o
LOAD .build/obj_fingerpunch_ximi_v2_vial/quantum/process_keycode/process_music.o
LOAD .build/obj_fingerpunch_ximi_v2_vial/quantum/mousekey.o
LOAD .build/obj_fingerpunch_ximi_v2_vial/quantum/pointing_device/pointing_device.o
LOAD .build/obj_fingerpunch_ximi_v2_vial/quantum/pointing_device/pointing_device_drivers.o
LOAD .build/obj_fingerpunch_ximi_v2_vial/quantum/pointing_device/pointing_device_auto_mouse.o
LOAD .build/obj_fingerpunch_ximi_v2_vial/drivers/sensors/cirque_pinnacle_spi.o
LOAD .build/obj_fingerpunch_ximi_v2_vial/drivers/sensors/cirque_pinnacle.o
LOAD .build/obj_fingerpunch_ximi_v2_vial/drivers/sensors/cirque_pinnacle_gestures.o
LOAD .build/obj_fingerpunch_ximi_v2_vial/quantum/pointing_device/pointing_device_gestures.o
LOAD .build/obj_fingerpunch_ximi_v2_vial/eeprom_driver.o
LOAD .build/obj_fingerpunch_ximi_v2_vial/eeprom_wear_leveling.o
LOAD .build/obj_fingerpunch_ximi_v2_vial/wear_leveling.o
LOAD .build/obj_fingerpunch_ximi_v2_vial/wear_leveling_rp2040_flash.o
LOAD .build/obj_fingerpunch_ximi_v2_vial/quantum/via.o
LOAD .build/obj_fingerpunch_ximi_v2_vial/quantum/vial.o
LOAD .build/obj_fingerpunch_ximi_v2_vial/crc.o
LOAD .build/obj_fingerpunch_ximi_v2_vial/qmk_fnv_type_validation.o
LOAD .build/obj_fingerpunch_ximi_v2_vial/hash_32a.o
LOAD .build/obj_fingerpunch_ximi_v2_vial/hash_64a.o
LOAD .build/obj_fingerpunch_ximi_v2_vial/quantum/process_keycode/process_magic.o
LOAD .build/obj_fingerpunch_ximi_v2_vial/quantum/send_string/send_string.o
LOAD .build/obj_fingerpunch_ximi_v2_vial/quantum/encoder.o
LOAD .build/obj_fingerpunch_ximi_v2_vial/quantum/process_keycode/process_caps_word.o
LOAD .build/obj_fingerpunch_ximi_v2_vial/quantum/caps_word.o
LOAD .build/obj_fingerpunch_ximi_v2_vial/quantum/process_keycode/process_combo.o
LOAD .build/obj_fingerpunch_ximi_v2_vial/quantum/deferred_exec.o
LOAD .build/obj_fingerpunch_ximi_v2_vial/quantum/dynamic_keymap.o
LOAD .build/obj_fingerpunch_ximi_v2_vial/quantum/process_keycode/process_grave_esc.o
LOAD .build/obj_fingerpunch_ximi_v2_vial/quantum/process_keycode/process_key_override.o
LOAD .build/obj_fingerpunch_ximi_v2_vial/quantum/process_keycode/process_space_cadet.o
LOAD .build/obj_fingerpunch_ximi_v2_vial/quantum/process_keycode/process_tap_dance.o
LOAD .build/obj_fingerpunch_ximi_v2_vial/quantum/process_keycode/process_tri_layer.o
LOAD .build/obj_fingerpunch_ximi_v2_vial/quantum/tri_layer.o
LOAD .build/obj_fingerpunch_ximi_v2_vial/spi_master.a
LOAD .build/obj_fingerpunch_ximi_v2_vial/serial_protocol.a
LOAD .build/obj_fingerpunch_ximi_v2_vial/serial_vendor.a
LOAD .build/obj_fingerpunch_ximi_v2_vial/./lib/chibios/os/common/startup/ARMCMx/compilers/GCC/crt0_v6m.o
LOAD .build/obj_fingerpunch_ximi_v2_vial/./lib/chibios/os/common/startup/ARMCMx/compilers/GCC/vectors.o
LOAD .build/obj_fingerpunch_ximi_v2_vial/./lib/chibios/os/common/ports/ARMv6-M-RP2/compilers/GCC/chcoreasm.o
LOAD .build/obj_fingerpunch_ximi_v2_vial/protocol/host.o
LOAD .build/obj_fingerpunch_ximi_v2_vial/protocol/report.o
LOAD .build/obj_fingerpunch_ximi_v2_vial/protocol/usb_device_state.o
LOAD .build/obj_fingerpunch_ximi_v2_vial/protocol/usb_util.o
LOAD .build/obj_fingerpunch_ximi_v2_vial/platforms/suspend.o
LOAD .build/obj_fingerpunch_ximi_v2_vial/platforms/synchronization_util.o
LOAD .build/obj_fingerpunch_ximi_v2_vial/platforms/timer.o
LOAD .build/obj_fingerpunch_ximi_v2_vial/platforms/chibios/hardware_id.o
LOAD .build/obj_fingerpunch_ximi_v2_vial/platforms/chibios/platform.o
LOAD .build/obj_fingerpunch_ximi_v2_vial/platforms/chibios/suspend.o
LOAD .build/obj_fingerpunch_ximi_v2_vial/platforms/chibios/timer.o
LOAD .build/obj_fingerpunch_ximi_v2_vial/platforms/chibios/bootloaders/rp2040.o
LOAD .build/obj_fingerpunch_ximi_v2_vial/protocol/chibios/usb_main.o
LOAD .build/obj_fingerpunch_ximi_v2_vial/protocol/chibios/chibios.o
LOAD .build/obj_fingerpunch_ximi_v2_vial/usb_descriptor.o
LOAD .build/obj_fingerpunch_ximi_v2_vial/protocol/chibios/usb_driver.o
LOAD .build/obj_fingerpunch_ximi_v2_vial/protocol/chibios/usb_util.o
LOAD .build/obj_fingerpunch_ximi_v2_vial/./lib/chibios/os/oslib/src/chmboxes.o
LOAD .build/obj_fingerpunch_ximi_v2_vial/./lib/chibios/os/oslib/src/chmemcore.o
LOAD .build/obj_fingerpunch_ximi_v2_vial/./lib/chibios/os/oslib/src/chmemheaps.o
LOAD .build/obj_fingerpunch_ximi_v2_vial/./lib/chibios/os/oslib/src/chmempools.o
LOAD .build/obj_fingerpunch_ximi_v2_vial/./lib/chibios/os/oslib/src/chpipes.o
LOAD .build/obj_fingerpunch_ximi_v2_vial/./lib/chibios/os/oslib/src/chobjcaches.o
LOAD .build/obj_fingerpunch_ximi_v2_vial/./lib/chibios/os/oslib/src/chdelegates.o
LOAD .build/obj_fingerpunch_ximi_v2_vial/./lib/chibios/os/oslib/src/chfactory.o
LOAD .build/obj_fingerpunch_ximi_v2/lib/chibios/os/common/startup/ARMCMx/compilers/GCC/crt1.o
LOAD .build/obj_fingerpunch_ximi_v2/lib/chibios/os/rt/src/chsys.o
LOAD .build/obj_fingerpunch_ximi_v2/lib/chibios/os/rt/src/chrfcu.o
LOAD .build/obj_fingerpunch_ximi_v2/lib/chibios/os/rt/src/chdebug.o
LOAD .build/obj_fingerpunch_ximi_v2/lib/chibios/os/rt/src/chtrace.o
LOAD .build/obj_fingerpunch_ximi_v2/lib/chibios/os/rt/src/chvt.o
LOAD .build/obj_fingerpunch_ximi_v2/lib/chibios/os/rt/src/chschd.o
LOAD .build/obj_fingerpunch_ximi_v2/lib/chibios/os/rt/src/chinstances.o
LOAD .build/obj_fingerpunch_ximi_v2/lib/chibios/os/rt/src/chthreads.o
LOAD .build/obj_fingerpunch_ximi_v2/lib/chibios/os/rt/src/chtm.o
LOAD .build/obj_fingerpunch_ximi_v2/lib/chibios/os/rt/src/chstats.o
LOAD .build/obj_fingerpunch_ximi_v2/lib/chibios/os/rt/src/chregistry.o
LOAD .build/obj_fingerpunch_ximi_v2/lib/chibios/os/rt/src/chsem.o
LOAD .build/obj_fingerpunch_ximi_v2/lib/chibios/os/rt/src/chmtx.o
LOAD .build/obj_fingerpunch_ximi_v2/lib/chibios/os/rt/src/chcond.o
LOAD .build/obj_fingerpunch_ximi_v2/lib/chibios/os/rt/src/chevents.o
LOAD .build/obj_fingerpunch_ximi_v2/lib/chibios/os/rt/src/chmsg.o
LOAD .build/obj_fingerpunch_ximi_v2/lib/chibios/os/rt/src/chdynamic.o
LOAD .build/obj_fingerpunch_ximi_v2/lib/chibios/os/common/ports/ARMv6-M-RP2/chcore.o
LOAD .build/obj_fingerpunch_ximi_v2/lib/chibios/os/hal/osal/rt-nil/osal.o
LOAD .build/obj_fingerpunch_ximi_v2/lib/chibios/os/hal/src/hal.o
LOAD .build/obj_fingerpunch_ximi_v2/lib/chibios/os/hal/src/hal_st.o
LOAD .build/obj_fingerpunch_ximi_v2/lib/chibios/os/hal/src/hal_buffers.o
LOAD .build/obj_fingerpunch_ximi_v2/lib/chibios/os/hal/src/hal_queues.o
LOAD .build/obj_fingerpunch_ximi_v2/lib/chibios/os/hal/src/hal_flash.o
LOAD .build/obj_fingerpunch_ximi_v2/lib/chibios/os/hal/src/hal_mmcsd.o
LOAD .build/obj_fingerpunch_ximi_v2/lib/chibios/os/hal/src/hal_adc.o
LOAD .build/obj_fingerpunch_ximi_v2/lib/chibios/os/hal/src/hal_can.o
LOAD .build/obj_fingerpunch_ximi_v2/lib/chibios/os/hal/src/hal_crypto.o
LOAD .build/obj_fingerpunch_ximi_v2/lib/chibios/os/hal/src/hal_dac.o
LOAD .build/obj_fingerpunch_ximi_v2/lib/chibios/os/hal/src/hal_efl.o
LOAD .build/obj_fingerpunch_ximi_v2/lib/chibios/os/hal/src/hal_gpt.o
LOAD .build/obj_fingerpunch_ximi_v2/lib/chibios/os/hal/src/hal_i2c.o
LOAD .build/obj_fingerpunch_ximi_v2/lib/chibios/os/hal/src/hal_i2s.o
LOAD .build/obj_fingerpunch_ximi_v2/lib/chibios/os/hal/src/hal_icu.o
LOAD .build/obj_fingerpunch_ximi_v2/lib/chibios/os/hal/src/hal_mac.o
LOAD .build/obj_fingerpunch_ximi_v2/lib/chibios/os/hal/src/hal_mmc_spi.o
LOAD .build/obj_fingerpunch_ximi_v2/lib/chibios/os/hal/src/hal_pal.o
LOAD .build/obj_fingerpunch_ximi_v2/lib/chibios/os/hal/src/hal_pwm.o
LOAD .build/obj_fingerpunch_ximi_v2/lib/chibios/os/hal/src/hal_rtc.o
LOAD .build/obj_fingerpunch_ximi_v2/lib/chibios/os/hal/src/hal_sdc.o
LOAD .build/obj_fingerpunch_ximi_v2/lib/chibios/os/hal/src/hal_serial.o
LOAD .build/obj_fingerpunch_ximi_v2/lib/chibios/os/hal/src/hal_serial_usb.o
LOAD .build/obj_fingerpunch_ximi_v2/lib/chibios/os/hal/src/hal_sio.o
LOAD .build/obj_fingerpunch_ximi_v2/lib/chibios/os/hal/src/hal_spi.o
LOAD .build/obj_fingerpunch_ximi_v2/lib/chibios/os/hal/src/hal_trng.o
LOAD .build/obj_fingerpunch_ximi_v2/lib/chibios/os/hal/src/hal_uart.o
LOAD .build/obj_fingerpunch_ximi_v2/lib/chibios/os/hal/src/hal_usb.o
LOAD .build/obj_fingerpunch_ximi_v2/lib/chibios/os/hal/src/hal_wdg.o
LOAD .build/obj_fingerpunch_ximi_v2/lib/chibios/os/hal/src/hal_wspi.o
LOAD .build/obj_fingerpunch_ximi_v2/lib/chibios/os/hal/ports/common/ARMCMx/nvic.o
LOAD .build/obj_fingerpunch_ximi_v2/lib/chibios/os/hal/ports/RP/RP2040/rp_isr.o
LOAD .build/obj_fingerpunch_ximi_v2/lib/chibios/os/hal/ports/RP/RP2040/hal_lld.o
LOAD .build/obj_fingerpunch_ximi_v2/lib/chibios/os/hal/ports/RP/LLD/DMAv1/rp_dma.o
LOAD .build/obj_fingerpunch_ximi_v2/lib/chibios/os/hal/ports/RP/LLD/GPIOv1/hal_pal_lld.o
LOAD .build/obj_fingerpunch_ximi_v2/lib/chibios/os/hal/ports/RP/LLD/SPIv1/hal_spi_lld.o
LOAD .build/obj_fingerpunch_ximi_v2/lib/chibios/os/hal/ports/RP/LLD/TIMERv1/hal_st_lld.o
LOAD .build/obj_fingerpunch_ximi_v2/lib/chibios/os/hal/ports/RP/LLD/UARTv1/hal_sio_lld.o
LOAD .build/obj_fingerpunch_ximi_v2/lib/chibios/os/hal/ports/RP/LLD/RTCv1/hal_rtc_lld.o
LOAD .build/obj_fingerpunch_ximi_v2/lib/chibios/os/hal/ports/RP/LLD/WDGv1/hal_wdg_lld.o
LOAD .build/obj_fingerpunch_ximi_v2/lib/chibios-contrib/os/hal/ports/RP/LLD/I2Cv1/hal_i2c_lld.o
LOAD .build/obj_fingerpunch_ximi_v2/lib/chibios-contrib/os/hal/ports/RP/LLD/PWMv1/hal_pwm_lld.o
LOAD .build/obj_fingerpunch_ximi_v2/lib/chibios-contrib/os/hal/ports/RP/LLD/ADCv1/hal_adc_lld.o
LOAD .build/obj_fingerpunch_ximi_v2/lib/chibios-contrib/os/hal/ports/RP/LLD/USBDv1/hal_usb_lld.o
LOAD .build/obj_fingerpunch_ximi_v2/lib/chibios/os/hal/boards/RP_PICO_RP2040/board.o
LOAD .build/obj_fingerpunch_ximi_v2/lib/chibios/os/hal/lib/streams/chprintf.o
LOAD .build/obj_fingerpunch_ximi_v2/lib/chibios/os/hal/lib/streams/chscanf.o
LOAD .build/obj_fingerpunch_ximi_v2/lib/chibios/os/hal/lib/streams/memstreams.o
LOAD .build/obj_fingerpunch_ximi_v2/lib/chibios/os/hal/lib/streams/nullstreams.o
LOAD .build/obj_fingerpunch_ximi_v2/lib/chibios/os/hal/lib/streams/bufstreams.o
LOAD .build/obj_fingerpunch_ximi_v2/lib/chibios/os/various/syscalls.o
LOAD .build/obj_fingerpunch_ximi_v2/platforms/chibios/syscall-fallbacks.o
LOAD .build/obj_fingerpunch_ximi_v2/platforms/chibios/wait.o
LOAD .build/obj_fingerpunch_ximi_v2/platforms/chibios/synchronization_util.o
LOAD .build/obj_fingerpunch_ximi_v2/./lib/pico-sdk/src/rp2_common/hardware_clocks/clocks.o
LOAD .build/obj_fingerpunch_ximi_v2/./lib/pico-sdk/src/rp2_common/hardware_pll/pll.o
LOAD .build/obj_fingerpunch_ximi_v2/./lib/pico-sdk/src/rp2_common/hardware_pio/pio.o
LOAD .build/obj_fingerpunch_ximi_v2/./lib/pico-sdk/src/rp2_common/hardware_timer/timer.o
LOAD .build/obj_fingerpunch_ximi_v2/./lib/pico-sdk/src/rp2_common/hardware_flash/flash.o
LOAD .build/obj_fingerpunch_ximi_v2/./lib/pico-sdk/src/rp2_common/hardware_gpio/gpio.o
LOAD .build/obj_fingerpunch_ximi_v2/./lib/pico-sdk/src/rp2_common/hardware_claim/claim.o
LOAD .build/obj_fingerpunch_ximi_v2/./lib/pico-sdk/src/rp2_common/hardware_watchdog/watchdog.o
LOAD .build/obj_fingerpunch_ximi_v2/./lib/pico-sdk/src/rp2_common/hardware_xosc/xosc.o
LOAD .build/obj_fingerpunch_ximi_v2/./lib/pico-sdk/src/rp2_common/pico_bootrom/bootrom.o
LOAD .build/obj_fingerpunch_ximi_v2/platforms/chibios/vendors/RP/stage2_bootloaders.o
LOAD .build/obj_fingerpunch_ximi_v2/platforms/chibios/vendors/RP/pico_sdk_shims.o
LOAD .build/obj_fingerpunch_ximi_v2/./lib/pico-sdk/src/rp2_common/pico_divider/divider.o
LOAD .build/obj_fingerpunch_ximi_v2/./lib/pico-sdk/src/rp2_common/pico_int64_ops/pico_int64_ops_aeabi.o
                0x00000800                        __process_stack_size__ = 0x800
                0x00000400                        __main_stack_size__ = 0x400
LOAD /opt/homebrew/Cellar/arm-none-eabi-gcc@8/8.5.0_2/lib/arm-none-eabi-gcc/8/gcc/arm-none-eabi/8.5.0/../../../../../../arm-none-eabi/lib/thumb/v6-m/nofp/libm.a
START GROUP
LOAD /opt/homebrew/Cellar/arm-none-eabi-gcc@8/8.5.0_2/lib/arm-none-eabi-gcc/8/gcc/arm-none-eabi/8.5.0/thumb/v6-m/nofp/libgcc.a
LOAD /opt/homebrew/Cellar/arm-none-eabi-gcc@8/8.5.0_2/lib/arm-none-eabi-gcc/8/gcc/arm-none-eabi/8.5.0/../../../../../../arm-none-eabi/lib/thumb/v6-m/nofp/libg_nano.a
LOAD /opt/homebrew/Cellar/arm-none-eabi-gcc@8/8.5.0_2/lib/arm-none-eabi-gcc/8/gcc/arm-none-eabi/8.5.0/../../../../../../arm-none-eabi/lib/thumb/v6-m/nofp/libc_nano.a
END GROUP
START GROUP
LOAD /opt/homebrew/Cellar/arm-none-eabi-gcc@8/8.5.0_2/lib/arm-none-eabi-gcc/8/gcc/arm-none-eabi/8.5.0/thumb/v6-m/nofp/libgcc.a
LOAD /opt/homebrew/Cellar/arm-none-eabi-gcc@8/8.5.0_2/lib/arm-none-eabi-gcc/8/gcc/arm-none-eabi/8.5.0/../../../../../../arm-none-eabi/lib/thumb/v6-m/nofp/libc_nano.a
END GROUP

.flash_begin    0x10000000        0x0
                0x10000000                        __flash_binary_start = .

.boot2          0x10000000      0x100
                0x10000000                        __boot2_start__ = .
 *(.boot2)
 .boot2         0x10000000      0x100 /tmp/cc8IvcX0.ltrans0.ltrans.o
                0x10000000                BOOT2_ROM
                0x10000100                        __boot2_end__ = .

.mstack         0x20040000      0x400
                0x20040000                        . = ALIGN (0x8)
                0x20040000                        __main_stack_base__ = .
                0x20040400                        . = (. + __main_stack_size__)
 *fill*         0x20040000      0x400 
                0x20040400                        . = ALIGN (0x8)
                0x20040400                        __main_stack_end__ = .

.pstack         0x20040400      0x800
                0x20040400                        . = ALIGN (0x8)
                0x20040400                        __process_stack_base__ = .
                0x20040400                        __main_thread_stack_base__ = .
                0x20040c00                        . = (. + __process_stack_size__)
 *fill*         0x20040400      0x800 
                0x20040c00                        . = ALIGN (0x8)
                0x20040c00                        __process_stack_end__ = .
                0x20040c00                        __main_thread_stack_end__ = .
                0x00000400                        __c1_main_stack_size__ = __main_stack_size__
                0x00000800                        __c1_process_stack_size__ = __process_stack_size__

.c1_mstack      0x20041000      0x400
                0x20041000                        . = ALIGN (0x8)
                0x20041000                        __c1_main_stack_base__ = .
                0x20041400                        . = (. + __c1_main_stack_size__)
 *fill*         0x20041000      0x400 
                0x20041400                        . = ALIGN (0x8)
                0x20041400                        __c1_main_stack_end__ = .

.c1_pstack      0x20041400      0x800
                0x20041400                        . = ALIGN (0x8)
                0x20041400                        __c1_process_stack_base__ = .
                0x20041400                        __c1_main_thread_stack_base__ = .
                0x20041c00                        . = (. + __c1_process_stack_size__)
 *fill*         0x20041400      0x800 
                0x20041c00                        . = ALIGN (0x8)
                0x20041c00                        __c1_process_stack_end__ = .
                0x20041c00                        __c1_main_thread_stack_end__ = .

.vectors        0x10000100       0xc0
                0x10000100                        __textvectors_base__ = LOADADDR (.vectors)
                0x10000100                        __vectors_base__ = .
 *(.vectors)
 .vectors       0x10000100       0xc0 .build/obj_fingerpunch_ximi_v2_vial/./lib/chibios/os/common/startup/ARMCMx/compilers/GCC/vectors.o
                0x10000100                _vectors
                0x100001c0                        __vectors_end__ = .

.xtors          0x100001c0        0x0
                0x100001c0                        __init_array_base__ = .
 *(SORT_BY_NAME(.init_array.*))
 *(.init_array)
                0x100001c0                        __init_array_end__ = .
                0x100001c0                        __fini_array_base__ = .
 *(.fini_array)
 *(SORT_BY_NAME(.fini_array.*))
                0x100001c0                        __fini_array_end__ = .

.text           0x100001c0    0x10ba8
                0x100001c0                        __text_base__ = .
 *(.text)
 .text          0x100001c0      0x104 .build/obj_fingerpunch_ximi_v2_vial/./lib/chibios/os/common/startup/ARMCMx/compilers/GCC/crt0_v6m.o
                0x100001c0                _crt0_entry
 .text          0x100002c4        0x8 .build/obj_fingerpunch_ximi_v2_vial/./lib/chibios/os/common/startup/ARMCMx/compilers/GCC/vectors.o
                0x100002c4                Reset_Handler
                0x100002c6                Vector9C
                0x100002c6                VectorAC
                0x100002c6                DebugMon_Handler
                0x100002c6                Vector5C
                0x100002c6                HardFault_Handler
                0x100002c6                Vector8C
                0x100002c6                SysTick_Handler
                0x100002c6                PendSV_Handler
                0x100002c6                Vector94
                0x100002c6                VectorA8
                0x100002c6                VectorB4
                0x100002c6                Vector74
                0x100002c6                UsageFault_Handler
                0x100002c6                VectorBC
                0x100002c6                Vector98
                0x100002c6                Vector24
                0x100002c6                Vector84
                0x100002c6                SecureFault_Handler
                0x100002c6                MemManage_Handler
                0x100002c6                SVC_Handler
                0x100002c6                VectorB0
                0x100002c6                Vector90
                0x100002c6                Vector60
                0x100002c6                Vector68
                0x100002c6                Vector78
                0x100002c6                Vector20
                0x100002c6                Vector58
                0x100002c6                Vector88
                0x100002c6                BusFault_Handler
                0x100002c6                Vector28
                0x100002c6                VectorB8
                0x100002c6                Vector34
                0x100002c6                VectorA4
                0x100002ca                _unhandled_exception
 .text          0x100002cc       0x48 .build/obj_fingerpunch_ximi_v2_vial/./lib/chibios/os/common/ports/ARMv6-M-RP2/compilers/GCC/chcoreasm.o
                0x100002cc                __port_switch
                0x100002ec                __port_thread_start
                0x100002fe                __port_switch_from_isr
                0x10000302                __port_exit_from_isr
 .text          0x10000314        0x4 /opt/homebrew/Cellar/arm-none-eabi-gcc@8/8.5.0_2/lib/arm-none-eabi-gcc/8/gcc/arm-none-eabi/8.5.0/thumb/v6-m/nofp/libgcc.a(_dvmd_tls.o)
                0x10000314                __aeabi_ldiv0
                0x10000314                __aeabi_idiv0
 .text          0x10000318       0x30 /opt/homebrew/Cellar/arm-none-eabi-gcc@8/8.5.0_2/lib/arm-none-eabi-gcc/8/gcc/arm-none-eabi/8.5.0/thumb/v6-m/nofp/libgcc.a(_fixunssfsi.o)
                0x10000318                __aeabi_f2uiz
                0x10000318                __fixunssfsi
 .text          0x10000348      0x230 /opt/homebrew/Cellar/arm-none-eabi-gcc@8/8.5.0_2/lib/arm-none-eabi-gcc/8/gcc/arm-none-eabi/8.5.0/thumb/v6-m/nofp/libgcc.a(divsf3.o)
                0x10000348                __aeabi_fdiv
 .text          0x10000578      0x22c /opt/homebrew/Cellar/arm-none-eabi-gcc@8/8.5.0_2/lib/arm-none-eabi-gcc/8/gcc/arm-none-eabi/8.5.0/thumb/v6-m/nofp/libgcc.a(mulsf3.o)
                0x10000578                __aeabi_fmul
 .text          0x100007a4      0x344 /opt/homebrew/Cellar/arm-none-eabi-gcc@8/8.5.0_2/lib/arm-none-eabi-gcc/8/gcc/arm-none-eabi/8.5.0/thumb/v6-m/nofp/libgcc.a(subsf3.o)
                0x100007a4                __aeabi_fsub
 .text          0x10000ae8       0x40 /opt/homebrew/Cellar/arm-none-eabi-gcc@8/8.5.0_2/lib/arm-none-eabi-gcc/8/gcc/arm-none-eabi/8.5.0/thumb/v6-m/nofp/libgcc.a(fixsfsi.o)
                0x10000ae8                __aeabi_f2iz
 .text          0x10000b28       0x80 /opt/homebrew/Cellar/arm-none-eabi-gcc@8/8.5.0_2/lib/arm-none-eabi-gcc/8/gcc/arm-none-eabi/8.5.0/thumb/v6-m/nofp/libgcc.a(floatunsisf.o)
                0x10000b28                __aeabi_ui2f
 .text          0x10000ba8       0x74 /opt/homebrew/Cellar/arm-none-eabi-gcc@8/8.5.0_2/lib/arm-none-eabi-gcc/8/gcc/arm-none-eabi/8.5.0/thumb/v6-m/nofp/libgcc.a(_arm_cmpsf2.o)
                0x10000ba8                __aeabi_cfrcmple
                0x10000bb0                __aeabi_cfcmple
                0x10000bb0                __aeabi_cfcmpeq
                0x10000bc0                __aeabi_fcmpeq
                0x10000bcc                __aeabi_fcmplt
                0x10000be0                __aeabi_fcmple
                0x10000bf4                __aeabi_fcmpgt
                0x10000c08                __aeabi_fcmpge
 .text          0x10000c1c       0x3c /opt/homebrew/Cellar/arm-none-eabi-gcc@8/8.5.0_2/lib/arm-none-eabi-gcc/8/gcc/arm-none-eabi/8.5.0/thumb/v6-m/nofp/libgcc.a(_clzsi2.o)
                0x10000c1c                __clzsi2
 .text          0x10000c58       0x50 /opt/homebrew/Cellar/arm-none-eabi-gcc@8/8.5.0_2/lib/arm-none-eabi-gcc/8/gcc/arm-none-eabi/8.5.0/thumb/v6-m/nofp/libgcc.a(eqsf2.o)
                0x10000c58                __nesf2
                0x10000c58                __eqsf2
 .text          0x10000ca8       0x98 /opt/homebrew/Cellar/arm-none-eabi-gcc@8/8.5.0_2/lib/arm-none-eabi-gcc/8/gcc/arm-none-eabi/8.5.0/thumb/v6-m/nofp/libgcc.a(gesf2.o)
                0x10000ca8                __gtsf2
                0x10000ca8                __gesf2
 .text          0x10000d40       0x94 /opt/homebrew/Cellar/arm-none-eabi-gcc@8/8.5.0_2/lib/arm-none-eabi-gcc/8/gcc/arm-none-eabi/8.5.0/thumb/v6-m/nofp/libgcc.a(lesf2.o)
                0x10000d40                __lesf2
                0x10000d40                __ltsf2
 .text          0x10000dd4       0x14 /opt/homebrew/Cellar/arm-none-eabi-gcc@8/8.5.0_2/lib/arm-none-eabi-gcc/8/gcc/arm-none-eabi/8.5.0/thumb/v6-m/nofp/libgcc.a(_thumb1_case_sqi.o)
                0x10000dd4                __gnu_thumb1_case_sqi
 .text          0x10000de8       0x14 /opt/homebrew/Cellar/arm-none-eabi-gcc@8/8.5.0_2/lib/arm-none-eabi-gcc/8/gcc/arm-none-eabi/8.5.0/thumb/v6-m/nofp/libgcc.a(_thumb1_case_uqi.o)
                0x10000de8                __gnu_thumb1_case_uqi
 .text          0x10000dfc       0x14 /opt/homebrew/Cellar/arm-none-eabi-gcc@8/8.5.0_2/lib/arm-none-eabi-gcc/8/gcc/arm-none-eabi/8.5.0/thumb/v6-m/nofp/libgcc.a(_thumb1_case_shi.o)
                0x10000dfc                __gnu_thumb1_case_shi
 .text          0x10000e10       0x14 /opt/homebrew/Cellar/arm-none-eabi-gcc@8/8.5.0_2/lib/arm-none-eabi-gcc/8/gcc/arm-none-eabi/8.5.0/thumb/v6-m/nofp/libgcc.a(_thumb1_case_uhi.o)
                0x10000e10                __gnu_thumb1_case_uhi
 .text          0x10000e24       0x7c /opt/homebrew/Cellar/arm-none-eabi-gcc@8/8.5.0_2/lib/arm-none-eabi-gcc/8/gcc/arm-none-eabi/8.5.0/thumb/v6-m/nofp/libgcc.a(_arm_cmpdf2.o)
                0x10000e24                __aeabi_cdrcmple
                0x10000e34                __aeabi_cdcmple
                0x10000e34                __aeabi_cdcmpeq
                0x10000e44                __aeabi_dcmpeq
                0x10000e50                __aeabi_dcmplt
                0x10000e64                __aeabi_dcmple
                0x10000e78                __aeabi_dcmpgt
                0x10000e8c                __aeabi_dcmpge
 .text          0x10000ea0       0x40 /opt/homebrew/Cellar/arm-none-eabi-gcc@8/8.5.0_2/lib/arm-none-eabi-gcc/8/gcc/arm-none-eabi/8.5.0/thumb/v6-m/nofp/libgcc.a(_ctzsi2.o)
                0x10000ea0                __ctzsi2
 .text          0x10000ee0       0x3c /opt/homebrew/Cellar/arm-none-eabi-gcc@8/8.5.0_2/lib/arm-none-eabi-gcc/8/gcc/arm-none-eabi/8.5.0/thumb/v6-m/nofp/libgcc.a(_fixunsdfsi.o)
                0x10000ee0                __fixunsdfsi
                0x10000ee0                __aeabi_d2uiz
 .text          0x10000f1c      0x2f0 /opt/homebrew/Cellar/arm-none-eabi-gcc@8/8.5.0_2/lib/arm-none-eabi-gcc/8/gcc/arm-none-eabi/8.5.0/thumb/v6-m/nofp/libgcc.a(addsf3.o)
                0x10000f1c                __aeabi_fadd
 .text          0x1000120c       0x94 /opt/homebrew/Cellar/arm-none-eabi-gcc@8/8.5.0_2/lib/arm-none-eabi-gcc/8/gcc/arm-none-eabi/8.5.0/thumb/v6-m/nofp/libgcc.a(floatsisf.o)
                0x1000120c                __aeabi_i2f
 .text          0x100012a0      0x6ec /opt/homebrew/Cellar/arm-none-eabi-gcc@8/8.5.0_2/lib/arm-none-eabi-gcc/8/gcc/arm-none-eabi/8.5.0/thumb/v6-m/nofp/libgcc.a(adddf3.o)
                0x100012a0                __aeabi_dadd
 .text          0x1000198c      0x5b8 /opt/homebrew/Cellar/arm-none-eabi-gcc@8/8.5.0_2/lib/arm-none-eabi-gcc/8/gcc/arm-none-eabi/8.5.0/thumb/v6-m/nofp/libgcc.a(divdf3.o)
                0x1000198c                __aeabi_ddiv
 .text          0x10001f44       0x80 /opt/homebrew/Cellar/arm-none-eabi-gcc@8/8.5.0_2/lib/arm-none-eabi-gcc/8/gcc/arm-none-eabi/8.5.0/thumb/v6-m/nofp/libgcc.a(eqdf2.o)
                0x10001f44                __eqdf2
                0x10001f44                __nedf2
 .text          0x10001fc4       0xe0 /opt/homebrew/Cellar/arm-none-eabi-gcc@8/8.5.0_2/lib/arm-none-eabi-gcc/8/gcc/arm-none-eabi/8.5.0/thumb/v6-m/nofp/libgcc.a(gedf2.o)
                0x10001fc4                __gtdf2
                0x10001fc4                __gedf2
 .text          0x100020a4       0xdc /opt/homebrew/Cellar/arm-none-eabi-gcc@8/8.5.0_2/lib/arm-none-eabi-gcc/8/gcc/arm-none-eabi/8.5.0/thumb/v6-m/nofp/libgcc.a(ledf2.o)
                0x100020a4                __ltdf2
                0x100020a4                __ledf2
 .text          0x10002180      0x4e4 /opt/homebrew/Cellar/arm-none-eabi-gcc@8/8.5.0_2/lib/arm-none-eabi-gcc/8/gcc/arm-none-eabi/8.5.0/thumb/v6-m/nofp/libgcc.a(muldf3.o)
                0x10002180                __aeabi_dmul
 .text          0x10002664      0x734 /opt/homebrew/Cellar/arm-none-eabi-gcc@8/8.5.0_2/lib/arm-none-eabi-gcc/8/gcc/arm-none-eabi/8.5.0/thumb/v6-m/nofp/libgcc.a(subdf3.o)
                0x10002664                __aeabi_dsub
 .text          0x10002d98       0x38 /opt/homebrew/Cellar/arm-none-eabi-gcc@8/8.5.0_2/lib/arm-none-eabi-gcc/8/gcc/arm-none-eabi/8.5.0/thumb/v6-m/nofp/libgcc.a(unorddf2.o)
                0x10002d98                __aeabi_dcmpun
 .text          0x10002dd0       0x6c /opt/homebrew/Cellar/arm-none-eabi-gcc@8/8.5.0_2/lib/arm-none-eabi-gcc/8/gcc/arm-none-eabi/8.5.0/thumb/v6-m/nofp/libgcc.a(fixdfsi.o)
                0x10002dd0                __aeabi_d2iz
 .text          0x10002e3c       0x78 /opt/homebrew/Cellar/arm-none-eabi-gcc@8/8.5.0_2/lib/arm-none-eabi-gcc/8/gcc/arm-none-eabi/8.5.0/thumb/v6-m/nofp/libgcc.a(floatsidf.o)
                0x10002e3c                __aeabi_i2d
 .text          0x10002eb4       0xa4 /opt/homebrew/Cellar/arm-none-eabi-gcc@8/8.5.0_2/lib/arm-none-eabi-gcc/8/gcc/arm-none-eabi/8.5.0/thumb/v6-m/nofp/libgcc.a(extendsfdf2.o)
                0x10002eb4                __aeabi_f2d
 .text          0x10002f58      0x110 /opt/homebrew/Cellar/arm-none-eabi-gcc@8/8.5.0_2/lib/arm-none-eabi-gcc/8/gcc/arm-none-eabi/8.5.0/thumb/v6-m/nofp/libgcc.a(truncdfsf2.o)
                0x10002f58                __aeabi_d2f
 .text          0x10003068        0xc /opt/homebrew/Cellar/arm-none-eabi-gcc@8/8.5.0_2/lib/arm-none-eabi-gcc/8/gcc/arm-none-eabi/8.5.0/../../../../../../arm-none-eabi/lib/thumb/v6-m/nofp/libg_nano.a(lib_a-errno.o)
                0x10003068                __errno
 .text          0x10003074       0xa8 /opt/homebrew/Cellar/arm-none-eabi-gcc@8/8.5.0_2/lib/arm-none-eabi-gcc/8/gcc/arm-none-eabi/8.5.0/../../../../../../arm-none-eabi/lib/thumb/v6-m/nofp/libg_nano.a(lib_a-memcpy-stub.o)
                0x10003074                memcpy
 .text          0x1000311c       0xe8 /opt/homebrew/Cellar/arm-none-eabi-gcc@8/8.5.0_2/lib/arm-none-eabi-gcc/8/gcc/arm-none-eabi/8.5.0/../../../../../../arm-none-eabi/lib/thumb/v6-m/nofp/libg_nano.a(lib_a-rand.o)
                0x1000311c                srand
                0x1000317c                rand
 .text          0x10003204       0x4c /opt/homebrew/Cellar/arm-none-eabi-gcc@8/8.5.0_2/lib/arm-none-eabi-gcc/8/gcc/arm-none-eabi/8.5.0/../../../../../../arm-none-eabi/lib/thumb/v6-m/nofp/libg_nano.a(lib_a-assert.o)
                0x10003204                __assert_func
                0x10003244                __assert
 .text          0x10003250       0x3c /opt/homebrew/Cellar/arm-none-eabi-gcc@8/8.5.0_2/lib/arm-none-eabi-gcc/8/gcc/arm-none-eabi/8.5.0/../../../../../../arm-none-eabi/lib/thumb/v6-m/nofp/libg_nano.a(lib_a-fprintf.o)
                0x10003250                _fprintf_r
                0x10003250                _fiprintf_r
                0x10003268                fprintf
                0x10003268                fiprintf
 .text          0x1000328c       0x28 /opt/homebrew/Cellar/arm-none-eabi-gcc@8/8.5.0_2/lib/arm-none-eabi-gcc/8/gcc/arm-none-eabi/8.5.0/../../../../../../arm-none-eabi/lib/thumb/v6-m/nofp/libg_nano.a(lib_a-malloc.o)
                0x1000328c                malloc
                0x100032a0                free
 .text          0x100032b4       0xac /opt/homebrew/Cellar/arm-none-eabi-gcc@8/8.5.0_2/lib/arm-none-eabi-gcc/8/gcc/arm-none-eabi/8.5.0/../../../../../../arm-none-eabi/lib/thumb/v6-m/nofp/libg_nano.a(lib_a-nano-freer.o)
                0x100032b4                _free_r
 .text          0x10003360       0xcc /opt/homebrew/Cellar/arm-none-eabi-gcc@8/8.5.0_2/lib/arm-none-eabi-gcc/8/gcc/arm-none-eabi/8.5.0/../../../../../../arm-none-eabi/lib/thumb/v6-m/nofp/libg_nano.a(lib_a-nano-mallocr.o)
                0x10003360                _malloc_r
 .text          0x1000342c      0x3cc /opt/homebrew/Cellar/arm-none-eabi-gcc@8/8.5.0_2/lib/arm-none-eabi-gcc/8/gcc/arm-none-eabi/8.5.0/../../../../../../arm-none-eabi/lib/thumb/v6-m/nofp/libg_nano.a(lib_a-nano-vfprintf.o)
                0x10003454                __sfputs_r
                0x10003480                __sprint_r
                0x1000349c                _vfiprintf_r
                0x1000349c                _vfprintf_r
                0x100037e0                vfiprintf
                0x100037e0                vfprintf
 .text          0x100037f8      0x3d8 /opt/homebrew/Cellar/arm-none-eabi-gcc@8/8.5.0_2/lib/arm-none-eabi-gcc/8/gcc/arm-none-eabi/8.5.0/../../../../../../arm-none-eabi/lib/thumb/v6-m/nofp/libg_nano.a(lib_a-nano-vfprintf_i.o)
                0x100037f8                _printf_common
                0x10003928                _printf_i
 .text          0x10003bd0       0xec /opt/homebrew/Cellar/arm-none-eabi-gcc@8/8.5.0_2/lib/arm-none-eabi-gcc/8/gcc/arm-none-eabi/8.5.0/../../../../../../arm-none-eabi/lib/thumb/v6-m/nofp/libg_nano.a(lib_a-wbuf.o)
                0x10003bd0                __swbuf_r
                0x10003ca4                __swbuf
 .text          0x10003cbc      0x10c /opt/homebrew/Cellar/arm-none-eabi-gcc@8/8.5.0_2/lib/arm-none-eabi-gcc/8/gcc/arm-none-eabi/8.5.0/../../../../../../arm-none-eabi/lib/thumb/v6-m/nofp/libg_nano.a(lib_a-wsetup.o)
                0x10003cbc                __swsetup_r
 .text          0x10003dc8       0x10 /opt/homebrew/Cellar/arm-none-eabi-gcc@8/8.5.0_2/lib/arm-none-eabi-gcc/8/gcc/arm-none-eabi/8.5.0/../../../../../../arm-none-eabi/lib/thumb/v6-m/nofp/libg_nano.a(lib_a-abort.o)
                0x10003dc8                abort
 .text          0x10003dd8      0x1e4 /opt/homebrew/Cellar/arm-none-eabi-gcc@8/8.5.0_2/lib/arm-none-eabi-gcc/8/gcc/arm-none-eabi/8.5.0/../../../../../../arm-none-eabi/lib/thumb/v6-m/nofp/libg_nano.a(lib_a-fflush.o)
                0x10003dd8                __sflush_r
                0x10003f0c                _fflush_r
                0x10003f94                fflush
 .text          0x10003fbc      0x2dc /opt/homebrew/Cellar/arm-none-eabi-gcc@8/8.5.0_2/lib/arm-none-eabi-gcc/8/gcc/arm-none-eabi/8.5.0/../../../../../../arm-none-eabi/lib/thumb/v6-m/nofp/libg_nano.a(lib_a-findfp.o)
                0x10003fbc                _cleanup_r
                0x10004004                __sfmoreglue
                0x10004034                _cleanup
                0x1000404c                __sinit
                0x10004174                __sfp
                0x10004218                __sfp_lock_acquire
                0x10004228                __sfp_lock_release
                0x10004238                __sinit_lock_acquire
                0x10004248                __sinit_lock_release
                0x10004258                __fp_lock_all
                0x10004278                __fp_unlock_all
 .text          0x10004298      0x320 /opt/homebrew/Cellar/arm-none-eabi-gcc@8/8.5.0_2/lib/arm-none-eabi-gcc/8/gcc/arm-none-eabi/8.5.0/../../../../../../arm-none-eabi/lib/thumb/v6-m/nofp/libg_nano.a(lib_a-fvwrite.o)
                0x10004298                __sfvwrite_r
 .text          0x100045b8       0x90 /opt/homebrew/Cellar/arm-none-eabi-gcc@8/8.5.0_2/lib/arm-none-eabi-gcc/8/gcc/arm-none-eabi/8.5.0/../../../../../../arm-none-eabi/lib/thumb/v6-m/nofp/libg_nano.a(lib_a-fwalk.o)
                0x100045b8                _fwalk
                0x100045fc                _fwalk_reent
 .text          0x10004648       0x28 /opt/homebrew/Cellar/arm-none-eabi-gcc@8/8.5.0_2/lib/arm-none-eabi-gcc/8/gcc/arm-none-eabi/8.5.0/../../../../../../arm-none-eabi/lib/thumb/v6-m/nofp/libg_nano.a(lib_a-lock.o)
                0x10004648                __retarget_lock_init
                0x1000464c                __retarget_lock_init_recursive
                0x10004650                __retarget_lock_close
                0x10004654                __retarget_lock_close_recursive
                0x10004658                __retarget_lock_acquire
                0x1000465c                __retarget_lock_acquire_recursive
                0x10004660                __retarget_lock_try_acquire
                0x10004664                __retarget_lock_try_acquire_recursive
                0x10004668                __retarget_lock_release
                0x1000466c                __retarget_lock_release_recursive
 .text          0x10004670       0xe0 /opt/homebrew/Cellar/arm-none-eabi-gcc@8/8.5.0_2/lib/arm-none-eabi-gcc/8/gcc/arm-none-eabi/8.5.0/../../../../../../arm-none-eabi/lib/thumb/v6-m/nofp/libg_nano.a(lib_a-makebuf.o)
                0x10004670                __swhatbuf_r
                0x100046c0                __smakebuf_r
 .text          0x10004750       0x80 /opt/homebrew/Cellar/arm-none-eabi-gcc@8/8.5.0_2/lib/arm-none-eabi-gcc/8/gcc/arm-none-eabi/8.5.0/../../../../../../arm-none-eabi/lib/thumb/v6-m/nofp/libg_nano.a(lib_a-memchr-stub.o)
                0x10004750                memchr
 .text          0x100047d0       0xbc /opt/homebrew/Cellar/arm-none-eabi-gcc@8/8.5.0_2/lib/arm-none-eabi-gcc/8/gcc/arm-none-eabi/8.5.0/../../../../../../arm-none-eabi/lib/thumb/v6-m/nofp/libg_nano.a(lib_a-memmove.o)
                0x100047d0                memmove
 .text          0x1000488c       0xa8 /opt/homebrew/Cellar/arm-none-eabi-gcc@8/8.5.0_2/lib/arm-none-eabi-gcc/8/gcc/arm-none-eabi/8.5.0/../../../../../../arm-none-eabi/lib/thumb/v6-m/nofp/libg_nano.a(lib_a-memset.o)
                0x1000488c                memset
 .text          0x10004934       0x20 /opt/homebrew/Cellar/arm-none-eabi-gcc@8/8.5.0_2/lib/arm-none-eabi-gcc/8/gcc/arm-none-eabi/8.5.0/../../../../../../arm-none-eabi/lib/thumb/v6-m/nofp/libg_nano.a(lib_a-mlock.o)
                0x10004934                __malloc_lock
                0x10004944                __malloc_unlock
 .text          0x10004954       0x50 /opt/homebrew/Cellar/arm-none-eabi-gcc@8/8.5.0_2/lib/arm-none-eabi-gcc/8/gcc/arm-none-eabi/8.5.0/../../../../../../arm-none-eabi/lib/thumb/v6-m/nofp/libg_nano.a(lib_a-nano-reallocr.o)
                0x10004954                _realloc_r
 .text          0x100049a4      0x178 /opt/homebrew/Cellar/arm-none-eabi-gcc@8/8.5.0_2/lib/arm-none-eabi-gcc/8/gcc/arm-none-eabi/8.5.0/../../../../../../arm-none-eabi/lib/thumb/v6-m/nofp/libg_nano.a(lib_a-signal.o)
                0x100049cc                _init_signal_r
                0x100049e4                _signal_r
                0x10004a1c                _raise_r
                0x10004a74                __sigtramp_r
                0x10004ac0                raise
                0x10004ad4                signal
                0x10004aec                _init_signal
                0x10004b08                __sigtramp
 .text          0x10004b1c       0x30 /opt/homebrew/Cellar/arm-none-eabi-gcc@8/8.5.0_2/lib/arm-none-eabi-gcc/8/gcc/arm-none-eabi/8.5.0/../../../../../../arm-none-eabi/lib/thumb/v6-m/nofp/libg_nano.a(lib_a-signalr.o)
                0x10004b1c                _kill_r
                0x10004b44                _getpid_r
 .text          0x10004b4c       0xa4 /opt/homebrew/Cellar/arm-none-eabi-gcc@8/8.5.0_2/lib/arm-none-eabi-gcc/8/gcc/arm-none-eabi/8.5.0/../../../../../../arm-none-eabi/lib/thumb/v6-m/nofp/libg_nano.a(lib_a-stdio.o)
                0x10004b4c                __sread
                0x10004b74                __seofread
                0x10004b78                __swrite
                0x10004bb8                __sseek
                0x10004be4                __sclose
 .text          0x10004bf0       0x14 /opt/homebrew/Cellar/arm-none-eabi-gcc@8/8.5.0_2/lib/arm-none-eabi-gcc/8/gcc/arm-none-eabi/8.5.0/../../../../../../arm-none-eabi/lib/thumb/v6-m/nofp/libg_nano.a(lib_a-nano-msizer.o)
                0x10004bf0                _malloc_usable_size_r
 .text          0x10004c04       0x50 /opt/homebrew/Cellar/arm-none-eabi-gcc@8/8.5.0_2/lib/arm-none-eabi-gcc/8/gcc/arm-none-eabi/8.5.0/../../../../../../arm-none-eabi/lib/thumb/v6-m/nofp/libg_nano.a(lib_a-memcmp.o)
                0x10004c04                memcmp
 .text          0x10004c54       0x74 /opt/homebrew/Cellar/arm-none-eabi-gcc@8/8.5.0_2/lib/arm-none-eabi-gcc/8/gcc/arm-none-eabi/8.5.0/../../../../../../arm-none-eabi/lib/thumb/v6-m/nofp/libm.a(lib_a-w_fmod.o)
                0x10004c54                fmod
 .text          0x10004cc8      0x184 /opt/homebrew/Cellar/arm-none-eabi-gcc@8/8.5.0_2/lib/arm-none-eabi-gcc/8/gcc/arm-none-eabi/8.5.0/../../../../../../arm-none-eabi/lib/thumb/v6-m/nofp/libm.a(lib_a-w_pow.o)
                0x10004cc8                pow
 .text          0x10004e4c      0x2a0 /opt/homebrew/Cellar/arm-none-eabi-gcc@8/8.5.0_2/lib/arm-none-eabi-gcc/8/gcc/arm-none-eabi/8.5.0/../../../../../../arm-none-eabi/lib/thumb/v6-m/nofp/libm.a(lib_a-e_fmod.o)
                0x10004e4c                __ieee754_fmod
 .text          0x100050ec      0xacc /opt/homebrew/Cellar/arm-none-eabi-gcc@8/8.5.0_2/lib/arm-none-eabi-gcc/8/gcc/arm-none-eabi/8.5.0/../../../../../../arm-none-eabi/lib/thumb/v6-m/nofp/libm.a(lib_a-e_pow.o)
                0x100050ec                __ieee754_pow
 .text          0x10005bb8      0x1b4 /opt/homebrew/Cellar/arm-none-eabi-gcc@8/8.5.0_2/lib/arm-none-eabi-gcc/8/gcc/arm-none-eabi/8.5.0/../../../../../../arm-none-eabi/lib/thumb/v6-m/nofp/libm.a(lib_a-e_sqrt.o)
                0x10005bb8                __ieee754_sqrt
 .text          0x10005d6c        0x8 /opt/homebrew/Cellar/arm-none-eabi-gcc@8/8.5.0_2/lib/arm-none-eabi-gcc/8/gcc/arm-none-eabi/8.5.0/../../../../../../arm-none-eabi/lib/thumb/v6-m/nofp/libm.a(lib_a-s_fabs.o)
                0x10005d6c                fabs
 .text          0x10005d74       0x14 /opt/homebrew/Cellar/arm-none-eabi-gcc@8/8.5.0_2/lib/arm-none-eabi-gcc/8/gcc/arm-none-eabi/8.5.0/../../../../../../arm-none-eabi/lib/thumb/v6-m/nofp/libm.a(lib_a-s_finite.o)
                0x10005d74                finite
 .text          0x10005d88        0xc /opt/homebrew/Cellar/arm-none-eabi-gcc@8/8.5.0_2/lib/arm-none-eabi-gcc/8/gcc/arm-none-eabi/8.5.0/../../../../../../arm-none-eabi/lib/thumb/v6-m/nofp/libm.a(lib_a-s_nan.o)
                0x10005d88                nan
 .text          0x10005d94      0x110 /opt/homebrew/Cellar/arm-none-eabi-gcc@8/8.5.0_2/lib/arm-none-eabi-gcc/8/gcc/arm-none-eabi/8.5.0/../../../../../../arm-none-eabi/lib/thumb/v6-m/nofp/libm.a(lib_a-s_rint.o)
                0x10005d94                rint
 .text          0x10005ea4       0xf8 /opt/homebrew/Cellar/arm-none-eabi-gcc@8/8.5.0_2/lib/arm-none-eabi-gcc/8/gcc/arm-none-eabi/8.5.0/../../../../../../arm-none-eabi/lib/thumb/v6-m/nofp/libm.a(lib_a-s_scalbn.o)
                0x10005ea4                scalbn
 *(.text.*)
 .text.clock_configure.part.0.constprop.46
                0x10005f9c       0xc4 /tmp/cc8IvcX0.ltrans0.ltrans.o
 .text.clocks_init
                0x10006060      0x198 /tmp/cc8IvcX0.ltrans0.ltrans.o
 .text.usb_lld_stall_in
                0x100061f8       0x40 /tmp/cc8IvcX0.ltrans0.ltrans.o
 .text.usb_lld_stall_out
                0x10006238       0x40 /tmp/cc8IvcX0.ltrans0.ltrans.o
 .text.usb_prepare_out_ep
                0x10006278       0x90 /tmp/cc8IvcX0.ltrans0.ltrans.o
 .text.usb_isochronous_buffer_size
                0x10006308       0x44 /tmp/cc8IvcX0.ltrans0.ltrans.o
 .text.usb_lld_init_endpoint
                0x1000634c      0x13c /tmp/cc8IvcX0.ltrans0.ltrans.o
 .text.usb_lld_reset.constprop.72
                0x10006488       0x54 /tmp/cc8IvcX0.ltrans0.ltrans.o
 .text.hal_lld_peripheral_unreset.lto_priv.127
                0x100064dc       0x14 /tmp/cc8IvcX0.ltrans0.ltrans.o
 .text.port_unlock.lto_priv.133
                0x100064f0       0x12 /tmp/cc8IvcX0.ltrans0.ltrans.o
 .text.port_lock.lto_priv.153
                0x10006502       0x16 /tmp/cc8IvcX0.ltrans0.ltrans.o
 .text.pwmStop.constprop.108
                0x10006518       0x7c /tmp/cc8IvcX0.ltrans0.ltrans.o
 .text.dmaChannelDisableX.lto_priv.172
                0x10006594       0x30 /tmp/cc8IvcX0.ltrans0.ltrans.o
 .text.dmaChannelSetModeX.lto_priv.174
                0x100065c4       0x14 /tmp/cc8IvcX0.ltrans0.ltrans.o
 .text.dmaChannelFreeI
                0x100065d8       0xb0 /tmp/cc8IvcX0.ltrans0.ltrans.o
 .text.serve_interrupt
                0x10006688       0x28 /tmp/cc8IvcX0.ltrans0.ltrans.o
 .text.usbStartReceiveI
                0x100066b0       0x42 /tmp/cc8IvcX0.ltrans0.ltrans.o
 *fill*         0x100066f2        0x2 
 .text.set_address
                0x100066f4       0x30 /tmp/cc8IvcX0.ltrans0.ltrans.o
 .text.obqPostFullBufferS
                0x10006724       0x2a /tmp/cc8IvcX0.ltrans0.ltrans.o
 .text.obqGetFullBufferI
                0x1000674e       0x1c /tmp/cc8IvcX0.ltrans0.ltrans.o
 .text.ibqReleaseEmptyBufferS
                0x1000676a       0x28 /tmp/cc8IvcX0.ltrans0.ltrans.o
 .text.ch_sch_prio_insert
                0x10006792       0x1e /tmp/cc8IvcX0.ltrans0.ltrans.o
 .text.__idle_thread
                0x100067b0        0x2 /tmp/cc8IvcX0.ltrans0.ltrans.o
 .text.__sch_ready_ahead
                0x100067b2       0x1c /tmp/cc8IvcX0.ltrans0.ltrans.o
 .text.__sch_ready_behind
                0x100067ce       0x1c /tmp/cc8IvcX0.ltrans0.ltrans.o
 .text.__sch_wakeup
                0x100067ea       0x42 /tmp/cc8IvcX0.ltrans0.ltrans.o
 .text.chSchReadyI
                0x1000682c       0x2c /tmp/cc8IvcX0.ltrans0.ltrans.o
 .text.chThdDequeueAllI.constprop.24
                0x10006858       0x1e /tmp/cc8IvcX0.ltrans0.ltrans.o
 .text.chEvtBroadcastFlagsI
                0x10006876       0x4a /tmp/cc8IvcX0.ltrans0.ltrans.o
 .text.vt_insert_first
                0x100068c0       0x78 /tmp/cc8IvcX0.ltrans0.ltrans.o
 .text.vt_set_alarm
                0x10006938       0x4c /tmp/cc8IvcX0.ltrans0.ltrans.o
 .text.chVTDoResetI
                0x10006984       0x80 /tmp/cc8IvcX0.ltrans0.ltrans.o
 .text.ch_dlist_insert
                0x10006a04       0x2a /tmp/cc8IvcX0.ltrans0.ltrans.o
 *fill*         0x10006a2e        0x2 
 .text.chVTDoTickI
                0x10006a30       0xcc /tmp/cc8IvcX0.ltrans0.ltrans.o
 .text.chVTDoSetI
                0x10006afc       0x60 /tmp/cc8IvcX0.ltrans0.ltrans.o
 .text.chSysPolledDelayX
                0x10006b5c       0x14 /tmp/cc8IvcX0.ltrans0.ltrans.o
 .text.chSysHalt
                0x10006b70       0x24 /tmp/cc8IvcX0.ltrans0.ltrans.o
 .text.dummy_usb_cb
                0x10006b94        0x2 /tmp/cc8IvcX0.ltrans0.ltrans.o
 .text.qmkusbInterruptTransmitted
                0x10006b96        0x2 /tmp/cc8IvcX0.ltrans0.ltrans.o
 .text.qmkusb_start_receive
                0x10006b98       0x46 /tmp/cc8IvcX0.ltrans0.ltrans.o
 .text.qmkusbDataReceived
                0x10006bde       0x68 /tmp/cc8IvcX0.ltrans0.ltrans.o
 .text.ibnotify
                0x10006c46        0xa /tmp/cc8IvcX0.ltrans0.ltrans.o
 .text.raw_hid_send.part.7
                0x10006c50       0x14 /tmp/cc8IvcX0.ltrans0.ltrans.o
 .text.keyboard_leds
                0x10006c64        0xc /tmp/cc8IvcX0.ltrans0.ltrans.o
 .text.set_led_transfer_cb
                0x10006c70       0x2c /tmp/cc8IvcX0.ltrans0.ltrans.o
 .text.usb_event_queue_enqueue
                0x10006c9c       0x30 /tmp/cc8IvcX0.ltrans0.ltrans.o
 .text.usb_get_descriptor_cb
                0x10006ccc       0x8c /tmp/cc8IvcX0.ltrans0.ltrans.o
 .text.host_mouse_send
                0x10006d58       0x18 /tmp/cc8IvcX0.ltrans0.ltrans.o
 .text.crc8     0x10006d70       0x2c /tmp/cc8IvcX0.ltrans0.ltrans.o
 .text.reload_tap_dance
                0x10006d9c       0x30 /tmp/cc8IvcX0.ltrans0.ltrans.o
 .text.vial_keycode_firewall
                0x10006dcc       0x1c /tmp/cc8IvcX0.ltrans0.ltrans.o
 .text.backing_store_read_bulk
                0x10006de8       0x20 /tmp/cc8IvcX0.ltrans0.ltrans.o
 .text.backing_store_erase
                0x10006e08       0x20 /tmp/cc8IvcX0.ltrans0.ltrans.o
 .text.wear_leveling_lock
                0x10006e28       0x1c /tmp/cc8IvcX0.ltrans0.ltrans.o
 .text.wear_leveling_unlock
                0x10006e44       0x1c /tmp/cc8IvcX0.ltrans0.ltrans.o
 .text.wear_leveling_write_consolidated
                0x10006e60       0xf4 /tmp/cc8IvcX0.ltrans0.ltrans.o
 .text.wear_leveling_consolidate_if_needed
                0x10006f54       0x34 /tmp/cc8IvcX0.ltrans0.ltrans.o
 .text.wear_leveling_append_raw
                0x10006f88       0x40 /tmp/cc8IvcX0.ltrans0.ltrans.o
 .text.atan2_16
                0x10006fc8       0x44 /tmp/cc8IvcX0.ltrans0.ltrans.o
 .text.sqrt16   0x1000700c       0x48 /tmp/cc8IvcX0.ltrans0.ltrans.o
 .text.cirque_pinnacle_set_cpi
                0x10007054       0x1c /tmp/cc8IvcX0.ltrans0.ltrans.o
 .text.cirque_pinnacle_get_cpi
                0x10007070       0x1c /tmp/cc8IvcX0.ltrans0.ltrans.o
 .text.chVTResetI
                0x1000708c        0xe /tmp/cc8IvcX0.ltrans0.ltrans.o
 *fill*         0x1000709a        0x2 
 .text.usb_request_hook_cb
                0x1000709c      0x218 /tmp/cc8IvcX0.ltrans0.ltrans.o
 .text.audio_driver_stop
                0x100072b4       0x1c /tmp/cc8IvcX0.ltrans0.ltrans.o
 .text.audio_duration_to_ms
                0x100072d0       0x2c /tmp/cc8IvcX0.ltrans0.ltrans.o
 .text.sendchar
                0x100072fc        0x4 /tmp/cc8IvcX0.ltrans0.ltrans.o
 .text.transaction_handler_master.isra.6
                0x10007300       0x4c /tmp/cc8IvcX0.ltrans0.ltrans.o
 .text.setPinInputHigh_atomic
                0x1000734c       0x34 /tmp/cc8IvcX0.ltrans0.ltrans.o
 .text.null_sendchar_func
                0x10007380        0x4 /tmp/cc8IvcX0.ltrans0.ltrans.o
 .text.usbInitEndpointI
                0x10007384       0x36 /tmp/cc8IvcX0.ltrans0.ltrans.o
 *fill*         0x100073ba        0x2 
 .text.usb_event_cb
                0x100073bc      0x144 /tmp/cc8IvcX0.ltrans0.ltrans.o
 .text.wear_leveling_clear_cache
                0x10007500       0x20 /tmp/cc8IvcX0.ltrans0.ltrans.o
 .text.usb_prepare_in_ep_buffer
                0x10007520       0x74 /tmp/cc8IvcX0.ltrans0.ltrans.o
 .text.usb_prepare_in_ep
                0x10007594       0x8c /tmp/cc8IvcX0.ltrans0.ltrans.o
 .text.usbStartTransmitI
                0x10007620       0x28 /tmp/cc8IvcX0.ltrans0.ltrans.o
 .text._usb_ep0out
                0x10007648       0x80 /tmp/cc8IvcX0.ltrans0.ltrans.o
 .text._usb_ep0in
                0x100076c8       0xb0 /tmp/cc8IvcX0.ltrans0.ltrans.o
 .text.qmkusbDataTransmitted
                0x10007778       0xa2 /tmp/cc8IvcX0.ltrans0.ltrans.o
 .text.obnotify
                0x1000781a       0x3c /tmp/cc8IvcX0.ltrans0.ltrans.o
 *fill*         0x10007856        0x2 
 .text.keyboard_idle_timer_cb
                0x10007858       0x88 /tmp/cc8IvcX0.ltrans0.ltrans.o
 .text.usb_sof_cb
                0x100078e0       0xac /tmp/cc8IvcX0.ltrans0.ltrans.o
 .text.wear_leveling_write
                0x1000798c      0x1a0 /tmp/cc8IvcX0.ltrans0.ltrans.o
 .text.chSchGoSleepS
                0x10007b2c       0x2c /tmp/cc8IvcX0.ltrans0.ltrans.o
 .text.chSchGoSleepTimeoutS
                0x10007b58       0x4c /tmp/cc8IvcX0.ltrans0.ltrans.o
 .text.chThdEnqueueTimeoutS
                0x10007ba4       0x34 /tmp/cc8IvcX0.ltrans0.ltrans.o
 .text.obqGetEmptyBufferTimeoutS
                0x10007bd8       0x36 /tmp/cc8IvcX0.ltrans0.ltrans.o
 .text.obqWriteTimeout
                0x10007c0e       0x86 /tmp/cc8IvcX0.ltrans0.ltrans.o
 .text._writet  0x10007c94        0xa /tmp/cc8IvcX0.ltrans0.ltrans.o
 .text._write   0x10007c9e        0xe /tmp/cc8IvcX0.ltrans0.ltrans.o
 .text.obqPutTimeout
                0x10007cac       0x48 /tmp/cc8IvcX0.ltrans0.ltrans.o
 .text._putt    0x10007cf4        0xa /tmp/cc8IvcX0.ltrans0.ltrans.o
 .text._put     0x10007cfe        0xe /tmp/cc8IvcX0.ltrans0.ltrans.o
 .text.ibqGetFullBufferTimeoutS
                0x10007d0c       0x36 /tmp/cc8IvcX0.ltrans0.ltrans.o
 .text.ibqReadTimeout
                0x10007d42       0x82 /tmp/cc8IvcX0.ltrans0.ltrans.o
 .text._readt   0x10007dc4        0xa /tmp/cc8IvcX0.ltrans0.ltrans.o
 .text._read    0x10007dce        0xe /tmp/cc8IvcX0.ltrans0.ltrans.o
 .text.ibqGetTimeout
                0x10007ddc       0x3a /tmp/cc8IvcX0.ltrans0.ltrans.o
 .text._gett    0x10007e16        0xa /tmp/cc8IvcX0.ltrans0.ltrans.o
 .text._get     0x10007e20        0xe /tmp/cc8IvcX0.ltrans0.ltrans.o
 *fill*         0x10007e2e        0x2 
 .text.RAP_Write
                0x10007e30       0x3c /tmp/cc8IvcX0.ltrans0.ltrans.o
 .text.cirque_pinnacle_clear_flags
                0x10007e6c       0x12 /tmp/cc8IvcX0.ltrans0.ltrans.o
 *fill*         0x10007e7e        0x2 
 .text.RAP_ReadBytes
                0x10007e80       0x54 /tmp/cc8IvcX0.ltrans0.ltrans.o
 .text.cirque_pinnacle_enable_feed
                0x10007ed4       0x2c /tmp/cc8IvcX0.ltrans0.ltrans.o
 .text.transport_execute_transaction
                0x10007f00       0x6c /tmp/cc8IvcX0.ltrans0.ltrans.o
 .text.clock_get_hz
                0x10007f6c        0xc /tmp/cc8IvcX0.ltrans0.ltrans.o
                0x10007f6c                clock_get_hz
 .text.waiting_buffer_typed.isra.2.constprop.85
                0x10007f78       0x48 /tmp/cc8IvcX0.ltrans0.ltrans.o
                0x10007f78                waiting_buffer_typed.isra.2.constprop.85
 .text.pio_sm_init
                0x10007fc0       0x84 /tmp/cc8IvcX0.ltrans0.ltrans.o
                0x10007fc0                pio_sm_init
 .text.pio_sm_set_consecutive_pindirs
                0x10008044       0x90 /tmp/cc8IvcX0.ltrans0.ltrans.o
                0x10008044                pio_sm_set_consecutive_pindirs
 .text.pio_sm_set_pins_with_mask
                0x100080d4       0x7a /tmp/cc8IvcX0.ltrans0.ltrans.o
                0x100080d4                pio_sm_set_pins_with_mask
 *fill*         0x1000814e        0x2 
 .text.pio_add_program
                0x10008150       0xd8 /tmp/cc8IvcX0.ltrans0.ltrans.o
                0x10008150                pio_add_program
 .text.pio_claim_unused_sm
                0x10008228       0x84 /tmp/cc8IvcX0.ltrans0.ltrans.o
                0x10008228                pio_claim_unused_sm
 .text.split_shared_memory_lock
                0x100082ac       0x80 /tmp/cc8IvcX0.ltrans0.ltrans.o
                0x100082ac                split_shared_memory_lock
 .text._fini    0x1000832c        0x2 /tmp/cc8IvcX0.ltrans0.ltrans.o
                0x1000832c                _fini
 .text.shutdown_user
                0x1000832e        0x2 /tmp/cc8IvcX0.ltrans0.ltrans.o
                0x1000832e                __cpu_init
                0x1000832e                shutdown_user
 .text._getpid  0x10008330        0x4 /tmp/cc8IvcX0.ltrans0.ltrans.o
                0x10008330                _getpid
 .text._kill    0x10008334        0xc /tmp/cc8IvcX0.ltrans0.ltrans.o
                0x10008334                _kill
 .text._exit    0x10008340        0xc /tmp/cc8IvcX0.ltrans0.ltrans.o
                0x10008340                _exit
 .text._isatty_r
                0x1000834c        0x4 /tmp/cc8IvcX0.ltrans0.ltrans.o
                0x1000834c                _isatty_r
 .text._fstat_r
                0x10008350       0x18 /tmp/cc8IvcX0.ltrans0.ltrans.o
                0x10008350                _fstat_r
 .text._sbrk_r  0x10008368       0x3c /tmp/cc8IvcX0.ltrans0.ltrans.o
                0x10008368                _sbrk_r
 .text._close_r
                0x100083a4        0x4 /tmp/cc8IvcX0.ltrans0.ltrans.o
                0x100083a4                _close_r
 .text._write_r
                0x100083a8        0x4 /tmp/cc8IvcX0.ltrans0.ltrans.o
                0x100083a8                _write_r
 .text._lseek_r
                0x100083ac        0x4 /tmp/cc8IvcX0.ltrans0.ltrans.o
                0x100083ac                _lseek_r
 .text._read_r  0x100083b0        0xa /tmp/cc8IvcX0.ltrans0.ltrans.o
                0x100083b0                _read_r
 *fill*         0x100083ba        0x2 
 .text.nvicEnableVector
                0x100083bc       0x40 /tmp/cc8IvcX0.ltrans0.ltrans.o
                0x100083bc                nvicEnableVector
 .text.pwm_lld_start.constprop.112
                0x100083fc       0x9c /tmp/cc8IvcX0.ltrans0.ltrans.o
 .text.dmaChannelAllocI.constprop.14
                0x10008498       0x7c /tmp/cc8IvcX0.ltrans0.ltrans.o
 .text.usb_lld_start.part.3
                0x10008514       0x6c /tmp/cc8IvcX0.ltrans0.ltrans.o
 .text.spiUnselect
                0x10008580       0x1c /tmp/cc8IvcX0.ltrans0.ltrans.o
                0x10008580                spiUnselect
 .text.spiSelect
                0x1000859c       0x1c /tmp/cc8IvcX0.ltrans0.ltrans.o
                0x1000859c                spiSelect
 .text.spiStop  0x100085b8       0x4c /tmp/cc8IvcX0.ltrans0.ltrans.o
                0x100085b8                spiStop
 .text.spiStart
                0x10008604       0xc0 /tmp/cc8IvcX0.ltrans0.ltrans.o
                0x10008604                spiStart
 .text.__port_spinlock_release
                0x100086c4       0x10 /tmp/cc8IvcX0.ltrans0.ltrans.o
                0x100086c4                __port_spinlock_release
 .text.__port_irq_epilogue
                0x100086d4       0x4c /tmp/cc8IvcX0.ltrans0.ltrans.o
                0x100086d4                __port_irq_epilogue
 .text.Vector50
                0x10008720       0x30 /tmp/cc8IvcX0.ltrans0.ltrans.o
                0x10008720                Vector50
 .text.Vector4C
                0x10008750       0x28 /tmp/cc8IvcX0.ltrans0.ltrans.o
                0x10008750                Vector4C
 .text.Vector48
                0x10008778       0x28 /tmp/cc8IvcX0.ltrans0.ltrans.o
                0x10008778                Vector48
 .text.Vector44
                0x100087a0       0x24 /tmp/cc8IvcX0.ltrans0.ltrans.o
                0x100087a0                Vector44
 .text.Vector40
                0x100087c4       0x24 /tmp/cc8IvcX0.ltrans0.ltrans.o
                0x100087c4                Vector40
 .text.Vector70
                0x100087e8       0x34 /tmp/cc8IvcX0.ltrans0.ltrans.o
                0x100087e8                Vector70
 .text.Vector6C
                0x1000881c       0x34 /tmp/cc8IvcX0.ltrans0.ltrans.o
                0x1000881c                Vector6C
 .text.Vector80
                0x10008850       0x3c /tmp/cc8IvcX0.ltrans0.ltrans.o
                0x10008850                Vector80
 .text.Vector7C
                0x1000888c       0x20 /tmp/cc8IvcX0.ltrans0.ltrans.o
                0x1000888c                Vector7C
 .text.NMI_Handler
                0x100088ac       0x12 /tmp/cc8IvcX0.ltrans0.ltrans.o
                0x100088ac                NMI_Handler
 .text.chThdResumeI
                0x100088be       0x16 /tmp/cc8IvcX0.ltrans0.ltrans.o
                0x100088be                chThdResumeI
 .text.Vector54
                0x100088d4      0x2b0 /tmp/cc8IvcX0.ltrans0.ltrans.o
                0x100088d4                Vector54
 .text.VectorA0
                0x10008b84      0x160 /tmp/cc8IvcX0.ltrans0.ltrans.o
                0x10008b84                VectorA0
 .text.spi_lld_serve_tx_interrupt
                0x10008ce4       0x42 /tmp/cc8IvcX0.ltrans0.ltrans.o
 .text.spi_lld_serve_rx_interrupt
                0x10008d26       0x42 /tmp/cc8IvcX0.ltrans0.ltrans.o
 .text._usb_ep0setup
                0x10008d68      0x3b8 /tmp/cc8IvcX0.ltrans0.ltrans.o
 .text.chThdSuspendTimeoutS
                0x10009120       0x2c /tmp/cc8IvcX0.ltrans0.ltrans.o
                0x10009120                chThdSuspendTimeoutS
 .text.spiExchange
                0x1000914c       0x5e /tmp/cc8IvcX0.ltrans0.ltrans.o
                0x1000914c                spiExchange
 *fill*         0x100091aa        0x2 
 .text.send_report
                0x100091ac       0x50 /tmp/cc8IvcX0.ltrans0.ltrans.o
 .text.send_extra
                0x100091fc        0xe /tmp/cc8IvcX0.ltrans0.ltrans.o
 *fill*         0x1000920a        0x2 
 .text.send_mouse
                0x1000920c       0x20 /tmp/cc8IvcX0.ltrans0.ltrans.o
 .text.send_keyboard
                0x1000922c       0x20 /tmp/cc8IvcX0.ltrans0.ltrans.o
 .text.chThdSleep
                0x1000924c       0x16 /tmp/cc8IvcX0.ltrans0.ltrans.o
                0x1000924c                chThdSleep
 *fill*         0x10009262        0x2 
 .text.send_string_with_delay.constprop.103
                0x10009264       0xe0 /tmp/cc8IvcX0.ltrans0.ltrans.o
                0x10009264                send_string_with_delay.constprop.103
 .text.chThdExit
                0x10009344       0x28 /tmp/cc8IvcX0.ltrans0.ltrans.o
                0x10009344                chThdExit
 .text.chThdCreateStatic
                0x1000936c       0x8c /tmp/cc8IvcX0.ltrans0.ltrans.o
                0x1000936c                chThdCreateStatic
 .text.__sch_reschedule_ahead
                0x100093f8       0x34 /tmp/cc8IvcX0.ltrans0.ltrans.o
                0x100093f8                chSchDoPreemption
 .text.chSchRescheduleS
                0x1000942c       0x28 /tmp/cc8IvcX0.ltrans0.ltrans.o
 .text.usbStop.constprop.123
                0x10009454       0x98 /tmp/cc8IvcX0.ltrans0.ltrans.o
 .text.is_keyboard_master
                0x100094ec       0x5c /tmp/cc8IvcX0.ltrans0.ltrans.o
 .text.split_shared_memory_unlock
                0x10009548       0x68 /tmp/cc8IvcX0.ltrans0.ltrans.o
                0x10009548                split_shared_memory_unlock
 .text.__init_ram_areas
                0x100095b0       0x30 /tmp/cc8IvcX0.ltrans0.ltrans.o
                0x100095b0                __init_ram_areas
 .text.__default_exit
                0x100095e0        0x2 /tmp/cc8IvcX0.ltrans0.ltrans.o
                0x100095e0                __default_exit
 .text.__early_init
                0x100095e2        0x2 /tmp/cc8IvcX0.ltrans0.ltrans.o
                0x100095e2                __early_init
 .text.__late_init
                0x100095e4       0x44 /tmp/cc8IvcX0.ltrans0.ltrans.o
                0x100095e4                __late_init
 .text.bootloader_jump
                0x10009628       0x1c /tmp/cc8IvcX0.ltrans0.ltrans.o
                0x10009628                bootloader_jump
 .text.timer_read32
                0x10009644       0x7c /tmp/cc8IvcX0.ltrans0.ltrans.o
                0x10009644                timer_read32
 .text.cursor_glide.constprop.37
                0x100096c0       0xa0 /tmp/cc8IvcX0.ltrans0.ltrans.o
 .text.ERA_ReadBytes.constprop.32
                0x10009760       0x5c /tmp/cc8IvcX0.ltrans0.ltrans.o
 .text.encoder_exec_mapping
                0x100097bc       0x6c /tmp/cc8IvcX0.ltrans0.ltrans.o
 .text.cirque_pinnacle_init
                0x10009828      0x110 /tmp/cc8IvcX0.ltrans0.ltrans.o
 .text.mods_handlers_master
                0x10009938       0x88 /tmp/cc8IvcX0.ltrans0.ltrans.o
 .text.send_if_condition
                0x100099c0       0x40 /tmp/cc8IvcX0.ltrans0.ltrans.o
 .text.layer_state_handlers_master
                0x10009a00       0x50 /tmp/cc8IvcX0.ltrans0.ltrans.o
 .text.master_matrix_handlers_master
                0x10009a50       0x2c /tmp/cc8IvcX0.ltrans0.ltrans.o
 .text.read_if_checksum_mismatch
                0x10009a7c       0x7c /tmp/cc8IvcX0.ltrans0.ltrans.o
 .text.pointing_handlers_master
                0x10009af8       0x94 /tmp/cc8IvcX0.ltrans0.ltrans.o
 .text.slave_matrix_handlers_master
                0x10009b8c       0x48 /tmp/cc8IvcX0.ltrans0.ltrans.o
 .text.sync_timer_read32
                0x10009bd4       0x20 /tmp/cc8IvcX0.ltrans0.ltrans.o
 .text.encoder_handlers_master
                0x10009bf4       0xb4 /tmp/cc8IvcX0.ltrans0.ltrans.o
 .text.sync_timer_handlers_master
                0x10009ca8       0x40 /tmp/cc8IvcX0.ltrans0.ltrans.o
 .text.host_consumer_send
                0x10009ce8       0x34 /tmp/cc8IvcX0.ltrans0.ltrans.o
                0x10009ce8                host_consumer_send
 .text.host_system_send
                0x10009d1c       0x34 /tmp/cc8IvcX0.ltrans0.ltrans.o
                0x10009d1c                host_system_send
 .text.host_keyboard_leds
                0x10009d50       0x1c /tmp/cc8IvcX0.ltrans0.ltrans.o
                0x10009d50                host_keyboard_leds
 .text.matrix_scan
                0x10009d6c      0x650 /tmp/cc8IvcX0.ltrans0.ltrans.o
 .text.process_tap_dance_action_on_reset.lto_priv.230
                0x1000a3bc       0x2a /tmp/cc8IvcX0.ltrans0.ltrans.o
                0x1000a3bc                process_tap_dance_action_on_reset.lto_priv.230
 *fill*         0x1000a3e6        0x2 
 .text.process_tap_dance_action_on_dance_finished
                0x1000a3e8       0x54 /tmp/cc8IvcX0.ltrans0.ltrans.o
                0x1000a3e8                process_tap_dance_action_on_dance_finished
 .text.key_override_matches_active_modifiers.part.0.lto_priv.232
                0x1000a43c       0x36 /tmp/cc8IvcX0.ltrans0.ltrans.o
                0x1000a43c                key_override_matches_active_modifiers.part.0.lto_priv.232
 *fill*         0x1000a472        0x2 
 .text.schedule_deferred_register.lto_priv.233
                0x1000a474       0x40 /tmp/cc8IvcX0.ltrans0.ltrans.o
                0x1000a474                schedule_deferred_register.lto_priv.233
 .text.clear_active_override.lto_priv.231
                0x1000a4b4       0xb4 /tmp/cc8IvcX0.ltrans0.ltrans.o
                0x1000a4b4                clear_active_override.lto_priv.231
 .text.drop_combo_from_buffer
                0x1000a568       0x4c /tmp/cc8IvcX0.ltrans0.ltrans.o
                0x1000a568                drop_combo_from_buffer
 .text.dump_key_buffer.lto_priv.234
                0x1000a5b4       0x7c /tmp/cc8IvcX0.ltrans0.ltrans.o
                0x1000a5b4                dump_key_buffer.lto_priv.234
 .text.clear_combos
                0x1000a630       0x28 /tmp/cc8IvcX0.ltrans0.ltrans.o
                0x1000a630                clear_combos
 .text.combo_disable
                0x1000a658       0x30 /tmp/cc8IvcX0.ltrans0.ltrans.o
                0x1000a658                combo_disable
 .text.apply_combos.lto_priv.235
                0x1000a688       0xe0 /tmp/cc8IvcX0.ltrans0.ltrans.o
                0x1000a688                apply_combos.lto_priv.235
 .text.caps_word_off
                0x1000a768       0x20 /tmp/cc8IvcX0.ltrans0.ltrans.o
                0x1000a768                caps_word_off
 .text.vial_keycode_up
                0x1000a788       0x64 /tmp/cc8IvcX0.ltrans0.ltrans.o
                0x1000a788                vial_keycode_up
 .text.vial_keycode_down
                0x1000a7ec       0x40 /tmp/cc8IvcX0.ltrans0.ltrans.o
                0x1000a7ec                vial_keycode_down
 .text.vial_keycode_tap
                0x1000a82c       0x16 /tmp/cc8IvcX0.ltrans0.ltrans.o
                0x1000a82c                vial_keycode_tap
 *fill*         0x1000a842        0x2 
 .text.wear_leveling_read
                0x1000a844       0x24 /tmp/cc8IvcX0.ltrans0.ltrans.o
                0x1000a844                wear_leveling_read
 .text.eeprom_update_block.constprop.114
                0x1000a868       0x2a /tmp/cc8IvcX0.ltrans0.ltrans.o
                0x1000a868                eeprom_update_block.constprop.114
 *fill*         0x1000a892        0x2 
 .text.dynamic_keymap_get_tap_dance
                0x1000a894       0x20 /tmp/cc8IvcX0.ltrans0.ltrans.o
                0x1000a894                dynamic_keymap_get_tap_dance
 .text.get_tapping_term.part.5
                0x1000a8b4       0x1a /tmp/cc8IvcX0.ltrans0.ltrans.o
 *fill*         0x1000a8ce        0x2 
 .text.get_tapping_term.constprop.87
                0x1000a8d0       0x1c /tmp/cc8IvcX0.ltrans0.ltrans.o
                0x1000a8d0                get_tapping_term.constprop.87
 .text.perform_space_cadet
                0x1000a8ec       0xb0 /tmp/cc8IvcX0.ltrans0.ltrans.o
                0x1000a8ec                perform_space_cadet
 .text.cirque_pinnacle_get_report
                0x1000a99c      0x514 /tmp/cc8IvcX0.ltrans0.ltrans.o
 .text.on_dance
                0x1000aeb0       0x3c /tmp/cc8IvcX0.ltrans0.ltrans.o
 .text.on_dance_finished
                0x1000aeec       0x9c /tmp/cc8IvcX0.ltrans0.ltrans.o
 .text.on_dance_reset
                0x1000af88       0x6c /tmp/cc8IvcX0.ltrans0.ltrans.o
 .text.reload_key_override
                0x1000aff4       0xb8 /tmp/cc8IvcX0.ltrans0.ltrans.o
 .text.reload_combo
                0x1000b0ac       0x60 /tmp/cc8IvcX0.ltrans0.ltrans.o
 .text.wear_leveling_erase
                0x1000b10c       0x2e /tmp/cc8IvcX0.ltrans0.ltrans.o
                0x1000b10c                wear_leveling_erase
 .text.eeprom_update_dword
                0x1000b13a       0x26 /tmp/cc8IvcX0.ltrans0.ltrans.o
                0x1000b13a                eeprom_update_dword
 .text.eeprom_update_word
                0x1000b160       0x2a /tmp/cc8IvcX0.ltrans0.ltrans.o
                0x1000b160                eeprom_update_word
 .text.eeprom_read_byte
                0x1000b18a       0x16 /tmp/cc8IvcX0.ltrans0.ltrans.o
                0x1000b18a                eeprom_read_byte
 .text.dynamic_keymap_get_encoder.part.2
                0x1000b1a0       0x38 /tmp/cc8IvcX0.ltrans0.ltrans.o
                0x1000b1a0                dynamic_keymap_get_encoder.part.2
 .text.dynamic_keymap_get_keycode.part.0
                0x1000b1d8       0x26 /tmp/cc8IvcX0.ltrans0.ltrans.o
                0x1000b1d8                dynamic_keymap_get_keycode.part.0
 .text.via_get_layout_options.part.0
                0x1000b1fe        0xa /tmp/cc8IvcX0.ltrans0.ltrans.o
 .text.via_eeprom_is_valid
                0x1000b208       0x28 /tmp/cc8IvcX0.ltrans0.ltrans.o
                0x1000b208                via_eeprom_is_valid
 .text.eeprom_update_byte
                0x1000b230       0x1e /tmp/cc8IvcX0.ltrans0.ltrans.o
                0x1000b230                eeprom_update_byte
 *fill*         0x1000b24e        0x2 
 .text.dynamic_keymap_macro_reset
                0x1000b250       0x1c /tmp/cc8IvcX0.ltrans0.ltrans.o
 .text.dynamic_keymap_set_encoder
                0x1000b26c       0x3c /tmp/cc8IvcX0.ltrans0.ltrans.o
 .text.dynamic_keymap_set_keycode
                0x1000b2a8       0x30 /tmp/cc8IvcX0.ltrans0.ltrans.o
 .text.dynamic_keymap_reset
                0x1000b2d8      0x124 /tmp/cc8IvcX0.ltrans0.ltrans.o
 .text.via_eeprom_set_valid
                0x1000b3fc       0x2e /tmp/cc8IvcX0.ltrans0.ltrans.o
                0x1000b3fc                via_eeprom_set_valid
 .text.eeconfig_init_via
                0x1000b42a       0x20 /tmp/cc8IvcX0.ltrans0.ltrans.o
                0x1000b42a                eeconfig_init_via
 *fill*         0x1000b44a        0x2 
 .text.pointing_device_set_cpi
                0x1000b44c       0x20 /tmp/cc8IvcX0.ltrans0.ltrans.o
                0x1000b44c                pointing_device_set_cpi
 .text.pointing_device_send
                0x1000b46c       0x4c /tmp/cc8IvcX0.ltrans0.ltrans.o
                0x1000b46c                pointing_device_send
 .text.pointing_device_task
                0x1000b4b8      0x1b8 /tmp/cc8IvcX0.ltrans0.ltrans.o
 .text.mousekey_send
                0x1000b670       0x34 /tmp/cc8IvcX0.ltrans0.ltrans.o
                0x1000b670                mousekey_send
 .text.wheel_unit.lto_priv.228
                0x1000b6a4       0x4c /tmp/cc8IvcX0.ltrans0.ltrans.o
                0x1000b6a4                wheel_unit.lto_priv.228
 .text.move_unit.lto_priv.229
                0x1000b6f0       0x40 /tmp/cc8IvcX0.ltrans0.ltrans.o
                0x1000b6f0                move_unit.lto_priv.229
 .text.audio_stop_all
                0x1000b730       0x58 /tmp/cc8IvcX0.ltrans0.ltrans.o
                0x1000b730                audio_stop_all
 .text.music_all_notes_off
                0x1000b788       0x14 /tmp/cc8IvcX0.ltrans0.ltrans.o
                0x1000b788                music_all_notes_off
 .text.audio_init
                0x1000b79c       0xc0 /tmp/cc8IvcX0.ltrans0.ltrans.o
 .text.audio_play_note
                0x1000b85c      0x15c /tmp/cc8IvcX0.ltrans0.ltrans.o
                0x1000b85c                audio_play_note
 .text.audio_play_melody.constprop.105
                0x1000b9b8       0xac /tmp/cc8IvcX0.ltrans0.ltrans.o
                0x1000b9b8                audio_play_melody.constprop.105
 .text.music_off
                0x1000ba64       0x20 /tmp/cc8IvcX0.ltrans0.ltrans.o
                0x1000ba64                music_off
 .text.audio_stop_tone
                0x1000ba84       0xc0 /tmp/cc8IvcX0.ltrans0.ltrans.o
                0x1000ba84                audio_stop_tone
 .text.audio_callback
                0x1000bb44      0x5ec /tmp/cc8IvcX0.ltrans0.ltrans.o
 .text.audio_off
                0x1000c130       0x34 /tmp/cc8IvcX0.ltrans0.ltrans.o
                0x1000c130                audio_off
 .text.audio_on
                0x1000c164       0x24 /tmp/cc8IvcX0.ltrans0.ltrans.o
                0x1000c164                audio_on
 .text.compute_freq_for_midi_note
                0x1000c188       0x34 /tmp/cc8IvcX0.ltrans0.ltrans.o
                0x1000c188                compute_freq_for_midi_note
 .text.startup.main
                0x1000c1bc     0x1564 /tmp/cc8IvcX0.ltrans0.ltrans.o
                0x1000c1bc                main
 .text.mod_config
                0x1000d720       0xa8 /tmp/cc8IvcX0.ltrans1.ltrans.o
 .text.keycode_config
                0x1000d7c8      0x108 /tmp/cc8IvcX0.ltrans1.ltrans.o
 .text.action_for_keycode
                0x1000d8d0      0x1d8 /tmp/cc8IvcX0.ltrans1.ltrans.o
 .text.clear_oneshot_mods
                0x1000daa8       0x1c /tmp/cc8IvcX0.ltrans1.ltrans.o
 .text.add_key  0x1000dac4       0x38 /tmp/cc8IvcX0.ltrans1.ltrans.o
 .text.debug_waiting_buffer
                0x1000dafc       0x20 /tmp/cc8IvcX0.ltrans1.ltrans.o
 .text.read_source_layers_cache_impl
                0x1000db1c       0x28 /tmp/cc8IvcX0.ltrans1.ltrans.o
 .text.read_source_layers_cache
                0x1000db44       0x40 /tmp/cc8IvcX0.ltrans1.ltrans.o
 .text.update_source_layers_cache_impl
                0x1000db84       0x32 /tmp/cc8IvcX0.ltrans1.ltrans.o
 *fill*         0x1000dbb6        0x2 
 .text.update_source_layers_cache
                0x1000dbb8       0x3c /tmp/cc8IvcX0.ltrans1.ltrans.o
 .text.fp_zoom_unset_hold
                0x1000dbf4        0xc /tmp/cc8IvcX0.ltrans1.ltrans.o
                0x1000dbf4                fp_zoom_unset_hold
 .text.keymap_key_to_keycode
                0x1000dc00       0x68 /tmp/cc8IvcX0.ltrans1.ltrans.o
 .text.layer_switch_get_layer
                0x1000dc68       0x50 /tmp/cc8IvcX0.ltrans1.ltrans.o
 .text.layer_switch_get_action
                0x1000dcb8       0x20 /tmp/cc8IvcX0.ltrans1.ltrans.o
 .text.is_tap_record
                0x1000dcd8       0x68 /tmp/cc8IvcX0.ltrans1.ltrans.o
 .text.get_record_keycode
                0x1000dd40       0x42 /tmp/cc8IvcX0.ltrans1.ltrans.o
 *fill*         0x1000dd82        0x2 
 .text.del_oneshot_mods
                0x1000dd84       0x28 /tmp/cc8IvcX0.ltrans1.ltrans.o
 .text.eeconfig_update_kb_datablock
                0x1000ddac       0x16 /tmp/cc8IvcX0.ltrans1.ltrans.o
 *fill*         0x1000ddc2        0x2 
 .text.register_mouse
                0x1000ddc4      0x1dc /tmp/cc8IvcX0.ltrans1.ltrans.o
 .text.eeconfig_is_enabled
                0x1000dfa0       0x28 /tmp/cc8IvcX0.ltrans1.ltrans.o
                0x1000dfa0                eeconfig_is_enabled
 .text.eeconfig_init_quantum
                0x1000dfc8       0xc4 /tmp/cc8IvcX0.ltrans1.ltrans.o
                0x1000dfc8                eeconfig_init_quantum
 .text.del_weak_mods
                0x1000e08c       0x10 /tmp/cc8IvcX0.ltrans1.ltrans.o
                0x1000e08c                del_weak_mods
 .text.del_mods
                0x1000e09c       0x10 /tmp/cc8IvcX0.ltrans1.ltrans.o
                0x1000e09c                del_mods
 .text.send_keyboard_report
                0x1000e0ac       0xbc /tmp/cc8IvcX0.ltrans1.ltrans.o
                0x1000e0ac                send_keyboard_report
 .text.clear_keyboard
                0x1000e168       0x60 /tmp/cc8IvcX0.ltrans1.ltrans.o
 .text.del_key  0x1000e1c8       0x20 /tmp/cc8IvcX0.ltrans1.ltrans.o
                0x1000e1c8                del_key
 .text.unregister_code.part.4.lto_priv.182
                0x1000e1e8       0x7c /tmp/cc8IvcX0.ltrans1.ltrans.o
                0x1000e1e8                unregister_code.part.4.lto_priv.182
 .text.unregister_mods
                0x1000e264       0x10 /tmp/cc8IvcX0.ltrans1.ltrans.o
                0x1000e264                unregister_mods
 .text.register_mods
                0x1000e274       0x18 /tmp/cc8IvcX0.ltrans1.ltrans.o
                0x1000e274                register_mods
 .text.unregister_code
                0x1000e28c       0x48 /tmp/cc8IvcX0.ltrans1.ltrans.o
                0x1000e28c                unregister_code
 .text.layer_state_set
                0x1000e2d4        0xc /tmp/cc8IvcX0.ltrans1.ltrans.o
 .text.update_tri_layer
                0x1000e2e0       0x30 /tmp/cc8IvcX0.ltrans1.ltrans.o
 .text.layer_off
                0x1000e310       0x18 /tmp/cc8IvcX0.ltrans1.ltrans.o
 .text.clear_oneshot_layer_state
                0x1000e328       0x38 /tmp/cc8IvcX0.ltrans1.ltrans.o
 .text.oneshot_set
                0x1000e360       0x30 /tmp/cc8IvcX0.ltrans1.ltrans.o
 .text.layer_on
                0x1000e390       0x18 /tmp/cc8IvcX0.ltrans1.ltrans.o
 .text.set_oneshot_layer
                0x1000e3a8       0x34 /tmp/cc8IvcX0.ltrans1.ltrans.o
 .text.extract_mod_bits
                0x1000e3dc       0x64 /tmp/cc8IvcX0.ltrans1.ltrans.o
                0x1000e3dc                extract_mod_bits
 .text.fp_apply_dpi
                0x1000e440       0x38 /tmp/cc8IvcX0.ltrans1.ltrans.o
                0x1000e440                fp_apply_dpi
 .text.register_code.part.3.lto_priv.183
                0x1000e478       0xc4 /tmp/cc8IvcX0.ltrans1.ltrans.o
                0x1000e478                register_code.part.3.lto_priv.183
 .text.register_code
                0x1000e53c       0x5c /tmp/cc8IvcX0.ltrans1.ltrans.o
                0x1000e53c                register_code
 .text.tap_code
                0x1000e598       0x2e /tmp/cc8IvcX0.ltrans1.ltrans.o
                0x1000e598                tap_code
 *fill*         0x1000e5c6        0x2 
 .text.press_super_ctrl_tab
                0x1000e5c8       0x40 /tmp/cc8IvcX0.ltrans1.ltrans.o
 .text.press_super_tab
                0x1000e608       0x40 /tmp/cc8IvcX0.ltrans1.ltrans.o
 .text.register_code16
                0x1000e648       0x38 /tmp/cc8IvcX0.ltrans1.ltrans.o
                0x1000e648                register_code16
 .text.shutdown_quantum
                0x1000e680       0x3c /tmp/cc8IvcX0.ltrans1.ltrans.o
 .text.process_record
                0x1000e6bc     0x16c4 /tmp/cc8IvcX0.ltrans1.ltrans.o
 .text.waiting_buffer_scan_tap
                0x1000fd80       0x88 /tmp/cc8IvcX0.ltrans1.ltrans.o
 .text.process_tapping
                0x1000fe08      0x2cc /tmp/cc8IvcX0.ltrans1.ltrans.o
 .text.action_tapping_process
                0x100100d4       0xa0 /tmp/cc8IvcX0.ltrans1.ltrans.o
                0x100100d4                action_tapping_process
 .text.action_exec
                0x10010174      0x378 /tmp/cc8IvcX0.ltrans1.ltrans.o
                0x10010174                action_exec
 .text.generate_tick_event.lto_priv.184
                0x100104ec       0x30 /tmp/cc8IvcX0.ltrans1.ltrans.o
                0x100104ec                generate_tick_event.lto_priv.184
 .text.spi_init
                0x1001051c       0x98 .build/obj_fingerpunch_ximi_v2_vial/spi_master.a(spi_master.o)
                0x1001051c                spi_init
 .text.spi_start
                0x100105b4       0x94 .build/obj_fingerpunch_ximi_v2_vial/spi_master.a(spi_master.o)
                0x100105b4                spi_start
 .text.spi_write
                0x10010648       0x20 .build/obj_fingerpunch_ximi_v2_vial/spi_master.a(spi_master.o)
                0x10010648                spi_write
 .text.spi_stop
                0x10010668       0x28 .build/obj_fingerpunch_ximi_v2_vial/spi_master.a(spi_master.o)
                0x10010668                spi_stop
 .text.SlaveThread
                0x10010690       0xb4 .build/obj_fingerpunch_ximi_v2_vial/serial_protocol.a(serial_protocol.o)
 .text.soft_serial_target_init
                0x10010744       0x24 .build/obj_fingerpunch_ximi_v2_vial/serial_protocol.a(serial_protocol.o)
                0x10010744                soft_serial_target_init
 .text.soft_serial_initiator_init
                0x10010768        0x8 .build/obj_fingerpunch_ximi_v2_vial/serial_protocol.a(serial_protocol.o)
                0x10010768                soft_serial_initiator_init
 .text.soft_serial_transaction
                0x10010770       0x9c .build/obj_fingerpunch_ximi_v2_vial/serial_protocol.a(serial_protocol.o)
                0x10010770                soft_serial_transaction
 .text.port_lock
                0x1001080c       0x16 .build/obj_fingerpunch_ximi_v2_vial/serial_vendor.a(serial_vendor.o)
 .text.port_unlock
                0x10010822       0x12 .build/obj_fingerpunch_ximi_v2_vial/serial_vendor.a(serial_vendor.o)
 .text.sm_config_set_clkdiv
                0x10010834       0x3a .build/obj_fingerpunch_ximi_v2_vial/serial_vendor.a(serial_vendor.o)
 *fill*         0x1001086e        0x2 
 .text.receive_impl
                0x10010870       0xc4 .build/obj_fingerpunch_ximi_v2_vial/serial_vendor.a(serial_vendor.o)
 .text.Vector64
                0x10010934       0x9c .build/obj_fingerpunch_ximi_v2_vial/serial_vendor.a(serial_vendor.o)
                0x10010934                Vector64
 .text.serial_transport_driver_clear
                0x100109d0       0x44 .build/obj_fingerpunch_ximi_v2_vial/serial_vendor.a(serial_vendor.o)
                0x100109d0                serial_transport_driver_clear
 .text.hot.serial_transport_send
                0x10010a14       0xc0 .build/obj_fingerpunch_ximi_v2_vial/serial_vendor.a(serial_vendor.o)
                0x10010a14                serial_transport_send
 .text.hot.serial_transport_receive
                0x10010ad4       0x10 .build/obj_fingerpunch_ximi_v2_vial/serial_vendor.a(serial_vendor.o)
                0x10010ad4                serial_transport_receive
 .text.hot.serial_transport_receive_blocking
                0x10010ae4        0xc .build/obj_fingerpunch_ximi_v2_vial/serial_vendor.a(serial_vendor.o)
                0x10010ae4                serial_transport_receive_blocking
 .text.serial_transport_driver_slave_init
                0x10010af0      0x1ec .build/obj_fingerpunch_ximi_v2_vial/serial_vendor.a(serial_vendor.o)
                0x10010af0                serial_transport_driver_slave_init
 .text.serial_transport_driver_master_init
                0x10010cdc        0x8 .build/obj_fingerpunch_ximi_v2_vial/serial_vendor.a(serial_vendor.o)
                0x10010cdc                serial_transport_driver_master_init
 *fill*         0x10010ce4        0x4 
 .text.serial_transport_driver_master_init.__stub
                0x10010ce8       0x80 linker stubs
 *(.glue_7t)
 .glue_7t       0x10010d68        0x0 linker stubs
 *(.glue_7)
 .glue_7        0x10010d68        0x0 linker stubs
 *(.gcc*)
                0x10010d68                        __text_end__ = .

.vfp11_veneer   0x10010d68        0x0
 .vfp11_veneer  0x10010d68        0x0 linker stubs

.v4_bx          0x10010d68        0x0
 .v4_bx         0x10010d68        0x0 linker stubs

.iplt           0x10010d68        0x0
 .iplt          0x10010d68        0x0 .build/obj_fingerpunch_ximi_v2_vial/spi_master.a(spi_master.o)

.rodata         0x10010d68      0xeb4
                0x10010d68                        __rodata_base__ = .
 *(.rodata)
 .rodata        0x10010d68       0x23 /tmp/cc8IvcX0.ltrans1.ltrans.o
 *fill*         0x10010d8b        0x1 
 .rodata        0x10010d8c       0xac /opt/homebrew/Cellar/arm-none-eabi-gcc@8/8.5.0_2/lib/arm-none-eabi-gcc/8/gcc/arm-none-eabi/8.5.0/thumb/v6-m/nofp/libgcc.a(divsf3.o)
 .rodata        0x10010e38       0x40 /opt/homebrew/Cellar/arm-none-eabi-gcc@8/8.5.0_2/lib/arm-none-eabi-gcc/8/gcc/arm-none-eabi/8.5.0/thumb/v6-m/nofp/libgcc.a(mulsf3.o)
 .rodata        0x10010e78       0x40 /opt/homebrew/Cellar/arm-none-eabi-gcc@8/8.5.0_2/lib/arm-none-eabi-gcc/8/gcc/arm-none-eabi/8.5.0/thumb/v6-m/nofp/libgcc.a(divdf3.o)
 .rodata        0x10010eb8       0x40 /opt/homebrew/Cellar/arm-none-eabi-gcc@8/8.5.0_2/lib/arm-none-eabi-gcc/8/gcc/arm-none-eabi/8.5.0/thumb/v6-m/nofp/libgcc.a(muldf3.o)
 .rodata        0x10010ef8      0x101 /opt/homebrew/Cellar/arm-none-eabi-gcc@8/8.5.0_2/lib/arm-none-eabi-gcc/8/gcc/arm-none-eabi/8.5.0/../../../../../../arm-none-eabi/lib/thumb/v6-m/nofp/libg_nano.a(lib_a-ctype_.o)
                0x10010ef8                _ctype_
 *fill*         0x10010ff9        0x3 
 .rodata        0x10010ffc        0x4 /opt/homebrew/Cellar/arm-none-eabi-gcc@8/8.5.0_2/lib/arm-none-eabi-gcc/8/gcc/arm-none-eabi/8.5.0/../../../../../../arm-none-eabi/lib/thumb/v6-m/nofp/libg_nano.a(lib_a-impure.o)
                0x10010ffc                _global_impure_ptr
 .rodata        0x10011000       0x60 /opt/homebrew/Cellar/arm-none-eabi-gcc@8/8.5.0_2/lib/arm-none-eabi-gcc/8/gcc/arm-none-eabi/8.5.0/../../../../../../arm-none-eabi/lib/thumb/v6-m/nofp/libg_nano.a(lib_a-findfp.o)
                0x10011000                __sf_fake_stderr
                0x10011020                __sf_fake_stdout
                0x10011040                __sf_fake_stdin
 .rodata        0x10011060       0x10 /opt/homebrew/Cellar/arm-none-eabi-gcc@8/8.5.0_2/lib/arm-none-eabi-gcc/8/gcc/arm-none-eabi/8.5.0/../../../../../../arm-none-eabi/lib/thumb/v6-m/nofp/libm.a(lib_a-e_fmod.o)
 .rodata        0x10011070       0x10 /opt/homebrew/Cellar/arm-none-eabi-gcc@8/8.5.0_2/lib/arm-none-eabi-gcc/8/gcc/arm-none-eabi/8.5.0/../../../../../../arm-none-eabi/lib/thumb/v6-m/nofp/libm.a(lib_a-s_rint.o)
 *(.rodata.*)
 .rodata.CSWTCH.0
                0x10011080       0x10 /tmp/cc8IvcX0.ltrans0.ltrans.o
 .rodata.CSWTCH.1
                0x10011090        0x4 /tmp/cc8IvcX0.ltrans0.ltrans.o
 .rodata.CSWTCH.2
                0x10011094        0xc /tmp/cc8IvcX0.ltrans0.ltrans.o
 .rodata.CSWTCH.3
                0x100110a0        0xc /tmp/cc8IvcX0.ltrans0.ltrans.o
 .rodata.CSWTCH.4
                0x100110ac        0x3 /tmp/cc8IvcX0.ltrans0.ltrans.o
 .rodata.ConfigurationDescriptor
                0x100110af       0x5b /tmp/cc8IvcX0.ltrans0.ltrans.o
 .rodata.DeviceDescriptor
                0x1001110a       0x12 /tmp/cc8IvcX0.ltrans0.ltrans.o
 .rodata.KeyboardReport
                0x1001111c       0x40 /tmp/cc8IvcX0.ltrans0.ltrans.o
 .rodata.LanguageString
                0x1001115c        0x4 /tmp/cc8IvcX0.ltrans0.ltrans.o
 .rodata.ManufacturerString
                0x10011160       0x1c /tmp/cc8IvcX0.ltrans0.ltrans.o
 .rodata.ProductString
                0x1001117c       0x12 /tmp/cc8IvcX0.ltrans0.ltrans.o
 .rodata.RawReport
                0x1001118e       0x22 /tmp/cc8IvcX0.ltrans0.ltrans.o
 .rodata.SerialNumberString
                0x100111b0       0x1e /tmp/cc8IvcX0.ltrans0.ltrans.o
 .rodata.SharedReport
                0x100111ce       0x7b /tmp/cc8IvcX0.ltrans0.ltrans.o
 .rodata.Vector80.str1.1
                0x10011249       0x52 /tmp/cc8IvcX0.ltrans0.ltrans.o
                                  0xd (size before relaxing)
 *fill*         0x1001129b        0x1 
 .rodata.__rp_dma_channels
                0x1001129c       0xc0 /tmp/cc8IvcX0.ltrans0.ltrans.o
 .rodata._exit.str1.1
                0x1001135c        0x5 /tmp/cc8IvcX0.ltrans0.ltrans.o
 .rodata._kill.str1.1
                0x1001135c        0x5 /tmp/cc8IvcX0.ltrans0.ltrans.o
 .rodata.active_status
                0x1001135c        0x2 /tmp/cc8IvcX0.ltrans0.ltrans.o
 *fill*         0x1001135e        0x2 
 .rodata.alarm_irqs
                0x10011360       0x20 /tmp/cc8IvcX0.ltrans0.ltrans.o
 .rodata.ascii_to_altgr_lut
                0x10011380       0x10 /tmp/cc8IvcX0.ltrans0.ltrans.o
 .rodata.ascii_to_keycode_lut
                0x10011390       0x80 /tmp/cc8IvcX0.ltrans0.ltrans.o
 .rodata.ascii_to_shift_lut
                0x10011410       0x10 /tmp/cc8IvcX0.ltrans0.ltrans.o
 .rodata.ch_core0_cfg
                0x10011420        0xc /tmp/cc8IvcX0.ltrans0.ltrans.o
 .rodata.col_pins
                0x1001142c       0x20 /tmp/cc8IvcX0.ltrans0.ltrans.o
 .rodata.encoder_LUT
                0x1001144c       0x10 /tmp/cc8IvcX0.ltrans0.ltrans.o
 .rodata.encoder_map
                0x1001145c       0x28 /tmp/cc8IvcX0.ltrans0.ltrans.o
 .rodata.ep0config
                0x10011484       0x1c /tmp/cc8IvcX0.ltrans0.ltrans.o
 .rodata.halted_status
                0x100114a0        0x2 /tmp/cc8IvcX0.ltrans0.ltrans.o
 *fill*         0x100114a2        0x2 
 .rodata.kbd_ep_config
                0x100114a4       0x1c /tmp/cc8IvcX0.ltrans0.ltrans.o
 .rodata.keyboard_definition
                0x100114c0      0x278 /tmp/cc8IvcX0.ltrans0.ltrans.o
 .rodata.keymaps
                0x10011738      0x280 /tmp/cc8IvcX0.ltrans0.ltrans.o
 .rodata.pio_add_program.str1.1
                0x100119b8       0x11 /tmp/cc8IvcX0.ltrans0.ltrans.o
 .rodata.pio_claim_unused_sm.str1.1
                0x100119b8       0x24 /tmp/cc8IvcX0.ltrans0.ltrans.o
 .rodata.ram_areas
                0x100119b8       0x80 /tmp/cc8IvcX0.ltrans0.ltrans.o
 .rodata.row_pins
                0x10011a38       0x10 /tmp/cc8IvcX0.ltrans0.ltrans.o
 .rodata.shared_ep_config
                0x10011a48       0x1c /tmp/cc8IvcX0.ltrans0.ltrans.o
 .rodata.split_shmem
                0x10011a64        0x4 /tmp/cc8IvcX0.ltrans0.ltrans.o
                0x10011a64                split_shmem
 .rodata.str1.1
                0x10011a68        0x3 /tmp/cc8IvcX0.ltrans0.ltrans.o
 .rodata.usbcfg
                0x10011a68       0x10 /tmp/cc8IvcX0.ltrans0.ltrans.o
 .rodata.vibrato_lut
                0x10011a78       0x50 /tmp/cc8IvcX0.ltrans0.ltrans.o
 .rodata.vmt    0x10011ac8       0x28 /tmp/cc8IvcX0.ltrans0.ltrans.o
 .rodata.zero_status
                0x10011af0        0x2 /tmp/cc8IvcX0.ltrans0.ltrans.o
 .rodata.CSWTCH.13
                0x10011af2        0x3 /tmp/cc8IvcX0.ltrans1.ltrans.o
 *fill*         0x10011af5        0x1 
 .rodata.CSWTCH.14
                0x10011af6       0x36 /tmp/cc8IvcX0.ltrans1.ltrans.o
 .rodata.process_record.str1.1
                0x10011b2c        0x3 /tmp/cc8IvcX0.ltrans1.ltrans.o
 .rodata.uart_rx_program
                0x10011b2c        0x6 .build/obj_fingerpunch_ximi_v2_vial/serial_vendor.a(serial_vendor.o)
 .rodata.uart_rx_program_instructions
                0x10011b32       0x12 .build/obj_fingerpunch_ximi_v2_vial/serial_vendor.a(serial_vendor.o)
 .rodata.uart_tx_program
                0x10011b44        0x6 .build/obj_fingerpunch_ximi_v2_vial/serial_vendor.a(serial_vendor.o)
 .rodata.uart_tx_program_instructions
                0x10011b4a        0x8 .build/obj_fingerpunch_ximi_v2_vial/serial_vendor.a(serial_vendor.o)
 *fill*         0x10011b52        0x2 
 .rodata.str1.4
                0x10011b54       0xc5 /opt/homebrew/Cellar/arm-none-eabi-gcc@8/8.5.0_2/lib/arm-none-eabi-gcc/8/gcc/arm-none-eabi/8.5.0/../../../../../../arm-none-eabi/lib/thumb/v6-m/nofp/libg_nano.a(lib_a-rand.o)
                                 0x4a (size before relaxing)
 .rodata.str1.4
                0x10011c19       0x43 /opt/homebrew/Cellar/arm-none-eabi-gcc@8/8.5.0_2/lib/arm-none-eabi-gcc/8/gcc/arm-none-eabi/8.5.0/../../../../../../arm-none-eabi/lib/thumb/v6-m/nofp/libg_nano.a(lib_a-assert.o)
 .rodata.str1.4
                0x10011c19       0x13 /opt/homebrew/Cellar/arm-none-eabi-gcc@8/8.5.0_2/lib/arm-none-eabi-gcc/8/gcc/arm-none-eabi/8.5.0/../../../../../../arm-none-eabi/lib/thumb/v6-m/nofp/libg_nano.a(lib_a-nano-vfprintf.o)
 .rodata.str1.4
                0x10011c19       0x25 /opt/homebrew/Cellar/arm-none-eabi-gcc@8/8.5.0_2/lib/arm-none-eabi-gcc/8/gcc/arm-none-eabi/8.5.0/../../../../../../arm-none-eabi/lib/thumb/v6-m/nofp/libg_nano.a(lib_a-nano-vfprintf_i.o)
 .rodata.str1.4
                0x10011c19        0x1 /opt/homebrew/Cellar/arm-none-eabi-gcc@8/8.5.0_2/lib/arm-none-eabi-gcc/8/gcc/arm-none-eabi/8.5.0/../../../../../../arm-none-eabi/lib/thumb/v6-m/nofp/libm.a(lib_a-e_pow.o)
                0x10011c5c                        . = ALIGN (0x4)
 *fill*         0x10011c19        0x3 
                0x10011c1c                        __rodata_end__ = .

.rel.dyn        0x10011c1c        0x0
 .rel.iplt      0x10011c1c        0x0 .build/obj_fingerpunch_ximi_v2_vial/spi_master.a(spi_master.o)

.ARM.extab
 *(.ARM.extab* .gnu.linkonce.armextab.*)

.ARM.exidx      0x10011c1c        0x0
                0x10011c1c                        __exidx_base__ = .
                0x10011c1c                        __exidx_start = .
 *(.ARM.exidx* .gnu.linkonce.armexidx.*)
                0x10011c1c                        __exidx_end__ = .