Archive member included to satisfy reference by file (symbol)

.build/obj_fingerpunch_ximi_v2_default/spi_master.a(spi_master.o)
                              .build/obj_fingerpunch_ximi_v2_default/drivers/sensors/cirque_pinnacle.o (symbol from plugin) (spi_init)
.build/obj_fingerpunch_ximi_v2_default/serial_protocol.a(serial_protocol.o)
                              .build/obj_fingerpunch_ximi_v2_default/quantum/split_common/transport.o (symbol from plugin) (soft_serial_target_init)
.build/obj_fingerpunch_ximi_v2_default/serial_vendor.a(serial_vendor.o)
                              .build/obj_fingerpunch_ximi_v2_default/serial_protocol.a(serial_protocol.o) (serial_transport_driver_clear)
/opt/homebrew/Cellar/arm-none-eabi-gcc@8/8.5.0_2/lib/arm-none-eabi-gcc/8/gcc/arm-none-eabi/8.5.0/thumb/v6-m/nofp/libgcc.a(_dvmd_tls.o)
                              .build/obj_fingerpunch_ximi_v2/./lib/pico-sdk/src/rp2_common/pico_divider/divider.o (__aeabi_idiv0)
/opt/homebrew/Cellar/arm-none-eabi-gcc@8/8.5.0_2/lib/arm-none-eabi-gcc/8/gcc/arm-none-eabi/8.5.0/thumb/v6-m/nofp/libgcc.a(_fixunssfsi.o)
                              .build/obj_fingerpunch_ximi_v2_default/serial_vendor.a(serial_vendor.o) (__aeabi_f2uiz)
/opt/homebrew/Cellar/arm-none-eabi-gcc@8/8.5.0_2/lib/arm-none-eabi-gcc/8/gcc/arm-none-eabi/8.5.0/thumb/v6-m/nofp/libgcc.a(divsf3.o)
                              .build/obj_fingerpunch_ximi_v2_default/serial_vendor.a(serial_vendor.o) (__aeabi_fdiv)
/opt/homebrew/Cellar/arm-none-eabi-gcc@8/8.5.0_2/lib/arm-none-eabi-gcc/8/gcc/arm-none-eabi/8.5.0/thumb/v6-m/nofp/libgcc.a(mulsf3.o)
                              .build/obj_fingerpunch_ximi_v2_default/serial_vendor.a(serial_vendor.o) (__aeabi_fmul)
/opt/homebrew/Cellar/arm-none-eabi-gcc@8/8.5.0_2/lib/arm-none-eabi-gcc/8/gcc/arm-none-eabi/8.5.0/thumb/v6-m/nofp/libgcc.a(subsf3.o)
                              .build/obj_fingerpunch_ximi_v2_default/serial_vendor.a(serial_vendor.o) (__aeabi_fsub)
/opt/homebrew/Cellar/arm-none-eabi-gcc@8/8.5.0_2/lib/arm-none-eabi-gcc/8/gcc/arm-none-eabi/8.5.0/thumb/v6-m/nofp/libgcc.a(fixsfsi.o)
                              /opt/homebrew/Cellar/arm-none-eabi-gcc@8/8.5.0_2/lib/arm-none-eabi-gcc/8/gcc/arm-none-eabi/8.5.0/thumb/v6-m/nofp/libgcc.a(_fixunssfsi.o) (__aeabi_f2iz)
/opt/homebrew/Cellar/arm-none-eabi-gcc@8/8.5.0_2/lib/arm-none-eabi-gcc/8/gcc/arm-none-eabi/8.5.0/thumb/v6-m/nofp/libgcc.a(floatunsisf.o)
                              .build/obj_fingerpunch_ximi_v2_default/serial_vendor.a(serial_vendor.o) (__aeabi_ui2f)
/opt/homebrew/Cellar/arm-none-eabi-gcc@8/8.5.0_2/lib/arm-none-eabi-gcc/8/gcc/arm-none-eabi/8.5.0/thumb/v6-m/nofp/libgcc.a(_arm_cmpsf2.o)
                              /opt/homebrew/Cellar/arm-none-eabi-gcc@8/8.5.0_2/lib/arm-none-eabi-gcc/8/gcc/arm-none-eabi/8.5.0/thumb/v6-m/nofp/libgcc.a(_fixunssfsi.o) (__aeabi_fcmpge)
/opt/homebrew/Cellar/arm-none-eabi-gcc@8/8.5.0_2/lib/arm-none-eabi-gcc/8/gcc/arm-none-eabi/8.5.0/thumb/v6-m/nofp/libgcc.a(_clzsi2.o)
                              /opt/homebrew/Cellar/arm-none-eabi-gcc@8/8.5.0_2/lib/arm-none-eabi-gcc/8/gcc/arm-none-eabi/8.5.0/thumb/v6-m/nofp/libgcc.a(divsf3.o) (__clzsi2)
/opt/homebrew/Cellar/arm-none-eabi-gcc@8/8.5.0_2/lib/arm-none-eabi-gcc/8/gcc/arm-none-eabi/8.5.0/thumb/v6-m/nofp/libgcc.a(eqsf2.o)
                              /opt/homebrew/Cellar/arm-none-eabi-gcc@8/8.5.0_2/lib/arm-none-eabi-gcc/8/gcc/arm-none-eabi/8.5.0/thumb/v6-m/nofp/libgcc.a(_arm_cmpsf2.o) (__eqsf2)
/opt/homebrew/Cellar/arm-none-eabi-gcc@8/8.5.0_2/lib/arm-none-eabi-gcc/8/gcc/arm-none-eabi/8.5.0/thumb/v6-m/nofp/libgcc.a(gesf2.o)
                              /opt/homebrew/Cellar/arm-none-eabi-gcc@8/8.5.0_2/lib/arm-none-eabi-gcc/8/gcc/arm-none-eabi/8.5.0/thumb/v6-m/nofp/libgcc.a(_arm_cmpsf2.o) (__gesf2)
/opt/homebrew/Cellar/arm-none-eabi-gcc@8/8.5.0_2/lib/arm-none-eabi-gcc/8/gcc/arm-none-eabi/8.5.0/thumb/v6-m/nofp/libgcc.a(lesf2.o)
                              /opt/homebrew/Cellar/arm-none-eabi-gcc@8/8.5.0_2/lib/arm-none-eabi-gcc/8/gcc/arm-none-eabi/8.5.0/thumb/v6-m/nofp/libgcc.a(_arm_cmpsf2.o) (__lesf2)
/opt/homebrew/Cellar/arm-none-eabi-gcc@8/8.5.0_2/lib/arm-none-eabi-gcc/8/gcc/arm-none-eabi/8.5.0/../../../../../../arm-none-eabi/lib/thumb/v6-m/nofp/libg_nano.a(lib_a-ctype_.o)
                              .build/obj_fingerpunch_ximi_v2_default/quantum/send_string/send_string.o (symbol from plugin) (_ctype_)
/opt/homebrew/Cellar/arm-none-eabi-gcc@8/8.5.0_2/lib/arm-none-eabi-gcc/8/gcc/arm-none-eabi/8.5.0/../../../../../../arm-none-eabi/lib/thumb/v6-m/nofp/libg_nano.a(lib_a-errno.o)
                              .build/obj_fingerpunch_ximi_v2/platforms/chibios/syscall-fallbacks.o (symbol from plugin) (__errno)
/opt/homebrew/Cellar/arm-none-eabi-gcc@8/8.5.0_2/lib/arm-none-eabi-gcc/8/gcc/arm-none-eabi/8.5.0/../../../../../../arm-none-eabi/lib/thumb/v6-m/nofp/libg_nano.a(lib_a-impure.o)
[...]
Memory Configuration

Name             Origin             Length             Attributes
flash0           0x00000000         0x00004000         xr
flash1           0x10000000         0x00200000         xr
flash2           0x00000000         0x00000000         xr
flash3           0x00000000         0x00000000         xr
flash4           0x00000000         0x00000000         xr
flash5           0x00000000         0x00000000         xr
flash6           0x00000000         0x00000000         xr
flash7           0x00000000         0x00000000         xr
ram0             0x20000000         0x00040000         xw
ram1             0x00000000         0x00040000         xw
ram2             0x00000000         0x00000000         xw
ram3             0x00000000         0x00000000         xw
ram4             0x20040000         0x00001000         xw
ram5             0x20041000         0x00001000         xw
ram6             0x00000000         0x00000000         xw
ram7             0x20041f00         0x00000100         xw
*default*        0x00000000         0xffffffff

Linker script and memory map

LOAD .build/obj_fingerpunch_ximi_v2_default/keyboards/fingerpunch/src/fp.o
LOAD /tmp/cc9y6a2zdebugobj
LOAD /tmp/ccWyCIEc.ltrans0.ltrans.o
LOAD /tmp/ccWyCIEc.ltrans1.ltrans.o
LOAD .build/obj_fingerpunch_ximi_v2_default/keyboards/fingerpunch/src/fp_haptic.o
LOAD .build/obj_fingerpunch_ximi_v2_default/keyboards/fingerpunch/src/fp_audio.o
LOAD .build/obj_fingerpunch_ximi_v2_default/keyboards/fingerpunch/src/fp_keyhandler.o
LOAD .build/obj_fingerpunch_ximi_v2_default/keyboards/fingerpunch/src/fp_encoder.o
LOAD .build/obj_fingerpunch_ximi_v2_default/keyboards/fingerpunch/src/fp_pointing.o
LOAD .build/obj_fingerpunch_ximi_v2_default/keyboards/fingerpunch/src/fp_rgb_common.o
LOAD .build/obj_fingerpunch_ximi_v2_default/keyboards/fingerpunch/src/fp_rgblight.o
LOAD .build/obj_fingerpunch_ximi_v2_default/keyboards/fingerpunch/src/fp_rgb_matrix.o
LOAD .build/obj_fingerpunch_ximi_v2_default/keyboards/fingerpunch/ximi/ximi.o
LOAD .build/obj_fingerpunch_ximi_v2_default/keyboards/fingerpunch/ximi/v2/v2.o
LOAD .build/obj_fingerpunch_ximi_v2_default/.build/obj_fingerpunch_ximi_v2/src/default_keyboard.o
LOAD .build/obj_fingerpunch_ximi_v2_default/quantum/keymap_introspection.o
LOAD .build/obj_fingerpunch_ximi_v2_default/quantum/quantum.o
LOAD .build/obj_fingerpunch_ximi_v2_default/quantum/bitwise.o
LOAD .build/obj_fingerpunch_ximi_v2_default/quantum/led.o
LOAD .build/obj_fingerpunch_ximi_v2_default/quantum/action.o
LOAD .build/obj_fingerpunch_ximi_v2_default/quantum/action_layer.o
LOAD .build/obj_fingerpunch_ximi_v2_default/quantum/action_tapping.o
LOAD .build/obj_fingerpunch_ximi_v2_default/quantum/action_util.o
LOAD .build/obj_fingerpunch_ximi_v2_default/quantum/eeconfig.o
LOAD .build/obj_fingerpunch_ximi_v2_default/quantum/keyboard.o
LOAD .build/obj_fingerpunch_ximi_v2_default/quantum/keymap_common.o
LOAD .build/obj_fingerpunch_ximi_v2_default/quantum/keycode_config.o
LOAD .build/obj_fingerpunch_ximi_v2_default/quantum/sync_timer.o
LOAD .build/obj_fingerpunch_ximi_v2_default/quantum/logging/debug.o
LOAD .build/obj_fingerpunch_ximi_v2_default/quantum/logging/sendchar.o
LOAD .build/obj_fingerpunch_ximi_v2_default/quantum/logging/print.o
LOAD .build/obj_fingerpunch_ximi_v2_default/quantum/bootmagic/magic.o
LOAD .build/obj_fingerpunch_ximi_v2_default/quantum/matrix_common.o
LOAD .build/obj_fingerpunch_ximi_v2_default/quantum/matrix.o
LOAD .build/obj_fingerpunch_ximi_v2_default/quantum/debounce/sym_defer_g.o
LOAD .build/obj_fingerpunch_ximi_v2_default/quantum/split_common/split_util.o
LOAD .build/obj_fingerpunch_ximi_v2_default/quantum/split_common/transport.o
LOAD .build/obj_fingerpunch_ximi_v2_default/quantum/split_common/transactions.o
LOAD .build/obj_fingerpunch_ximi_v2_default/quantum/main.o
LOAD .build/obj_fingerpunch_ximi_v2_default/printf.o
LOAD .build/obj_fingerpunch_ximi_v2_default/quantum/process_keycode/process_audio.o
LOAD .build/obj_fingerpunch_ximi_v2_default/quantum/process_keycode/process_clicky.o
LOAD .build/obj_fingerpunch_ximi_v2_default/quantum/audio/audio.o
LOAD .build/obj_fingerpunch_ximi_v2_default/platforms/chibios/drivers/audio_pwm_hardware.o
LOAD .build/obj_fingerpunch_ximi_v2_default/quantum/audio/voices.o
LOAD .build/obj_fingerpunch_ximi_v2_default/quantum/audio/luts.o
LOAD .build/obj_fingerpunch_ximi_v2_default/quantum/process_keycode/process_music.o
LOAD .build/obj_fingerpunch_ximi_v2_default/quantum/mousekey.o
LOAD .build/obj_fingerpunch_ximi_v2_default/quantum/pointing_device/pointing_device.o
LOAD .build/obj_fingerpunch_ximi_v2_default/quantum/pointing_device/pointing_device_drivers.o
LOAD .build/obj_fingerpunch_ximi_v2_default/quantum/pointing_device/pointing_device_auto_mouse.o
LOAD .build/obj_fingerpunch_ximi_v2_default/drivers/sensors/cirque_pinnacle_spi.o
LOAD .build/obj_fingerpunch_ximi_v2_default/drivers/sensors/cirque_pinnacle.o
LOAD .build/obj_fingerpunch_ximi_v2_default/drivers/sensors/cirque_pinnacle_gestures.o
LOAD .build/obj_fingerpunch_ximi_v2_default/quantum/pointing_device/pointing_device_gestures.o
LOAD .build/obj_fingerpunch_ximi_v2_default/eeprom_driver.o
LOAD .build/obj_fingerpunch_ximi_v2_default/eeprom_wear_leveling.o
LOAD .build/obj_fingerpunch_ximi_v2_default/wear_leveling.o
LOAD .build/obj_fingerpunch_ximi_v2_default/wear_leveling_rp2040_flash.o
LOAD .build/obj_fingerpunch_ximi_v2_default/crc.o
LOAD .build/obj_fingerpunch_ximi_v2_default/qmk_fnv_type_validation.o
LOAD .build/obj_fingerpunch_ximi_v2_default/hash_32a.o
LOAD .build/obj_fingerpunch_ximi_v2_default/hash_64a.o
LOAD .build/obj_fingerpunch_ximi_v2_default/quantum/process_keycode/process_magic.o
LOAD .build/obj_fingerpunch_ximi_v2_default/quantum/send_string/send_string.o
LOAD .build/obj_fingerpunch_ximi_v2_default/quantum/encoder.o
LOAD .build/obj_fingerpunch_ximi_v2_default/quantum/deferred_exec.o
LOAD .build/obj_fingerpunch_ximi_v2_default/quantum/process_keycode/process_grave_esc.o
LOAD .build/obj_fingerpunch_ximi_v2_default/quantum/process_keycode/process_space_cadet.o
LOAD .build/obj_fingerpunch_ximi_v2_default/spi_master.a
LOAD .build/obj_fingerpunch_ximi_v2_default/serial_protocol.a
LOAD .build/obj_fingerpunch_ximi_v2_default/serial_vendor.a
LOAD .build/obj_fingerpunch_ximi_v2_default/./lib/chibios/os/common/startup/ARMCMx/compilers/GCC/crt0_v6m.o
LOAD .build/obj_fingerpunch_ximi_v2_default/./lib/chibios/os/common/startup/ARMCMx/compilers/GCC/vectors.o
LOAD .build/obj_fingerpunch_ximi_v2_default/./lib/chibios/os/common/ports/ARMv6-M-RP2/compilers/GCC/chcoreasm.o
LOAD .build/obj_fingerpunch_ximi_v2_default/protocol/host.o
LOAD .build/obj_fingerpunch_ximi_v2_default/protocol/report.o
LOAD .build/obj_fingerpunch_ximi_v2_default/protocol/usb_device_state.o
LOAD .build/obj_fingerpunch_ximi_v2_default/protocol/usb_util.o
LOAD .build/obj_fingerpunch_ximi_v2_default/platforms/suspend.o
LOAD .build/obj_fingerpunch_ximi_v2_default/platforms/synchronization_util.o
LOAD .build/obj_fingerpunch_ximi_v2_default/platforms/timer.o
LOAD .build/obj_fingerpunch_ximi_v2_default/platforms/chibios/hardware_id.o
LOAD .build/obj_fingerpunch_ximi_v2_default/platforms/chibios/platform.o
LOAD .build/obj_fingerpunch_ximi_v2_default/platforms/chibios/suspend.o
LOAD .build/obj_fingerpunch_ximi_v2_default/platforms/chibios/timer.o
LOAD .build/obj_fingerpunch_ximi_v2_default/platforms/chibios/bootloaders/rp2040.o
LOAD .build/obj_fingerpunch_ximi_v2_default/protocol/chibios/usb_main.o
LOAD .build/obj_fingerpunch_ximi_v2_default/protocol/chibios/chibios.o
LOAD .build/obj_fingerpunch_ximi_v2_default/usb_descriptor.o
LOAD .build/obj_fingerpunch_ximi_v2_default/protocol/chibios/usb_driver.o
LOAD .build/obj_fingerpunch_ximi_v2_default/protocol/chibios/usb_util.o
LOAD .build/obj_fingerpunch_ximi_v2_default/./lib/chibios/os/oslib/src/chmboxes.o
LOAD .build/obj_fingerpunch_ximi_v2_default/./lib/chibios/os/oslib/src/chmemcore.o
LOAD .build/obj_fingerpunch_ximi_v2_default/./lib/chibios/os/oslib/src/chmemheaps.o
LOAD .build/obj_fingerpunch_ximi_v2_default/./lib/chibios/os/oslib/src/chmempools.o
LOAD .build/obj_fingerpunch_ximi_v2_default/./lib/chibios/os/oslib/src/chpipes.o
LOAD .build/obj_fingerpunch_ximi_v2_default/./lib/chibios/os/oslib/src/chobjcaches.o
LOAD .build/obj_fingerpunch_ximi_v2_default/./lib/chibios/os/oslib/src/chdelegates.o
LOAD .build/obj_fingerpunch_ximi_v2_default/./lib/chibios/os/oslib/src/chfactory.o
LOAD .build/obj_fingerpunch_ximi_v2/lib/chibios/os/common/startup/ARMCMx/compilers/GCC/crt1.o
LOAD .build/obj_fingerpunch_ximi_v2/lib/chibios/os/rt/src/chsys.o
LOAD .build/obj_fingerpunch_ximi_v2/lib/chibios/os/rt/src/chrfcu.o
LOAD .build/obj_fingerpunch_ximi_v2/lib/chibios/os/rt/src/chdebug.o
LOAD .build/obj_fingerpunch_ximi_v2/lib/chibios/os/rt/src/chtrace.o
LOAD .build/obj_fingerpunch_ximi_v2/lib/chibios/os/rt/src/chvt.o
LOAD .build/obj_fingerpunch_ximi_v2/lib/chibios/os/rt/src/chschd.o
LOAD .build/obj_fingerpunch_ximi_v2/lib/chibios/os/rt/src/chinstances.o
LOAD .build/obj_fingerpunch_ximi_v2/lib/chibios/os/rt/src/chthreads.o
LOAD .build/obj_fingerpunch_ximi_v2/lib/chibios/os/rt/src/chtm.o
LOAD .build/obj_fingerpunch_ximi_v2/lib/chibios/os/rt/src/chstats.o
LOAD .build/obj_fingerpunch_ximi_v2/lib/chibios/os/rt/src/chregistry.o
LOAD .build/obj_fingerpunch_ximi_v2/lib/chibios/os/rt/src/chsem.o
LOAD .build/obj_fingerpunch_ximi_v2/lib/chibios/os/rt/src/chmtx.o
LOAD .build/obj_fingerpunch_ximi_v2/lib/chibios/os/rt/src/chcond.o
LOAD .build/obj_fingerpunch_ximi_v2/lib/chibios/os/rt/src/chevents.o
LOAD .build/obj_fingerpunch_ximi_v2/lib/chibios/os/rt/src/chmsg.o
LOAD .build/obj_fingerpunch_ximi_v2/lib/chibios/os/rt/src/chdynamic.o
LOAD .build/obj_fingerpunch_ximi_v2/lib/chibios/os/common/ports/ARMv6-M-RP2/chcore.o
LOAD .build/obj_fingerpunch_ximi_v2/lib/chibios/os/hal/osal/rt-nil/osal.o
LOAD .build/obj_fingerpunch_ximi_v2/lib/chibios/os/hal/src/hal.o
LOAD .build/obj_fingerpunch_ximi_v2/lib/chibios/os/hal/src/hal_st.o
LOAD .build/obj_fingerpunch_ximi_v2/lib/chibios/os/hal/src/hal_buffers.o
LOAD .build/obj_fingerpunch_ximi_v2/lib/chibios/os/hal/src/hal_queues.o
LOAD .build/obj_fingerpunch_ximi_v2/lib/chibios/os/hal/src/hal_flash.o
LOAD .build/obj_fingerpunch_ximi_v2/lib/chibios/os/hal/src/hal_mmcsd.o
LOAD .build/obj_fingerpunch_ximi_v2/lib/chibios/os/hal/src/hal_adc.o
LOAD .build/obj_fingerpunch_ximi_v2/lib/chibios/os/hal/src/hal_can.o
LOAD .build/obj_fingerpunch_ximi_v2/lib/chibios/os/hal/src/hal_crypto.o
LOAD .build/obj_fingerpunch_ximi_v2/lib/chibios/os/hal/src/hal_dac.o
LOAD .build/obj_fingerpunch_ximi_v2/lib/chibios/os/hal/src/hal_efl.o
LOAD .build/obj_fingerpunch_ximi_v2/lib/chibios/os/hal/src/hal_gpt.o
LOAD .build/obj_fingerpunch_ximi_v2/lib/chibios/os/hal/src/hal_i2c.o
LOAD .build/obj_fingerpunch_ximi_v2/lib/chibios/os/hal/src/hal_i2s.o
LOAD .build/obj_fingerpunch_ximi_v2/lib/chibios/os/hal/src/hal_icu.o
LOAD .build/obj_fingerpunch_ximi_v2/lib/chibios/os/hal/src/hal_mac.o
LOAD .build/obj_fingerpunch_ximi_v2/lib/chibios/os/hal/src/hal_mmc_spi.o
LOAD .build/obj_fingerpunch_ximi_v2/lib/chibios/os/hal/src/hal_pal.o
LOAD .build/obj_fingerpunch_ximi_v2/lib/chibios/os/hal/src/hal_pwm.o
LOAD .build/obj_fingerpunch_ximi_v2/lib/chibios/os/hal/src/hal_rtc.o
LOAD .build/obj_fingerpunch_ximi_v2/lib/chibios/os/hal/src/hal_sdc.o
LOAD .build/obj_fingerpunch_ximi_v2/lib/chibios/os/hal/src/hal_serial.o
LOAD .build/obj_fingerpunch_ximi_v2/lib/chibios/os/hal/src/hal_serial_usb.o
LOAD .build/obj_fingerpunch_ximi_v2/lib/chibios/os/hal/src/hal_sio.o
LOAD .build/obj_fingerpunch_ximi_v2/lib/chibios/os/hal/src/hal_spi.o
LOAD .build/obj_fingerpunch_ximi_v2/lib/chibios/os/hal/src/hal_trng.o
LOAD .build/obj_fingerpunch_ximi_v2/lib/chibios/os/hal/src/hal_uart.o
LOAD .build/obj_fingerpunch_ximi_v2/lib/chibios/os/hal/src/hal_usb.o
LOAD .build/obj_fingerpunch_ximi_v2/lib/chibios/os/hal/src/hal_wdg.o
LOAD .build/obj_fingerpunch_ximi_v2/lib/chibios/os/hal/src/hal_wspi.o
LOAD .build/obj_fingerpunch_ximi_v2/lib/chibios/os/hal/ports/common/ARMCMx/nvic.o
LOAD .build/obj_fingerpunch_ximi_v2/lib/chibios/os/hal/ports/RP/RP2040/rp_isr.o
LOAD .build/obj_fingerpunch_ximi_v2/lib/chibios/os/hal/ports/RP/RP2040/hal_lld.o
LOAD .build/obj_fingerpunch_ximi_v2/lib/chibios/os/hal/ports/RP/LLD/DMAv1/rp_dma.o
LOAD .build/obj_fingerpunch_ximi_v2/lib/chibios/os/hal/ports/RP/LLD/GPIOv1/hal_pal_lld.o
LOAD .build/obj_fingerpunch_ximi_v2/lib/chibios/os/hal/ports/RP/LLD/SPIv1/hal_spi_lld.o
LOAD .build/obj_fingerpunch_ximi_v2/lib/chibios/os/hal/ports/RP/LLD/TIMERv1/hal_st_lld.o
LOAD .build/obj_fingerpunch_ximi_v2/lib/chibios/os/hal/ports/RP/LLD/UARTv1/hal_sio_lld.o
LOAD .build/obj_fingerpunch_ximi_v2/lib/chibios/os/hal/ports/RP/LLD/RTCv1/hal_rtc_lld.o
LOAD .build/obj_fingerpunch_ximi_v2/lib/chibios/os/hal/ports/RP/LLD/WDGv1/hal_wdg_lld.o
LOAD .build/obj_fingerpunch_ximi_v2/lib/chibios-contrib/os/hal/ports/RP/LLD/I2Cv1/hal_i2c_lld.o
LOAD .build/obj_fingerpunch_ximi_v2/lib/chibios-contrib/os/hal/ports/RP/LLD/PWMv1/hal_pwm_lld.o
LOAD .build/obj_fingerpunch_ximi_v2/lib/chibios-contrib/os/hal/ports/RP/LLD/ADCv1/hal_adc_lld.o
LOAD .build/obj_fingerpunch_ximi_v2/lib/chibios-contrib/os/hal/ports/RP/LLD/USBDv1/hal_usb_lld.o
LOAD .build/obj_fingerpunch_ximi_v2/lib/chibios/os/hal/boards/RP_PICO_RP2040/board.o
LOAD .build/obj_fingerpunch_ximi_v2/lib/chibios/os/hal/lib/streams/chprintf.o
LOAD .build/obj_fingerpunch_ximi_v2/lib/chibios/os/hal/lib/streams/chscanf.o
LOAD .build/obj_fingerpunch_ximi_v2/lib/chibios/os/hal/lib/streams/memstreams.o
LOAD .build/obj_fingerpunch_ximi_v2/lib/chibios/os/hal/lib/streams/nullstreams.o
LOAD .build/obj_fingerpunch_ximi_v2/lib/chibios/os/hal/lib/streams/bufstreams.o
LOAD .build/obj_fingerpunch_ximi_v2/lib/chibios/os/various/syscalls.o
LOAD .build/obj_fingerpunch_ximi_v2/platforms/chibios/syscall-fallbacks.o
LOAD .build/obj_fingerpunch_ximi_v2/platforms/chibios/wait.o
LOAD .build/obj_fingerpunch_ximi_v2/platforms/chibios/synchronization_util.o
LOAD .build/obj_fingerpunch_ximi_v2/./lib/pico-sdk/src/rp2_common/hardware_clocks/clocks.o
LOAD .build/obj_fingerpunch_ximi_v2/./lib/pico-sdk/src/rp2_common/hardware_pll/pll.o
LOAD .build/obj_fingerpunch_ximi_v2/./lib/pico-sdk/src/rp2_common/hardware_pio/pio.o
LOAD .build/obj_fingerpunch_ximi_v2/./lib/pico-sdk/src/rp2_common/hardware_timer/timer.o
LOAD .build/obj_fingerpunch_ximi_v2/./lib/pico-sdk/src/rp2_common/hardware_flash/flash.o
LOAD .build/obj_fingerpunch_ximi_v2/./lib/pico-sdk/src/rp2_common/hardware_gpio/gpio.o
LOAD .build/obj_fingerpunch_ximi_v2/./lib/pico-sdk/src/rp2_common/hardware_claim/claim.o
LOAD .build/obj_fingerpunch_ximi_v2/./lib/pico-sdk/src/rp2_common/hardware_watchdog/watchdog.o
LOAD .build/obj_fingerpunch_ximi_v2/./lib/pico-sdk/src/rp2_common/hardware_xosc/xosc.o
LOAD .build/obj_fingerpunch_ximi_v2/./lib/pico-sdk/src/rp2_common/pico_bootrom/bootrom.o
LOAD .build/obj_fingerpunch_ximi_v2/platforms/chibios/vendors/RP/stage2_bootloaders.o
LOAD .build/obj_fingerpunch_ximi_v2/platforms/chibios/vendors/RP/pico_sdk_shims.o
LOAD .build/obj_fingerpunch_ximi_v2/./lib/pico-sdk/src/rp2_common/pico_divider/divider.o
LOAD .build/obj_fingerpunch_ximi_v2/./lib/pico-sdk/src/rp2_common/pico_int64_ops/pico_int64_ops_aeabi.o
                0x00000800                        __process_stack_size__ = 0x800
                0x00000400                        __main_stack_size__ = 0x400
LOAD /opt/homebrew/Cellar/arm-none-eabi-gcc@8/8.5.0_2/lib/arm-none-eabi-gcc/8/gcc/arm-none-eabi/8.5.0/../../../../../../arm-none-eabi/lib/thumb/v6-m/nofp/libm.a
START GROUP
LOAD /opt/homebrew/Cellar/arm-none-eabi-gcc@8/8.5.0_2/lib/arm-none-eabi-gcc/8/gcc/arm-none-eabi/8.5.0/thumb/v6-m/nofp/libgcc.a
LOAD /opt/homebrew/Cellar/arm-none-eabi-gcc@8/8.5.0_2/lib/arm-none-eabi-gcc/8/gcc/arm-none-eabi/8.5.0/../../../../../../arm-none-eabi/lib/thumb/v6-m/nofp/libg_nano.a
LOAD /opt/homebrew/Cellar/arm-none-eabi-gcc@8/8.5.0_2/lib/arm-none-eabi-gcc/8/gcc/arm-none-eabi/8.5.0/../../../../../../arm-none-eabi/lib/thumb/v6-m/nofp/libc_nano.a
END GROUP
START GROUP
LOAD /opt/homebrew/Cellar/arm-none-eabi-gcc@8/8.5.0_2/lib/arm-none-eabi-gcc/8/gcc/arm-none-eabi/8.5.0/thumb/v6-m/nofp/libgcc.a
LOAD /opt/homebrew/Cellar/arm-none-eabi-gcc@8/8.5.0_2/lib/arm-none-eabi-gcc/8/gcc/arm-none-eabi/8.5.0/../../../../../../arm-none-eabi/lib/thumb/v6-m/nofp/libc_nano.a
END GROUP

.flash_begin    0x10000000        0x0
                0x10000000                        __flash_binary_start = .

.boot2          0x10000000      0x100
                0x10000000                        __boot2_start__ = .
 *(.boot2)
 .boot2         0x10000000      0x100 /tmp/ccWyCIEc.ltrans0.ltrans.o
                0x10000000                BOOT2_ROM
                0x10000100                        __boot2_end__ = .

.mstack         0x20040000      0x400
                0x20040000                        . = ALIGN (0x8)
                0x20040000                        __main_stack_base__ = .
                0x20040400                        . = (. + __main_stack_size__)
 *fill*         0x20040000      0x400 
                0x20040400                        . = ALIGN (0x8)
                0x20040400                        __main_stack_end__ = .

.pstack         0x20040400      0x800
                0x20040400                        . = ALIGN (0x8)
                0x20040400                        __process_stack_base__ = .
                0x20040400                        __main_thread_stack_base__ = .
                0x20040c00                        . = (. + __process_stack_size__)
 *fill*         0x20040400      0x800 
                0x20040c00                        . = ALIGN (0x8)
                0x20040c00                        __process_stack_end__ = .
                0x20040c00                        __main_thread_stack_end__ = .
                0x00000400                        __c1_main_stack_size__ = __main_stack_size__
                0x00000800                        __c1_process_stack_size__ = __process_stack_size__

.c1_mstack      0x20041000      0x400
                0x20041000                        . = ALIGN (0x8)
                0x20041000                        __c1_main_stack_base__ = .
                0x20041400                        . = (. + __c1_main_stack_size__)
 *fill*         0x20041000      0x400 
                0x20041400                        . = ALIGN (0x8)
                0x20041400                        __c1_main_stack_end__ = .

.c1_pstack      0x20041400      0x800
                0x20041400                        . = ALIGN (0x8)
                0x20041400                        __c1_process_stack_base__ = .
                0x20041400                        __c1_main_thread_stack_base__ = .
                0x20041c00                        . = (. + __c1_process_stack_size__)
 *fill*         0x20041400      0x800 
                0x20041c00                        . = ALIGN (0x8)
                0x20041c00                        __c1_process_stack_end__ = .
                0x20041c00                        __c1_main_thread_stack_end__ = .

.vectors        0x10000100       0xc0
                0x10000100                        __textvectors_base__ = LOADADDR (.vectors)
                0x10000100                        __vectors_base__ = .
 *(.vectors)
 .vectors       0x10000100       0xc0 .build/obj_fingerpunch_ximi_v2_default/./lib/chibios/os/common/startup/ARMCMx/compilers/GCC/vectors.o
                0x10000100                _vectors
                0x100001c0                        __vectors_end__ = .

.xtors          0x100001c0        0x0
                0x100001c0                        __init_array_base__ = .
 *(SORT_BY_NAME(.init_array.*))
 *(.init_array)
                0x100001c0                        __init_array_end__ = .
                0x100001c0                        __fini_array_base__ = .
 *(.fini_array)
 *(SORT_BY_NAME(.fini_array.*))
                0x100001c0                        __fini_array_end__ = .

.text           0x100001c0     0xe0d0
                0x100001c0                        __text_base__ = .
 *(.text)
 .text          0x100001c0      0x104 .build/obj_fingerpunch_ximi_v2_default/./lib/chibios/os/common/startup/ARMCMx/compilers/GCC/crt0_v6m.o
                0x100001c0                _crt0_entry
 .text          0x100002c4        0x8 .build/obj_fingerpunch_ximi_v2_default/./lib/chibios/os/common/startup/ARMCMx/compilers/GCC/vectors.o
                0x100002c4                Reset_Handler
                0x100002c6                Vector9C
                0x100002c6                VectorAC
                0x100002c6                DebugMon_Handler
                0x100002c6                Vector5C
                0x100002c6                HardFault_Handler
                0x100002c6                Vector8C
                0x100002c6                SysTick_Handler
                0x100002c6                PendSV_Handler
                0x100002c6                Vector94
                0x100002c6                VectorA8
                0x100002c6                VectorB4
                0x100002c6                Vector74
                0x100002c6                UsageFault_Handler
                0x100002c6                VectorBC
                0x100002c6                Vector98
                0x100002c6                Vector24
                0x100002c6                Vector84
                0x100002c6                SecureFault_Handler
                0x100002c6                MemManage_Handler
                0x100002c6                SVC_Handler
                0x100002c6                VectorB0
                0x100002c6                Vector90
                0x100002c6                Vector60
                0x100002c6                Vector68
                0x100002c6                Vector78
                0x100002c6                Vector20
                0x100002c6                Vector58
                0x100002c6                Vector88
                0x100002c6                BusFault_Handler
                0x100002c6                Vector28
                0x100002c6                VectorB8
                0x100002c6                Vector34
                0x100002c6                VectorA4
                0x100002ca                _unhandled_exception
 .text          0x100002cc       0x48 .build/obj_fingerpunch_ximi_v2_default/./lib/chibios/os/common/ports/ARMv6-M-RP2/compilers/GCC/chcoreasm.o
                0x100002cc                __port_switch
                0x100002ec                __port_thread_start
                0x100002fe                __port_switch_from_isr
                0x10000302                __port_exit_from_isr
 .text          0x10000314        0x4 /opt/homebrew/Cellar/arm-none-eabi-gcc@8/8.5.0_2/lib/arm-none-eabi-gcc/8/gcc/arm-none-eabi/8.5.0/thumb/v6-m/nofp/libgcc.a(_dvmd_tls.o)
                0x10000314                __aeabi_ldiv0
                0x10000314                __aeabi_idiv0
 .text          0x10000318       0x30 /opt/homebrew/Cellar/arm-none-eabi-gcc@8/8.5.0_2/lib/arm-none-eabi-gcc/8/gcc/arm-none-eabi/8.5.0/thumb/v6-m/nofp/libgcc.a(_fixunssfsi.o)
                0x10000318                __aeabi_f2uiz
                0x10000318                __fixunssfsi
 .text          0x10000348      0x230 /opt/homebrew/Cellar/arm-none-eabi-gcc@8/8.5.0_2/lib/arm-none-eabi-gcc/8/gcc/arm-none-eabi/8.5.0/thumb/v6-m/nofp/libgcc.a(divsf3.o)
                0x10000348                __aeabi_fdiv
 .text          0x10000578      0x22c /opt/homebrew/Cellar/arm-none-eabi-gcc@8/8.5.0_2/lib/arm-none-eabi-gcc/8/gcc/arm-none-eabi/8.5.0/thumb/v6-m/nofp/libgcc.a(mulsf3.o)
                0x10000578                __aeabi_fmul
 .text          0x100007a4      0x344 /opt/homebrew/Cellar/arm-none-eabi-gcc@8/8.5.0_2/lib/arm-none-eabi-gcc/8/gcc/arm-none-eabi/8.5.0/thumb/v6-m/nofp/libgcc.a(subsf3.o)
                0x100007a4                __aeabi_fsub
 .text          0x10000ae8       0x40 /opt/homebrew/Cellar/arm-none-eabi-gcc@8/8.5.0_2/lib/arm-none-eabi-gcc/8/gcc/arm-none-eabi/8.5.0/thumb/v6-m/nofp/libgcc.a(fixsfsi.o)
                0x10000ae8                __aeabi_f2iz
 .text          0x10000b28       0x80 /opt/homebrew/Cellar/arm-none-eabi-gcc@8/8.5.0_2/lib/arm-none-eabi-gcc/8/gcc/arm-none-eabi/8.5.0/thumb/v6-m/nofp/libgcc.a(floatunsisf.o)
                0x10000b28                __aeabi_ui2f
 .text          0x10000ba8       0x74 /opt/homebrew/Cellar/arm-none-eabi-gcc@8/8.5.0_2/lib/arm-none-eabi-gcc/8/gcc/arm-none-eabi/8.5.0/thumb/v6-m/nofp/libgcc.a(_arm_cmpsf2.o)
                0x10000ba8                __aeabi_cfrcmple
                0x10000bb0                __aeabi_cfcmple
                0x10000bb0                __aeabi_cfcmpeq
                0x10000bc0                __aeabi_fcmpeq
                0x10000bcc                __aeabi_fcmplt
                0x10000be0                __aeabi_fcmple
                0x10000bf4                __aeabi_fcmpgt
                0x10000c08                __aeabi_fcmpge
 .text          0x10000c1c       0x3c /opt/homebrew/Cellar/arm-none-eabi-gcc@8/8.5.0_2/lib/arm-none-eabi-gcc/8/gcc/arm-none-eabi/8.5.0/thumb/v6-m/nofp/libgcc.a(_clzsi2.o)
                0x10000c1c                __clzsi2
 .text          0x10000c58       0x50 /opt/homebrew/Cellar/arm-none-eabi-gcc@8/8.5.0_2/lib/arm-none-eabi-gcc/8/gcc/arm-none-eabi/8.5.0/thumb/v6-m/nofp/libgcc.a(eqsf2.o)
                0x10000c58                __nesf2
                0x10000c58                __eqsf2
 .text          0x10000ca8       0x98 /opt/homebrew/Cellar/arm-none-eabi-gcc@8/8.5.0_2/lib/arm-none-eabi-gcc/8/gcc/arm-none-eabi/8.5.0/thumb/v6-m/nofp/libgcc.a(gesf2.o)
                0x10000ca8                __gtsf2
                0x10000ca8                __gesf2
 .text          0x10000d40       0x94 /opt/homebrew/Cellar/arm-none-eabi-gcc@8/8.5.0_2/lib/arm-none-eabi-gcc/8/gcc/arm-none-eabi/8.5.0/thumb/v6-m/nofp/libgcc.a(lesf2.o)
                0x10000d40                __lesf2
                0x10000d40                __ltsf2
 .text          0x10000dd4       0x14 /opt/homebrew/Cellar/arm-none-eabi-gcc@8/8.5.0_2/lib/arm-none-eabi-gcc/8/gcc/arm-none-eabi/8.5.0/thumb/v6-m/nofp/libgcc.a(_thumb1_case_sqi.o)
                0x10000dd4                __gnu_thumb1_case_sqi
 .text          0x10000de8       0x14 /opt/homebrew/Cellar/arm-none-eabi-gcc@8/8.5.0_2/lib/arm-none-eabi-gcc/8/gcc/arm-none-eabi/8.5.0/thumb/v6-m/nofp/libgcc.a(_thumb1_case_uqi.o)
                0x10000de8                __gnu_thumb1_case_uqi
 .text          0x10000dfc       0x14 /opt/homebrew/Cellar/arm-none-eabi-gcc@8/8.5.0_2/lib/arm-none-eabi-gcc/8/gcc/arm-none-eabi/8.5.0/thumb/v6-m/nofp/libgcc.a(_thumb1_case_shi.o)
                0x10000dfc                __gnu_thumb1_case_shi
 .text          0x10000e10       0x14 /opt/homebrew/Cellar/arm-none-eabi-gcc@8/8.5.0_2/lib/arm-none-eabi-gcc/8/gcc/arm-none-eabi/8.5.0/thumb/v6-m/nofp/libgcc.a(_thumb1_case_uhi.o)
                0x10000e10                __gnu_thumb1_case_uhi
 .text          0x10000e24       0x7c /opt/homebrew/Cellar/arm-none-eabi-gcc@8/8.5.0_2/lib/arm-none-eabi-gcc/8/gcc/arm-none-eabi/8.5.0/thumb/v6-m/nofp/libgcc.a(_arm_cmpdf2.o)
                0x10000e24                __aeabi_cdrcmple
                0x10000e34                __aeabi_cdcmple
                0x10000e34                __aeabi_cdcmpeq
                0x10000e44                __aeabi_dcmpeq
                0x10000e50                __aeabi_dcmplt
                0x10000e64                __aeabi_dcmple
                0x10000e78                __aeabi_dcmpgt
                0x10000e8c                __aeabi_dcmpge
 .text          0x10000ea0       0x40 /opt/homebrew/Cellar/arm-none-eabi-gcc@8/8.5.0_2/lib/arm-none-eabi-gcc/8/gcc/arm-none-eabi/8.5.0/thumb/v6-m/nofp/libgcc.a(_ctzsi2.o)
                0x10000ea0                __ctzsi2
 .text          0x10000ee0       0x3c /opt/homebrew/Cellar/arm-none-eabi-gcc@8/8.5.0_2/lib/arm-none-eabi-gcc/8/gcc/arm-none-eabi/8.5.0/thumb/v6-m/nofp/libgcc.a(_fixunsdfsi.o)
                0x10000ee0                __fixunsdfsi
                0x10000ee0                __aeabi_d2uiz
 .text          0x10000f1c      0x2f0 /opt/homebrew/Cellar/arm-none-eabi-gcc@8/8.5.0_2/lib/arm-none-eabi-gcc/8/gcc/arm-none-eabi/8.5.0/thumb/v6-m/nofp/libgcc.a(addsf3.o)
                0x10000f1c                __aeabi_fadd
 .text          0x1000120c       0x94 /opt/homebrew/Cellar/arm-none-eabi-gcc@8/8.5.0_2/lib/arm-none-eabi-gcc/8/gcc/arm-none-eabi/8.5.0/thumb/v6-m/nofp/libgcc.a(floatsisf.o)
                0x1000120c                __aeabi_i2f
 .text          0x100012a0      0x6ec /opt/homebrew/Cellar/arm-none-eabi-gcc@8/8.5.0_2/lib/arm-none-eabi-gcc/8/gcc/arm-none-eabi/8.5.0/thumb/v6-m/nofp/libgcc.a(adddf3.o)
                0x100012a0                __aeabi_dadd
 .text          0x1000198c      0x5b8 /opt/homebrew/Cellar/arm-none-eabi-gcc@8/8.5.0_2/lib/arm-none-eabi-gcc/8/gcc/arm-none-eabi/8.5.0/thumb/v6-m/nofp/libgcc.a(divdf3.o)
                0x1000198c                __aeabi_ddiv
 .text          0x10001f44       0x80 /opt/homebrew/Cellar/arm-none-eabi-gcc@8/8.5.0_2/lib/arm-none-eabi-gcc/8/gcc/arm-none-eabi/8.5.0/thumb/v6-m/nofp/libgcc.a(eqdf2.o)
                0x10001f44                __eqdf2
                0x10001f44                __nedf2
 .text          0x10001fc4       0xe0 /opt/homebrew/Cellar/arm-none-eabi-gcc@8/8.5.0_2/lib/arm-none-eabi-gcc/8/gcc/arm-none-eabi/8.5.0/thumb/v6-m/nofp/libgcc.a(gedf2.o)
                0x10001fc4                __gtdf2
                0x10001fc4                __gedf2
 .text          0x100020a4       0xdc /opt/homebrew/Cellar/arm-none-eabi-gcc@8/8.5.0_2/lib/arm-none-eabi-gcc/8/gcc/arm-none-eabi/8.5.0/thumb/v6-m/nofp/libgcc.a(ledf2.o)
                0x100020a4                __ltdf2
                0x100020a4                __ledf2
 .text          0x10002180      0x4e4 /opt/homebrew/Cellar/arm-none-eabi-gcc@8/8.5.0_2/lib/arm-none-eabi-gcc/8/gcc/arm-none-eabi/8.5.0/thumb/v6-m/nofp/libgcc.a(muldf3.o)
                0x10002180                __aeabi_dmul
 .text          0x10002664      0x734 /opt/homebrew/Cellar/arm-none-eabi-gcc@8/8.5.0_2/lib/arm-none-eabi-gcc/8/gcc/arm-none-eabi/8.5.0/thumb/v6-m/nofp/libgcc.a(subdf3.o)
                0x10002664                __aeabi_dsub
 .text          0x10002d98       0x38 /opt/homebrew/Cellar/arm-none-eabi-gcc@8/8.5.0_2/lib/arm-none-eabi-gcc/8/gcc/arm-none-eabi/8.5.0/thumb/v6-m/nofp/libgcc.a(unorddf2.o)
                0x10002d98                __aeabi_dcmpun
 .text          0x10002dd0       0x6c /opt/homebrew/Cellar/arm-none-eabi-gcc@8/8.5.0_2/lib/arm-none-eabi-gcc/8/gcc/arm-none-eabi/8.5.0/thumb/v6-m/nofp/libgcc.a(fixdfsi.o)
                0x10002dd0                __aeabi_d2iz
 .text          0x10002e3c       0x78 /opt/homebrew/Cellar/arm-none-eabi-gcc@8/8.5.0_2/lib/arm-none-eabi-gcc/8/gcc/arm-none-eabi/8.5.0/thumb/v6-m/nofp/libgcc.a(floatsidf.o)
                0x10002e3c                __aeabi_i2d
 .text          0x10002eb4       0xa4 /opt/homebrew/Cellar/arm-none-eabi-gcc@8/8.5.0_2/lib/arm-none-eabi-gcc/8/gcc/arm-none-eabi/8.5.0/thumb/v6-m/nofp/libgcc.a(extendsfdf2.o)
                0x10002eb4                __aeabi_f2d
 .text          0x10002f58      0x110 /opt/homebrew/Cellar/arm-none-eabi-gcc@8/8.5.0_2/lib/arm-none-eabi-gcc/8/gcc/arm-none-eabi/8.5.0/thumb/v6-m/nofp/libgcc.a(truncdfsf2.o)
                0x10002f58                __aeabi_d2f
 .text          0x10003068        0xc /opt/homebrew/Cellar/arm-none-eabi-gcc@8/8.5.0_2/lib/arm-none-eabi-gcc/8/gcc/arm-none-eabi/8.5.0/../../../../../../arm-none-eabi/lib/thumb/v6-m/nofp/libg_nano.a(lib_a-errno.o)
                0x10003068                __errno
 .text          0x10003074       0xa8 /opt/homebrew/Cellar/arm-none-eabi-gcc@8/8.5.0_2/lib/arm-none-eabi-gcc/8/gcc/arm-none-eabi/8.5.0/../../../../../../arm-none-eabi/lib/thumb/v6-m/nofp/libg_nano.a(lib_a-memcpy-stub.o)
                0x10003074                memcpy
 .text          0x1000311c       0xe8 /opt/homebrew/Cellar/arm-none-eabi-gcc@8/8.5.0_2/lib/arm-none-eabi-gcc/8/gcc/arm-none-eabi/8.5.0/../../../../../../arm-none-eabi/lib/thumb/v6-m/nofp/libg_nano.a(lib_a-rand.o)
                0x1000311c                srand
                0x1000317c                rand
 .text          0x10003204       0x4c /opt/homebrew/Cellar/arm-none-eabi-gcc@8/8.5.0_2/lib/arm-none-eabi-gcc/8/gcc/arm-none-eabi/8.5.0/../../../../../../arm-none-eabi/lib/thumb/v6-m/nofp/libg_nano.a(lib_a-assert.o)
                0x10003204                __assert_func
                0x10003244                __assert
 .text          0x10003250       0x3c /opt/homebrew/Cellar/arm-none-eabi-gcc@8/8.5.0_2/lib/arm-none-eabi-gcc/8/gcc/arm-none-eabi/8.5.0/../../../../../../arm-none-eabi/lib/thumb/v6-m/nofp/libg_nano.a(lib_a-fprintf.o)
                0x10003250                _fprintf_r
                0x10003250                _fiprintf_r
                0x10003268                fprintf
                0x10003268                fiprintf
 .text          0x1000328c       0x28 /opt/homebrew/Cellar/arm-none-eabi-gcc@8/8.5.0_2/lib/arm-none-eabi-gcc/8/gcc/arm-none-eabi/8.5.0/../../../../../../arm-none-eabi/lib/thumb/v6-m/nofp/libg_nano.a(lib_a-malloc.o)
                0x1000328c                malloc
                0x100032a0                free
 .text          0x100032b4       0xac /opt/homebrew/Cellar/arm-none-eabi-gcc@8/8.5.0_2/lib/arm-none-eabi-gcc/8/gcc/arm-none-eabi/8.5.0/../../../../../../arm-none-eabi/lib/thumb/v6-m/nofp/libg_nano.a(lib_a-nano-freer.o)
                0x100032b4                _free_r
 .text          0x10003360       0xcc /opt/homebrew/Cellar/arm-none-eabi-gcc@8/8.5.0_2/lib/arm-none-eabi-gcc/8/gcc/arm-none-eabi/8.5.0/../../../../../../arm-none-eabi/lib/thumb/v6-m/nofp/libg_nano.a(lib_a-nano-mallocr.o)
                0x10003360                _malloc_r
 .text          0x1000342c      0x3cc /opt/homebrew/Cellar/arm-none-eabi-gcc@8/8.5.0_2/lib/arm-none-eabi-gcc/8/gcc/arm-none-eabi/8.5.0/../../../../../../arm-none-eabi/lib/thumb/v6-m/nofp/libg_nano.a(lib_a-nano-vfprintf.o)
                0x10003454                __sfputs_r
                0x10003480                __sprint_r
                0x1000349c                _vfiprintf_r
                0x1000349c                _vfprintf_r
                0x100037e0                vfiprintf
                0x100037e0                vfprintf
 .text          0x100037f8      0x3d8 /opt/homebrew/Cellar/arm-none-eabi-gcc@8/8.5.0_2/lib/arm-none-eabi-gcc/8/gcc/arm-none-eabi/8.5.0/../../../../../../arm-none-eabi/lib/thumb/v6-m/nofp/libg_nano.a(lib_a-nano-vfprintf_i.o)
                0x100037f8                _printf_common
                0x10003928                _printf_i
 .text          0x10003bd0       0xec /opt/homebrew/Cellar/arm-none-eabi-gcc@8/8.5.0_2/lib/arm-none-eabi-gcc/8/gcc/arm-none-eabi/8.5.0/../../../../../../arm-none-eabi/lib/thumb/v6-m/nofp/libg_nano.a(lib_a-wbuf.o)
                0x10003bd0                __swbuf_r
                0x10003ca4                __swbuf
 .text          0x10003cbc      0x10c /opt/homebrew/Cellar/arm-none-eabi-gcc@8/8.5.0_2/lib/arm-none-eabi-gcc/8/gcc/arm-none-eabi/8.5.0/../../../../../../arm-none-eabi/lib/thumb/v6-m/nofp/libg_nano.a(lib_a-wsetup.o)
                0x10003cbc                __swsetup_r
 .text          0x10003dc8       0x10 /opt/homebrew/Cellar/arm-none-eabi-gcc@8/8.5.0_2/lib/arm-none-eabi-gcc/8/gcc/arm-none-eabi/8.5.0/../../../../../../arm-none-eabi/lib/thumb/v6-m/nofp/libg_nano.a(lib_a-abort.o)
                0x10003dc8                abort
 .text          0x10003dd8      0x1e4 /opt/homebrew/Cellar/arm-none-eabi-gcc@8/8.5.0_2/lib/arm-none-eabi-gcc/8/gcc/arm-none-eabi/8.5.0/../../../../../../arm-none-eabi/lib/thumb/v6-m/nofp/libg_nano.a(lib_a-fflush.o)
                0x10003dd8                __sflush_r
                0x10003f0c                _fflush_r
                0x10003f94                fflush
 .text          0x10003fbc      0x2dc /opt/homebrew/Cellar/arm-none-eabi-gcc@8/8.5.0_2/lib/arm-none-eabi-gcc/8/gcc/arm-none-eabi/8.5.0/../../../../../../arm-none-eabi/lib/thumb/v6-m/nofp/libg_nano.a(lib_a-findfp.o)
                0x10003fbc                _cleanup_r
                0x10004004                __sfmoreglue
                0x10004034                _cleanup
                0x1000404c                __sinit
                0x10004174                __sfp
                0x10004218                __sfp_lock_acquire
                0x10004228                __sfp_lock_release
                0x10004238                __sinit_lock_acquire
                0x10004248                __sinit_lock_release
                0x10004258                __fp_lock_all
                0x10004278                __fp_unlock_all
 .text          0x10004298      0x320 /opt/homebrew/Cellar/arm-none-eabi-gcc@8/8.5.0_2/lib/arm-none-eabi-gcc/8/gcc/arm-none-eabi/8.5.0/../../../../../../arm-none-eabi/lib/thumb/v6-m/nofp/libg_nano.a(lib_a-fvwrite.o)
                0x10004298                __sfvwrite_r
 .text          0x100045b8       0x90 /opt/homebrew/Cellar/arm-none-eabi-gcc@8/8.5.0_2/lib/arm-none-eabi-gcc/8/gcc/arm-none-eabi/8.5.0/../../../../../../arm-none-eabi/lib/thumb/v6-m/nofp/libg_nano.a(lib_a-fwalk.o)
                0x100045b8                _fwalk
                0x100045fc                _fwalk_reent
 .text          0x10004648       0x28 /opt/homebrew/Cellar/arm-none-eabi-gcc@8/8.5.0_2/lib/arm-none-eabi-gcc/8/gcc/arm-none-eabi/8.5.0/../../../../../../arm-none-eabi/lib/thumb/v6-m/nofp/libg_nano.a(lib_a-lock.o)
                0x10004648                __retarget_lock_init
                0x1000464c                __retarget_lock_init_recursive
                0x10004650                __retarget_lock_close
                0x10004654                __retarget_lock_close_recursive
                0x10004658                __retarget_lock_acquire
                0x1000465c                __retarget_lock_acquire_recursive
                0x10004660                __retarget_lock_try_acquire
                0x10004664                __retarget_lock_try_acquire_recursive
                0x10004668                __retarget_lock_release
                0x1000466c                __retarget_lock_release_recursive
 .text          0x10004670       0xe0 /opt/homebrew/Cellar/arm-none-eabi-gcc@8/8.5.0_2/lib/arm-none-eabi-gcc/8/gcc/arm-none-eabi/8.5.0/../../../../../../arm-none-eabi/lib/thumb/v6-m/nofp/libg_nano.a(lib_a-makebuf.o)
                0x10004670                __swhatbuf_r
                0x100046c0                __smakebuf_r
 .text          0x10004750       0x80 /opt/homebrew/Cellar/arm-none-eabi-gcc@8/8.5.0_2/lib/arm-none-eabi-gcc/8/gcc/arm-none-eabi/8.5.0/../../../../../../arm-none-eabi/lib/thumb/v6-m/nofp/libg_nano.a(lib_a-memchr-stub.o)
                0x10004750                memchr
 .text          0x100047d0       0xbc /opt/homebrew/Cellar/arm-none-eabi-gcc@8/8.5.0_2/lib/arm-none-eabi-gcc/8/gcc/arm-none-eabi/8.5.0/../../../../../../arm-none-eabi/lib/thumb/v6-m/nofp/libg_nano.a(lib_a-memmove.o)
                0x100047d0                memmove
 .text          0x1000488c       0xa8 /opt/homebrew/Cellar/arm-none-eabi-gcc@8/8.5.0_2/lib/arm-none-eabi-gcc/8/gcc/arm-none-eabi/8.5.0/../../../../../../arm-none-eabi/lib/thumb/v6-m/nofp/libg_nano.a(lib_a-memset.o)
                0x1000488c                memset
 .text          0x10004934       0x20 /opt/homebrew/Cellar/arm-none-eabi-gcc@8/8.5.0_2/lib/arm-none-eabi-gcc/8/gcc/arm-none-eabi/8.5.0/../../../../../../arm-none-eabi/lib/thumb/v6-m/nofp/libg_nano.a(lib_a-mlock.o)
                0x10004934                __malloc_lock
                0x10004944                __malloc_unlock
 .text          0x10004954       0x50 /opt/homebrew/Cellar/arm-none-eabi-gcc@8/8.5.0_2/lib/arm-none-eabi-gcc/8/gcc/arm-none-eabi/8.5.0/../../../../../../arm-none-eabi/lib/thumb/v6-m/nofp/libg_nano.a(lib_a-nano-reallocr.o)
                0x10004954                _realloc_r
 .text          0x100049a4      0x178 /opt/homebrew/Cellar/arm-none-eabi-gcc@8/8.5.0_2/lib/arm-none-eabi-gcc/8/gcc/arm-none-eabi/8.5.0/../../../../../../arm-none-eabi/lib/thumb/v6-m/nofp/libg_nano.a(lib_a-signal.o)
                0x100049cc                _init_signal_r
                0x100049e4                _signal_r
                0x10004a1c                _raise_r
                0x10004a74                __sigtramp_r
                0x10004ac0                raise
                0x10004ad4                signal
                0x10004aec                _init_signal
                0x10004b08                __sigtramp
 .text          0x10004b1c       0x30 /opt/homebrew/Cellar/arm-none-eabi-gcc@8/8.5.0_2/lib/arm-none-eabi-gcc/8/gcc/arm-none-eabi/8.5.0/../../../../../../arm-none-eabi/lib/thumb/v6-m/nofp/libg_nano.a(lib_a-signalr.o)
                0x10004b1c                _kill_r
                0x10004b44                _getpid_r
 .text          0x10004b4c       0xa4 /opt/homebrew/Cellar/arm-none-eabi-gcc@8/8.5.0_2/lib/arm-none-eabi-gcc/8/gcc/arm-none-eabi/8.5.0/../../../../../../arm-none-eabi/lib/thumb/v6-m/nofp/libg_nano.a(lib_a-stdio.o)
                0x10004b4c                __sread
                0x10004b74                __seofread
                0x10004b78                __swrite
                0x10004bb8                __sseek
                0x10004be4                __sclose
 .text          0x10004bf0       0x14 /opt/homebrew/Cellar/arm-none-eabi-gcc@8/8.5.0_2/lib/arm-none-eabi-gcc/8/gcc/arm-none-eabi/8.5.0/../../../../../../arm-none-eabi/lib/thumb/v6-m/nofp/libg_nano.a(lib_a-nano-msizer.o)
                0x10004bf0                _malloc_usable_size_r
 .text          0x10004c04       0x50 /opt/homebrew/Cellar/arm-none-eabi-gcc@8/8.5.0_2/lib/arm-none-eabi-gcc/8/gcc/arm-none-eabi/8.5.0/../../../../../../arm-none-eabi/lib/thumb/v6-m/nofp/libg_nano.a(lib_a-memcmp.o)
                0x10004c04                memcmp
 .text          0x10004c54       0x74 /opt/homebrew/Cellar/arm-none-eabi-gcc@8/8.5.0_2/lib/arm-none-eabi-gcc/8/gcc/arm-none-eabi/8.5.0/../../../../../../arm-none-eabi/lib/thumb/v6-m/nofp/libm.a(lib_a-w_fmod.o)
                0x10004c54                fmod
 .text          0x10004cc8      0x184 /opt/homebrew/Cellar/arm-none-eabi-gcc@8/8.5.0_2/lib/arm-none-eabi-gcc/8/gcc/arm-none-eabi/8.5.0/../../../../../../arm-none-eabi/lib/thumb/v6-m/nofp/libm.a(lib_a-w_pow.o)
                0x10004cc8                pow
 .text          0x10004e4c      0x2a0 /opt/homebrew/Cellar/arm-none-eabi-gcc@8/8.5.0_2/lib/arm-none-eabi-gcc/8/gcc/arm-none-eabi/8.5.0/../../../../../../arm-none-eabi/lib/thumb/v6-m/nofp/libm.a(lib_a-e_fmod.o)
                0x10004e4c                __ieee754_fmod
 .text          0x100050ec      0xacc /opt/homebrew/Cellar/arm-none-eabi-gcc@8/8.5.0_2/lib/arm-none-eabi-gcc/8/gcc/arm-none-eabi/8.5.0/../../../../../../arm-none-eabi/lib/thumb/v6-m/nofp/libm.a(lib_a-e_pow.o)
                0x100050ec                __ieee754_pow
 .text          0x10005bb8      0x1b4 /opt/homebrew/Cellar/arm-none-eabi-gcc@8/8.5.0_2/lib/arm-none-eabi-gcc/8/gcc/arm-none-eabi/8.5.0/../../../../../../arm-none-eabi/lib/thumb/v6-m/nofp/libm.a(lib_a-e_sqrt.o)
                0x10005bb8                __ieee754_sqrt
 .text          0x10005d6c        0x8 /opt/homebrew/Cellar/arm-none-eabi-gcc@8/8.5.0_2/lib/arm-none-eabi-gcc/8/gcc/arm-none-eabi/8.5.0/../../../../../../arm-none-eabi/lib/thumb/v6-m/nofp/libm.a(lib_a-s_fabs.o)
                0x10005d6c                fabs
 .text          0x10005d74       0x14 /opt/homebrew/Cellar/arm-none-eabi-gcc@8/8.5.0_2/lib/arm-none-eabi-gcc/8/gcc/arm-none-eabi/8.5.0/../../../../../../arm-none-eabi/lib/thumb/v6-m/nofp/libm.a(lib_a-s_finite.o)
                0x10005d74                finite
 .text          0x10005d88        0xc /opt/homebrew/Cellar/arm-none-eabi-gcc@8/8.5.0_2/lib/arm-none-eabi-gcc/8/gcc/arm-none-eabi/8.5.0/../../../../../../arm-none-eabi/lib/thumb/v6-m/nofp/libm.a(lib_a-s_nan.o)
                0x10005d88                nan
 .text          0x10005d94      0x110 /opt/homebrew/Cellar/arm-none-eabi-gcc@8/8.5.0_2/lib/arm-none-eabi-gcc/8/gcc/arm-none-eabi/8.5.0/../../../../../../arm-none-eabi/lib/thumb/v6-m/nofp/libm.a(lib_a-s_rint.o)
                0x10005d94                rint
 .text          0x10005ea4       0xf8 /opt/homebrew/Cellar/arm-none-eabi-gcc@8/8.5.0_2/lib/arm-none-eabi-gcc/8/gcc/arm-none-eabi/8.5.0/../../../../../../arm-none-eabi/lib/thumb/v6-m/nofp/libm.a(lib_a-s_scalbn.o)
                0x10005ea4                scalbn
 *(.text.*)
 .text.read_source_layers_cache_impl.constprop.74
                0x10005f9c       0x2c /tmp/ccWyCIEc.ltrans0.ltrans.o
 .text.update_source_layers_cache_impl.constprop.73
                0x10005fc8       0x38 /tmp/ccWyCIEc.ltrans0.ltrans.o
 .text.waiting_buffer_typed.isra.2.constprop.65
                0x10006000       0x40 /tmp/ccWyCIEc.ltrans0.ltrans.o
 .text.clock_configure.part.0.constprop.32
                0x10006040       0xc4 /tmp/ccWyCIEc.ltrans0.ltrans.o
 .text.clocks_init
                0x10006104      0x198 /tmp/ccWyCIEc.ltrans0.ltrans.o
 .text.usb_lld_stall_in
                0x1000629c       0x40 /tmp/ccWyCIEc.ltrans0.ltrans.o
 .text.usb_lld_stall_out
                0x100062dc       0x40 /tmp/ccWyCIEc.ltrans0.ltrans.o
 .text.usb_prepare_out_ep
                0x1000631c       0x90 /tmp/ccWyCIEc.ltrans0.ltrans.o
 .text.usbStartReceiveI.constprop.12
                0x100063ac       0x36 /tmp/ccWyCIEc.ltrans0.ltrans.o
 *fill*         0x100063e2        0x2 
 .text.usb_isochronous_buffer_size
                0x100063e4       0x44 /tmp/ccWyCIEc.ltrans0.ltrans.o
 .text.usb_lld_init_endpoint
                0x10006428      0x13c /tmp/ccWyCIEc.ltrans0.ltrans.o
 .text.usb_lld_reset.constprop.53
                0x10006564       0x54 /tmp/ccWyCIEc.ltrans0.ltrans.o
 .text.hal_lld_peripheral_unreset.lto_priv.108
                0x100065b8       0x14 /tmp/ccWyCIEc.ltrans0.ltrans.o
 .text.port_unlock.lto_priv.114
                0x100065cc       0x12 /tmp/ccWyCIEc.ltrans0.ltrans.o
 .text.port_lock.lto_priv.132
                0x100065de       0x16 /tmp/ccWyCIEc.ltrans0.ltrans.o
 .text.pwmStop.constprop.90
                0x100065f4       0x7c /tmp/ccWyCIEc.ltrans0.ltrans.o
 .text.dmaChannelDisableX.lto_priv.149
                0x10006670       0x30 /tmp/ccWyCIEc.ltrans0.ltrans.o
 .text.dmaChannelSetModeX.lto_priv.151
                0x100066a0       0x14 /tmp/ccWyCIEc.ltrans0.ltrans.o
 .text.dmaChannelFreeI
                0x100066b4       0xb0 /tmp/ccWyCIEc.ltrans0.ltrans.o
 .text.serve_interrupt
                0x10006764       0x28 /tmp/ccWyCIEc.ltrans0.ltrans.o
 .text.set_address
                0x1000678c       0x30 /tmp/ccWyCIEc.ltrans0.ltrans.o
 .text.ch_sch_prio_insert
                0x100067bc       0x1e /tmp/ccWyCIEc.ltrans0.ltrans.o
 .text.__idle_thread
                0x100067da        0x2 /tmp/ccWyCIEc.ltrans0.ltrans.o
 .text.__sch_ready_ahead
                0x100067dc       0x1c /tmp/ccWyCIEc.ltrans0.ltrans.o
 .text.__sch_ready_behind
                0x100067f8       0x1c /tmp/ccWyCIEc.ltrans0.ltrans.o
 .text.__sch_wakeup
                0x10006814       0x42 /tmp/ccWyCIEc.ltrans0.ltrans.o
 *fill*         0x10006856        0x2 
 .text.chSchReadyI
                0x10006858       0x2c /tmp/ccWyCIEc.ltrans0.ltrans.o
 .text.vt_insert_first
                0x10006884       0x78 /tmp/ccWyCIEc.ltrans0.ltrans.o
 .text.vt_set_alarm
                0x100068fc       0x4c /tmp/ccWyCIEc.ltrans0.ltrans.o
 .text.chVTDoResetI
                0x10006948       0x80 /tmp/ccWyCIEc.ltrans0.ltrans.o
 .text.ch_dlist_insert
                0x100069c8       0x2a /tmp/ccWyCIEc.ltrans0.ltrans.o
 *fill*         0x100069f2        0x2 
 .text.chVTDoTickI
                0x100069f4       0xcc /tmp/ccWyCIEc.ltrans0.ltrans.o
 .text.chVTDoSetI
                0x10006ac0       0x60 /tmp/ccWyCIEc.ltrans0.ltrans.o
 .text.chSysPolledDelayX
                0x10006b20       0x14 /tmp/ccWyCIEc.ltrans0.ltrans.o
 .text.chSysHalt
                0x10006b34       0x24 /tmp/ccWyCIEc.ltrans0.ltrans.o
 .text.keyboard_leds
                0x10006b58        0xc /tmp/ccWyCIEc.ltrans0.ltrans.o
 .text.usb_sof_cb
                0x10006b64        0xc /tmp/ccWyCIEc.ltrans0.ltrans.o
 .text.set_led_transfer_cb
                0x10006b70       0x2c /tmp/ccWyCIEc.ltrans0.ltrans.o
 .text.usb_event_queue_enqueue
                0x10006b9c       0x30 /tmp/ccWyCIEc.ltrans0.ltrans.o
 .text.dummy_usb_cb
                0x10006bcc        0x2 /tmp/ccWyCIEc.ltrans0.ltrans.o
 *fill*         0x10006bce        0x2 
 .text.usb_get_descriptor_cb
                0x10006bd0       0x98 /tmp/ccWyCIEc.ltrans0.ltrans.o
 .text.host_consumer_send
                0x10006c68       0x34 /tmp/ccWyCIEc.ltrans0.ltrans.o
 .text.host_system_send
                0x10006c9c       0x34 /tmp/ccWyCIEc.ltrans0.ltrans.o
 .text.host_mouse_send
                0x10006cd0       0x18 /tmp/ccWyCIEc.ltrans0.ltrans.o
 .text.crc8     0x10006ce8       0x2c /tmp/ccWyCIEc.ltrans0.ltrans.o
 .text.backing_store_read_bulk
                0x10006d14       0x20 /tmp/ccWyCIEc.ltrans0.ltrans.o
 .text.backing_store_erase
                0x10006d34       0x20 /tmp/ccWyCIEc.ltrans0.ltrans.o
 .text.wear_leveling_lock
                0x10006d54       0x1c /tmp/ccWyCIEc.ltrans0.ltrans.o
 .text.wear_leveling_unlock
                0x10006d70       0x1c /tmp/ccWyCIEc.ltrans0.ltrans.o
 .text.wear_leveling_write_consolidated
                0x10006d8c       0xf4 /tmp/ccWyCIEc.ltrans0.ltrans.o
 .text.wear_leveling_consolidate_if_needed
                0x10006e80       0x34 /tmp/ccWyCIEc.ltrans0.ltrans.o
 .text.wear_leveling_append_raw
                0x10006eb4       0x40 /tmp/ccWyCIEc.ltrans0.ltrans.o
 .text.cirque_pinnacle_set_cpi
                0x10006ef4       0x1c /tmp/ccWyCIEc.ltrans0.ltrans.o
 .text.cirque_pinnacle_get_cpi
                0x10006f10       0x1c /tmp/ccWyCIEc.ltrans0.ltrans.o
 .text.wheel_unit
                0x10006f2c       0x4c /tmp/ccWyCIEc.ltrans0.ltrans.o
 .text.move_unit
                0x10006f78       0x40 /tmp/ccWyCIEc.ltrans0.ltrans.o
 .text.chVTResetI
                0x10006fb8        0xe /tmp/ccWyCIEc.ltrans0.ltrans.o
 *fill*         0x10006fc6        0x2 
 .text.usb_request_hook_cb
                0x10006fc8      0x1c8 /tmp/ccWyCIEc.ltrans0.ltrans.o
 .text.audio_driver_stop
                0x10007190       0x1c /tmp/ccWyCIEc.ltrans0.ltrans.o
 .text.audio_duration_to_ms
                0x100071ac       0x2c /tmp/ccWyCIEc.ltrans0.ltrans.o
 .text.sendchar
                0x100071d8        0x4 /tmp/ccWyCIEc.ltrans0.ltrans.o
 .text.transaction_handler_master.isra.6
                0x100071dc       0x4c /tmp/ccWyCIEc.ltrans0.ltrans.o
 .text.setPinInputHigh_atomic
                0x10007228       0x34 /tmp/ccWyCIEc.ltrans0.ltrans.o
 .text.null_sendchar_func
                0x1000725c        0x4 /tmp/ccWyCIEc.ltrans0.ltrans.o
 .text.mod_config
                0x10007260       0xa8 /tmp/ccWyCIEc.ltrans0.ltrans.o
 .text.keycode_config
                0x10007308      0x108 /tmp/ccWyCIEc.ltrans0.ltrans.o
 .text.keymap_key_to_keycode
                0x10007410       0x34 /tmp/ccWyCIEc.ltrans0.ltrans.o
 .text.action_for_keycode
                0x10007444      0x1d8 /tmp/ccWyCIEc.ltrans0.ltrans.o
 .text.clear_oneshot_mods
                0x1000761c       0x1c /tmp/ccWyCIEc.ltrans0.ltrans.o
 .text.del_mods
                0x10007638       0x10 /tmp/ccWyCIEc.ltrans0.ltrans.o
 .text.del_key  0x10007648       0x20 /tmp/ccWyCIEc.ltrans0.ltrans.o
 .text.add_key  0x10007668       0x34 /tmp/ccWyCIEc.ltrans0.ltrans.o
 .text.debug_waiting_buffer
                0x1000769c       0x20 /tmp/ccWyCIEc.ltrans0.ltrans.o
 .text.layer_switch_get_layer
                0x100076bc       0x50 /tmp/ccWyCIEc.ltrans0.ltrans.o
 .text.layer_switch_get_action
                0x1000770c       0x20 /tmp/ccWyCIEc.ltrans0.ltrans.o
 .text.is_tap_record
                0x1000772c       0x58 /tmp/ccWyCIEc.ltrans0.ltrans.o
 .text.layer_state_set
                0x10007784        0xc /tmp/ccWyCIEc.ltrans0.ltrans.o
 .text.update_tri_layer.constprop.84
                0x10007790       0x24 /tmp/ccWyCIEc.ltrans0.ltrans.o
 .text.layer_off
                0x100077b4       0x18 /tmp/ccWyCIEc.ltrans0.ltrans.o
 .text.clear_oneshot_layer_state
                0x100077cc       0x38 /tmp/ccWyCIEc.ltrans0.ltrans.o
 .text.layer_on
                0x10007804       0x18 /tmp/ccWyCIEc.ltrans0.ltrans.o
 .text.get_event_keycode
                0x1000781c       0x4c /tmp/ccWyCIEc.ltrans0.ltrans.o
 .text.usbInitEndpointI
                0x10007868       0x36 /tmp/ccWyCIEc.ltrans0.ltrans.o
 *fill*         0x1000789e        0x2 
 .text.usb_event_cb
                0x100078a0       0x58 /tmp/ccWyCIEc.ltrans0.ltrans.o
 .text.wear_leveling_clear_cache
                0x100078f8       0x20 /tmp/ccWyCIEc.ltrans0.ltrans.o
 .text.wear_leveling_erase
                0x10007918       0x2e /tmp/ccWyCIEc.ltrans0.ltrans.o
 *fill*         0x10007946        0x2 
 .text.pointing_device_send
                0x10007948       0x4c /tmp/ccWyCIEc.ltrans0.ltrans.o
 .text.usb_prepare_in_ep_buffer
                0x10007994       0x74 /tmp/ccWyCIEc.ltrans0.ltrans.o
 .text.usb_prepare_in_ep
                0x10007a08       0x8c /tmp/ccWyCIEc.ltrans0.ltrans.o
 .text.usbStartTransmitI
                0x10007a94       0x28 /tmp/ccWyCIEc.ltrans0.ltrans.o
 .text._usb_ep0out
                0x10007abc       0x80 /tmp/ccWyCIEc.ltrans0.ltrans.o
 .text._usb_ep0in
                0x10007b3c       0xae /tmp/ccWyCIEc.ltrans0.ltrans.o
 *fill*         0x10007bea        0x2 
 .text.keyboard_idle_timer_cb
                0x10007bec       0x88 /tmp/ccWyCIEc.ltrans0.ltrans.o
 .text.wear_leveling_read
                0x10007c74       0x24 /tmp/ccWyCIEc.ltrans0.ltrans.o
 .text.eeprom_read_byte
                0x10007c98       0x16 /tmp/ccWyCIEc.ltrans0.ltrans.o
 *fill*         0x10007cae        0x2 
 .text.wear_leveling_write
                0x10007cb0      0x1a0 /tmp/ccWyCIEc.ltrans0.ltrans.o
 .text.eeprom_update_byte
                0x10007e50       0x1e /tmp/ccWyCIEc.ltrans0.ltrans.o
 .text.eeprom_update_block.constprop.95
                0x10007e6e       0x2a /tmp/ccWyCIEc.ltrans0.ltrans.o
 .text.eeprom_update_dword
                0x10007e98       0x26 /tmp/ccWyCIEc.ltrans0.ltrans.o
 .text.eeprom_update_word
                0x10007ebe       0x2a /tmp/ccWyCIEc.ltrans0.ltrans.o
 .text.oneshot_set
                0x10007ee8       0x30 /tmp/ccWyCIEc.ltrans0.ltrans.o
 .text.chSchGoSleepS
                0x10007f18       0x2c /tmp/ccWyCIEc.ltrans0.ltrans.o
 .text.chSchGoSleepTimeoutS
                0x10007f44       0x4c /tmp/ccWyCIEc.ltrans0.ltrans.o
 .text.RAP_Write
                0x10007f90       0x3c /tmp/ccWyCIEc.ltrans0.ltrans.o
 .text.cirque_pinnacle_clear_flags
                0x10007fcc       0x12 /tmp/ccWyCIEc.ltrans0.ltrans.o
 *fill*         0x10007fde        0x2 
 .text.RAP_ReadBytes
                0x10007fe0       0x54 /tmp/ccWyCIEc.ltrans0.ltrans.o
 .text.cirque_pinnacle_enable_feed
                0x10008034       0x2c /tmp/ccWyCIEc.ltrans0.ltrans.o
 .text.compute_freq_for_midi_note
                0x10008060       0x34 /tmp/ccWyCIEc.ltrans0.ltrans.o
 .text.transport_execute_transaction
                0x10008094       0x6c /tmp/ccWyCIEc.ltrans0.ltrans.o
 .text.clock_get_hz
                0x10008100        0xc /tmp/ccWyCIEc.ltrans0.ltrans.o
                0x10008100                clock_get_hz
 .text.pio_sm_init
                0x1000810c       0x84 /tmp/ccWyCIEc.ltrans0.ltrans.o
                0x1000810c                pio_sm_init
 .text.pio_sm_set_consecutive_pindirs
                0x10008190       0x90 /tmp/ccWyCIEc.ltrans0.ltrans.o
                0x10008190                pio_sm_set_consecutive_pindirs
 .text.pio_sm_set_pins_with_mask
                0x10008220       0x7a /tmp/ccWyCIEc.ltrans0.ltrans.o
                0x10008220                pio_sm_set_pins_with_mask
 *fill*         0x1000829a        0x2 
 .text.pio_add_program
                0x1000829c       0xd8 /tmp/ccWyCIEc.ltrans0.ltrans.o
                0x1000829c                pio_add_program
 .text.pio_claim_unused_sm
                0x10008374       0x84 /tmp/ccWyCIEc.ltrans0.ltrans.o
                0x10008374                pio_claim_unused_sm
 .text.split_shared_memory_lock
                0x100083f8       0x80 /tmp/ccWyCIEc.ltrans0.ltrans.o
                0x100083f8                split_shared_memory_lock
 .text._fini    0x10008478        0x2 /tmp/ccWyCIEc.ltrans0.ltrans.o
                0x10008478                _fini
 .text.shutdown_user
                0x1000847a        0x2 /tmp/ccWyCIEc.ltrans0.ltrans.o
                0x1000847a                __cpu_init
                0x1000847a                shutdown_user
 .text._getpid  0x1000847c        0x4 /tmp/ccWyCIEc.ltrans0.ltrans.o
                0x1000847c                _getpid
 .text._kill    0x10008480        0xc /tmp/ccWyCIEc.ltrans0.ltrans.o
                0x10008480                _kill
 .text._exit    0x1000848c        0xc /tmp/ccWyCIEc.ltrans0.ltrans.o
                0x1000848c                _exit
 .text._isatty_r
                0x10008498        0x4 /tmp/ccWyCIEc.ltrans0.ltrans.o
                0x10008498                _isatty_r
 .text._fstat_r
                0x1000849c       0x18 /tmp/ccWyCIEc.ltrans0.ltrans.o
                0x1000849c                _fstat_r
 .text._sbrk_r  0x100084b4       0x3c /tmp/ccWyCIEc.ltrans0.ltrans.o
                0x100084b4                _sbrk_r
 .text._close_r
                0x100084f0        0x4 /tmp/ccWyCIEc.ltrans0.ltrans.o
                0x100084f0                _close_r
 .text._write_r
                0x100084f4        0x4 /tmp/ccWyCIEc.ltrans0.ltrans.o
                0x100084f4                _write_r
 .text._lseek_r
                0x100084f8        0x4 /tmp/ccWyCIEc.ltrans0.ltrans.o
                0x100084f8                _lseek_r
 .text._read_r  0x100084fc        0xa /tmp/ccWyCIEc.ltrans0.ltrans.o
                0x100084fc                _read_r
 *fill*         0x10008506        0x2 
 .text.nvicEnableVector
                0x10008508       0x40 /tmp/ccWyCIEc.ltrans0.ltrans.o
                0x10008508                nvicEnableVector
 .text.pwm_lld_start.constprop.94
                0x10008548       0x9c /tmp/ccWyCIEc.ltrans0.ltrans.o
 .text.dmaChannelAllocI.constprop.17
                0x100085e4       0x7c /tmp/ccWyCIEc.ltrans0.ltrans.o
 .text.usb_lld_start.part.3
                0x10008660       0x6c /tmp/ccWyCIEc.ltrans0.ltrans.o
 .text.spiUnselect
                0x100086cc       0x1c /tmp/ccWyCIEc.ltrans0.ltrans.o
                0x100086cc                spiUnselect
 .text.spiSelect
                0x100086e8       0x1c /tmp/ccWyCIEc.ltrans0.ltrans.o
                0x100086e8                spiSelect
 .text.spiStop  0x10008704       0x4c /tmp/ccWyCIEc.ltrans0.ltrans.o
                0x10008704                spiStop
 .text.spiStart
                0x10008750       0xc0 /tmp/ccWyCIEc.ltrans0.ltrans.o
                0x10008750                spiStart
 .text.__port_spinlock_release
                0x10008810       0x10 /tmp/ccWyCIEc.ltrans0.ltrans.o
                0x10008810                __port_spinlock_release
 .text.__port_irq_epilogue
                0x10008820       0x4c /tmp/ccWyCIEc.ltrans0.ltrans.o
                0x10008820                __port_irq_epilogue
 .text.Vector50
                0x1000886c       0x30 /tmp/ccWyCIEc.ltrans0.ltrans.o
                0x1000886c                Vector50
 .text.Vector4C
                0x1000889c       0x28 /tmp/ccWyCIEc.ltrans0.ltrans.o
                0x1000889c                Vector4C
 .text.Vector48
                0x100088c4       0x28 /tmp/ccWyCIEc.ltrans0.ltrans.o
                0x100088c4                Vector48
 .text.Vector44
                0x100088ec       0x24 /tmp/ccWyCIEc.ltrans0.ltrans.o
                0x100088ec                Vector44
 .text.Vector40
                0x10008910       0x24 /tmp/ccWyCIEc.ltrans0.ltrans.o
                0x10008910                Vector40
 .text.Vector70
                0x10008934       0x34 /tmp/ccWyCIEc.ltrans0.ltrans.o
                0x10008934                Vector70
 .text.Vector6C
                0x10008968       0x34 /tmp/ccWyCIEc.ltrans0.ltrans.o
                0x10008968                Vector6C
 .text.Vector80
                0x1000899c       0x3c /tmp/ccWyCIEc.ltrans0.ltrans.o
                0x1000899c                Vector80
 .text.Vector7C
                0x100089d8       0x20 /tmp/ccWyCIEc.ltrans0.ltrans.o
                0x100089d8                Vector7C
 .text.NMI_Handler
                0x100089f8       0x12 /tmp/ccWyCIEc.ltrans0.ltrans.o
                0x100089f8                NMI_Handler
 .text.chThdResumeI
                0x10008a0a       0x16 /tmp/ccWyCIEc.ltrans0.ltrans.o
                0x10008a0a                chThdResumeI
 .text.Vector54
                0x10008a20      0x2b0 /tmp/ccWyCIEc.ltrans0.ltrans.o
                0x10008a20                Vector54
 .text.VectorA0
                0x10008cd0      0x160 /tmp/ccWyCIEc.ltrans0.ltrans.o
                0x10008cd0                VectorA0
 .text.spi_lld_serve_tx_interrupt
                0x10008e30       0x42 /tmp/ccWyCIEc.ltrans0.ltrans.o
 .text.spi_lld_serve_rx_interrupt
                0x10008e72       0x42 /tmp/ccWyCIEc.ltrans0.ltrans.o
 .text._usb_ep0setup
                0x10008eb4      0x3b8 /tmp/ccWyCIEc.ltrans0.ltrans.o
 .text.chThdSuspendTimeoutS
                0x1000926c       0x2c /tmp/ccWyCIEc.ltrans0.ltrans.o
                0x1000926c                chThdSuspendTimeoutS
 .text.spiExchange
                0x10009298       0x5e /tmp/ccWyCIEc.ltrans0.ltrans.o
                0x10009298                spiExchange
 *fill*         0x100092f6        0x2 
 .text.send_report
                0x100092f8       0x50 /tmp/ccWyCIEc.ltrans0.ltrans.o
 .text.send_extra
                0x10009348        0xe /tmp/ccWyCIEc.ltrans0.ltrans.o
 *fill*         0x10009356        0x2 
 .text.send_mouse
                0x10009358       0x20 /tmp/ccWyCIEc.ltrans0.ltrans.o
 .text.send_keyboard
                0x10009378       0x20 /tmp/ccWyCIEc.ltrans0.ltrans.o
 .text.chThdSleep
                0x10009398       0x16 /tmp/ccWyCIEc.ltrans0.ltrans.o
                0x10009398                chThdSleep
 *fill*         0x100093ae        0x2 
 .text.chThdExit
                0x100093b0       0x28 /tmp/ccWyCIEc.ltrans0.ltrans.o
                0x100093b0                chThdExit
 .text.chThdCreateStatic
                0x100093d8       0x8c /tmp/ccWyCIEc.ltrans0.ltrans.o
                0x100093d8                chThdCreateStatic
 .text.__sch_reschedule_ahead
                0x10009464       0x34 /tmp/ccWyCIEc.ltrans0.ltrans.o
                0x10009464                chSchDoPreemption
 .text.chSchRescheduleS
                0x10009498       0x28 /tmp/ccWyCIEc.ltrans0.ltrans.o
 .text.usbStop.constprop.104
                0x100094c0       0x98 /tmp/ccWyCIEc.ltrans0.ltrans.o
 .text.is_keyboard_master
                0x10009558       0x5c /tmp/ccWyCIEc.ltrans0.ltrans.o
 .text.host_keyboard_leds
                0x100095b4       0x1c /tmp/ccWyCIEc.ltrans0.ltrans.o
 .text.split_shared_memory_unlock
                0x100095d0       0x68 /tmp/ccWyCIEc.ltrans0.ltrans.o
                0x100095d0                split_shared_memory_unlock
 .text.__init_ram_areas
                0x10009638       0x30 /tmp/ccWyCIEc.ltrans0.ltrans.o
                0x10009638                __init_ram_areas
 .text.__default_exit
                0x10009668        0x2 /tmp/ccWyCIEc.ltrans0.ltrans.o
                0x10009668                __default_exit
 .text.__early_init
                0x1000966a        0x2 /tmp/ccWyCIEc.ltrans0.ltrans.o
                0x1000966a                __early_init
 .text.__late_init
                0x1000966c       0x44 /tmp/ccWyCIEc.ltrans0.ltrans.o
                0x1000966c                __late_init
 .text.timer_read32
                0x100096b0       0x7c /tmp/ccWyCIEc.ltrans0.ltrans.o
                0x100096b0                timer_read32
 .text.ERA_ReadBytes.constprop.24
                0x1000972c       0x5c /tmp/ccWyCIEc.ltrans0.ltrans.o
 .text.cirque_pinnacle_init
                0x10009788      0x110 /tmp/ccWyCIEc.ltrans0.ltrans.o
 .text.cirque_pinnacle_get_report
                0x10009898      0x210 /tmp/ccWyCIEc.ltrans0.ltrans.o
 .text.mousekey_send
                0x10009aa8       0x34 /tmp/ccWyCIEc.ltrans0.ltrans.o
 .text.register_mouse
                0x10009adc      0x1dc /tmp/ccWyCIEc.ltrans0.ltrans.o
 .text.mods_handlers_master
                0x10009cb8       0x88 /tmp/ccWyCIEc.ltrans0.ltrans.o
 .text.send_if_condition
                0x10009d40       0x40 /tmp/ccWyCIEc.ltrans0.ltrans.o
 .text.layer_state_handlers_master
                0x10009d80       0x50 /tmp/ccWyCIEc.ltrans0.ltrans.o
 .text.master_matrix_handlers_master
                0x10009dd0       0x2c /tmp/ccWyCIEc.ltrans0.ltrans.o
 .text.read_if_checksum_mismatch
                0x10009dfc       0x7c /tmp/ccWyCIEc.ltrans0.ltrans.o
 .text.pointing_handlers_master
                0x10009e78       0x94 /tmp/ccWyCIEc.ltrans0.ltrans.o
 .text.slave_matrix_handlers_master
                0x10009f0c       0x48 /tmp/ccWyCIEc.ltrans0.ltrans.o
 .text.sync_timer_read32
                0x10009f54       0x20 /tmp/ccWyCIEc.ltrans0.ltrans.o
 .text.encoder_handlers_master
                0x10009f74       0xb4 /tmp/ccWyCIEc.ltrans0.ltrans.o
 .text.sync_timer_handlers_master
                0x1000a028       0x40 /tmp/ccWyCIEc.ltrans0.ltrans.o
 .text.del_oneshot_mods
                0x1000a068       0x28 /tmp/ccWyCIEc.ltrans0.ltrans.o
 .text.set_oneshot_layer
                0x1000a090       0x34 /tmp/ccWyCIEc.ltrans0.ltrans.o
 .text.pointing_device_set_cpi
                0x1000a0c4       0x20 /tmp/ccWyCIEc.ltrans0.ltrans.o
                0x1000a0c4                pointing_device_set_cpi
 .text.audio_stop_all
                0x1000a0e4       0x58 /tmp/ccWyCIEc.ltrans0.ltrans.o
                0x1000a0e4                audio_stop_all
 .text.music_all_notes_off
                0x1000a13c       0x14 /tmp/ccWyCIEc.ltrans0.ltrans.o
                0x1000a13c                music_all_notes_off
 .text.eeconfig_update_kb_datablock
                0x1000a150       0x16 /tmp/ccWyCIEc.ltrans0.ltrans.o
                0x1000a150                eeconfig_update_kb_datablock
 *fill*         0x1000a166        0x2 
 .text.eeconfig_init_quantum
                0x1000a168       0xbc /tmp/ccWyCIEc.ltrans0.ltrans.o
 .text.audio_init
                0x1000a224       0xd4 /tmp/ccWyCIEc.ltrans0.ltrans.o
 .text.audio_play_note
                0x1000a2f8      0x15c /tmp/ccWyCIEc.ltrans0.ltrans.o
 .text.audio_play_melody.constprop.87
                0x1000a454       0xac /tmp/ccWyCIEc.ltrans0.ltrans.o
                0x1000a454                audio_play_melody.constprop.87
 .text.music_off
                0x1000a500       0x20 /tmp/ccWyCIEc.ltrans0.ltrans.o
 .text.audio_off
                0x1000a520       0x34 /tmp/ccWyCIEc.ltrans0.ltrans.o
 .text.audio_on
                0x1000a554       0x24 /tmp/ccWyCIEc.ltrans0.ltrans.o
 .text.audio_stop_tone
                0x1000a578       0xc0 /tmp/ccWyCIEc.ltrans0.ltrans.o
 .text.audio_callback
                0x1000a638      0x5ec /tmp/ccWyCIEc.ltrans0.ltrans.o
 .text.send_keyboard_report
                0x1000ac24       0xa0 /tmp/ccWyCIEc.ltrans0.ltrans.o
                0x1000ac24                send_keyboard_report
 .text.unregister_code.part.4.lto_priv.163
                0x1000acc4       0x7c /tmp/ccWyCIEc.ltrans0.ltrans.o
                0x1000acc4                unregister_code.part.4.lto_priv.163
 .text.unregister_code
                0x1000ad40       0x48 /tmp/ccWyCIEc.ltrans0.ltrans.o
                0x1000ad40                unregister_code
 .text.matrix_scan
                0x1000ad88      0x650 /tmp/ccWyCIEc.ltrans0.ltrans.o
 .text.register_code.part.3.lto_priv.162
                0x1000b3d8       0xc8 /tmp/ccWyCIEc.ltrans0.ltrans.o
                0x1000b3d8                register_code.part.3.lto_priv.162
 .text.register_code
                0x1000b4a0       0x5c /tmp/ccWyCIEc.ltrans0.ltrans.o
                0x1000b4a0                register_code
 .text.clear_keyboard
                0x1000b4fc       0x64 /tmp/ccWyCIEc.ltrans0.ltrans.o
                0x1000b4fc                clear_keyboard
 .text.unregister_mods
                0x1000b560       0x10 /tmp/ccWyCIEc.ltrans0.ltrans.o
                0x1000b560                unregister_mods
 .text.register_mods
                0x1000b570       0x18 /tmp/ccWyCIEc.ltrans0.ltrans.o
                0x1000b570                register_mods
 .text.tap_code
                0x1000b588       0x10 /tmp/ccWyCIEc.ltrans0.ltrans.o
                0x1000b588                tap_code
 .text.perform_space_cadet.constprop.70
                0x1000b598       0xa4 /tmp/ccWyCIEc.ltrans0.ltrans.o
 .text.process_record
                0x1000b63c      0xed4 /tmp/ccWyCIEc.ltrans0.ltrans.o
 .text.waiting_buffer_scan_tap
                0x1000c510       0x80 /tmp/ccWyCIEc.ltrans0.ltrans.o
 .text.process_tapping
                0x1000c590      0x25c /tmp/ccWyCIEc.ltrans0.ltrans.o
 .text.action_exec
                0x1000c7ec      0x134 /tmp/ccWyCIEc.ltrans0.ltrans.o
 .text.generate_tick_event
                0x1000c920       0x30 /tmp/ccWyCIEc.ltrans0.ltrans.o
 .text.pointing_device_task
                0x1000c950      0x1b8 /tmp/ccWyCIEc.ltrans0.ltrans.o
 .text.startup.main
                0x1000cb08      0xca8 /tmp/ccWyCIEc.ltrans0.ltrans.o
                0x1000cb08                main
 .text.biton32  0x1000d7b0       0x36 /tmp/ccWyCIEc.ltrans0.ltrans.o
                0x1000d7b0                biton32
 *fill*         0x1000d7e6        0x2 
 .text.extract_mod_bits
                0x1000d7e8       0x20 /tmp/ccWyCIEc.ltrans1.ltrans.o
 .text.fp_zoom_unset_hold
                0x1000d808        0xc /tmp/ccWyCIEc.ltrans1.ltrans.o
                0x1000d808                fp_zoom_unset_hold
 .text.fp_apply_dpi
                0x1000d814       0x38 /tmp/ccWyCIEc.ltrans1.ltrans.o
                0x1000d814                fp_apply_dpi
 .text.fp_point_dpi_update
                0x1000d84c       0x3c /tmp/ccWyCIEc.ltrans1.ltrans.o
                0x1000d84c                fp_point_dpi_update
 .text.press_super_ctrl_tab
                0x1000d888       0x40 /tmp/ccWyCIEc.ltrans1.ltrans.o
                0x1000d888                press_super_ctrl_tab
 .text.press_super_tab
                0x1000d8c8       0x40 /tmp/ccWyCIEc.ltrans1.ltrans.o
                0x1000d8c8                press_super_tab
 .text.shutdown_quantum
                0x1000d908       0x3c /tmp/ccWyCIEc.ltrans1.ltrans.o
                0x1000d908                shutdown_quantum
 .text.tap_code16
                0x1000d944       0x5c /tmp/ccWyCIEc.ltrans1.ltrans.o
 .text.encoder_update_kb
                0x1000d9a0       0xa8 /tmp/ccWyCIEc.ltrans1.ltrans.o
                0x1000d9a0                encoder_update_kb
 .text.spi_init
                0x1000da48       0x98 .build/obj_fingerpunch_ximi_v2_default/spi_master.a(spi_master.o)
                0x1000da48                spi_init
 .text.spi_start
                0x1000dae0       0x94 .build/obj_fingerpunch_ximi_v2_default/spi_master.a(spi_master.o)
                0x1000dae0                spi_start
 .text.spi_write
                0x1000db74       0x20 .build/obj_fingerpunch_ximi_v2_default/spi_master.a(spi_master.o)
                0x1000db74                spi_write
 .text.spi_stop
                0x1000db94       0x28 .build/obj_fingerpunch_ximi_v2_default/spi_master.a(spi_master.o)
                0x1000db94                spi_stop
 .text.SlaveThread
                0x1000dbbc       0xb4 .build/obj_fingerpunch_ximi_v2_default/serial_protocol.a(serial_protocol.o)
 .text.soft_serial_target_init
                0x1000dc70       0x24 .build/obj_fingerpunch_ximi_v2_default/serial_protocol.a(serial_protocol.o)
                0x1000dc70                soft_serial_target_init
 .text.soft_serial_initiator_init
                0x1000dc94        0x8 .build/obj_fingerpunch_ximi_v2_default/serial_protocol.a(serial_protocol.o)
                0x1000dc94                soft_serial_initiator_init
 .text.soft_serial_transaction
                0x1000dc9c       0x9c .build/obj_fingerpunch_ximi_v2_default/serial_protocol.a(serial_protocol.o)
                0x1000dc9c                soft_serial_transaction
 .text.port_lock
                0x1000dd38       0x16 .build/obj_fingerpunch_ximi_v2_default/serial_vendor.a(serial_vendor.o)
 .text.port_unlock
                0x1000dd4e       0x12 .build/obj_fingerpunch_ximi_v2_default/serial_vendor.a(serial_vendor.o)
 .text.sm_config_set_clkdiv
                0x1000dd60       0x3a .build/obj_fingerpunch_ximi_v2_default/serial_vendor.a(serial_vendor.o)
 *fill*         0x1000dd9a        0x2 
 .text.receive_impl
                0x1000dd9c       0xc4 .build/obj_fingerpunch_ximi_v2_default/serial_vendor.a(serial_vendor.o)
 .text.Vector64
                0x1000de60       0x9c .build/obj_fingerpunch_ximi_v2_default/serial_vendor.a(serial_vendor.o)
                0x1000de60                Vector64
 .text.serial_transport_driver_clear
                0x1000defc       0x44 .build/obj_fingerpunch_ximi_v2_default/serial_vendor.a(serial_vendor.o)
                0x1000defc                serial_transport_driver_clear
 .text.hot.serial_transport_send
                0x1000df40       0xc0 .build/obj_fingerpunch_ximi_v2_default/serial_vendor.a(serial_vendor.o)
                0x1000df40                serial_transport_send
 .text.hot.serial_transport_receive
                0x1000e000       0x10 .build/obj_fingerpunch_ximi_v2_default/serial_vendor.a(serial_vendor.o)
                0x1000e000                serial_transport_receive
 .text.hot.serial_transport_receive_blocking
                0x1000e010        0xc .build/obj_fingerpunch_ximi_v2_default/serial_vendor.a(serial_vendor.o)
                0x1000e010                serial_transport_receive_blocking
 .text.serial_transport_driver_slave_init
                0x1000e01c      0x1ec .build/obj_fingerpunch_ximi_v2_default/serial_vendor.a(serial_vendor.o)
                0x1000e01c                serial_transport_driver_slave_init
 .text.serial_transport_driver_master_init
                0x1000e208        0x8 .build/obj_fingerpunch_ximi_v2_default/serial_vendor.a(serial_vendor.o)
                0x1000e208                serial_transport_driver_master_init
 .text.serial_transport_driver_master_init.__stub
                0x1000e210       0x80 linker stubs
 *(.glue_7t)
 .glue_7t       0x1000e290        0x0 linker stubs
 *(.glue_7)
 .glue_7        0x1000e290        0x0 linker stubs
 *(.gcc*)
                0x1000e290                        __text_end__ = .

.vfp11_veneer   0x1000e290        0x0
 .vfp11_veneer  0x1000e290        0x0 linker stubs

.v4_bx          0x1000e290        0x0
 .v4_bx         0x1000e290        0x0 linker stubs

.iplt           0x1000e290        0x0
 .iplt          0x1000e290        0x0 .build/obj_fingerpunch_ximi_v2_default/spi_master.a(spi_master.o)

.rodata         0x1000e290      0x9c8
                0x1000e290                        __rodata_base__ = .
 *(.rodata)
 .rodata        0x1000e290       0x23 /tmp/ccWyCIEc.ltrans0.ltrans.o
 *fill*         0x1000e2b3        0x1 
 .rodata        0x1000e2b4       0xac /opt/homebrew/Cellar/arm-none-eabi-gcc@8/8.5.0_2/lib/arm-none-eabi-gcc/8/gcc/arm-none-eabi/8.5.0/thumb/v6-m/nofp/libgcc.a(divsf3.o)
 .rodata        0x1000e360       0x40 /opt/homebrew/Cellar/arm-none-eabi-gcc@8/8.5.0_2/lib/arm-none-eabi-gcc/8/gcc/arm-none-eabi/8.5.0/thumb/v6-m/nofp/libgcc.a(mulsf3.o)
 .rodata        0x1000e3a0       0x40 /opt/homebrew/Cellar/arm-none-eabi-gcc@8/8.5.0_2/lib/arm-none-eabi-gcc/8/gcc/arm-none-eabi/8.5.0/thumb/v6-m/nofp/libgcc.a(divdf3.o)
 .rodata        0x1000e3e0       0x40 /opt/homebrew/Cellar/arm-none-eabi-gcc@8/8.5.0_2/lib/arm-none-eabi-gcc/8/gcc/arm-none-eabi/8.5.0/thumb/v6-m/nofp/libgcc.a(muldf3.o)
 .rodata        0x1000e420        0x4 /opt/homebrew/Cellar/arm-none-eabi-gcc@8/8.5.0_2/lib/arm-none-eabi-gcc/8/gcc/arm-none-eabi/8.5.0/../../../../../../arm-none-eabi/lib/thumb/v6-m/nofp/libg_nano.a(lib_a-impure.o)
                0x1000e420                _global_impure_ptr
 .rodata        0x1000e424       0x60 /opt/homebrew/Cellar/arm-none-eabi-gcc@8/8.5.0_2/lib/arm-none-eabi-gcc/8/gcc/arm-none-eabi/8.5.0/../../../../../../arm-none-eabi/lib/thumb/v6-m/nofp/libg_nano.a(lib_a-findfp.o)
                0x1000e424                __sf_fake_stderr
                0x1000e444                __sf_fake_stdout
                0x1000e464                __sf_fake_stdin
 *fill*         0x1000e484        0x4 
 .rodata        0x1000e488       0x10 /opt/homebrew/Cellar/arm-none-eabi-gcc@8/8.5.0_2/lib/arm-none-eabi-gcc/8/gcc/arm-none-eabi/8.5.0/../../../../../../arm-none-eabi/lib/thumb/v6-m/nofp/libm.a(lib_a-e_fmod.o)
 .rodata        0x1000e498       0x10 /opt/homebrew/Cellar/arm-none-eabi-gcc@8/8.5.0_2/lib/arm-none-eabi-gcc/8/gcc/arm-none-eabi/8.5.0/../../../../../../arm-none-eabi/lib/thumb/v6-m/nofp/libm.a(lib_a-s_rint.o)
 *(.rodata.*)
 .rodata.CSWTCH.0
                0x1000e4a8        0xc /tmp/ccWyCIEc.ltrans0.ltrans.o
 .rodata.CSWTCH.1
                0x1000e4b4        0x3 /tmp/ccWyCIEc.ltrans0.ltrans.o
 .rodata.CSWTCH.13
                0x1000e4b7        0x3 /tmp/ccWyCIEc.ltrans0.ltrans.o
 .rodata.CSWTCH.14
                0x1000e4ba       0x36 /tmp/ccWyCIEc.ltrans0.ltrans.o
 .rodata.ConfigurationDescriptor
                0x1000e4f0       0x3b /tmp/ccWyCIEc.ltrans0.ltrans.o
 .rodata.DeviceDescriptor
                0x1000e52b       0x12 /tmp/ccWyCIEc.ltrans0.ltrans.o
 .rodata.KeyboardReport
                0x1000e53d       0x40 /tmp/ccWyCIEc.ltrans0.ltrans.o
 .rodata.LanguageString
                0x1000e57d        0x4 /tmp/ccWyCIEc.ltrans0.ltrans.o
 .rodata.ManufacturerString
                0x1000e581       0x1c /tmp/ccWyCIEc.ltrans0.ltrans.o
 .rodata.ProductString
                0x1000e59d       0x12 /tmp/ccWyCIEc.ltrans0.ltrans.o
 .rodata.SharedReport
                0x1000e5af       0x7b /tmp/ccWyCIEc.ltrans0.ltrans.o
 .rodata.Vector80.str1.1
                0x1000e62a       0x4f /tmp/ccWyCIEc.ltrans0.ltrans.o
                                  0xd (size before relaxing)
 *fill*         0x1000e679        0x3 
 .rodata.__rp_dma_channels
                0x1000e67c       0xc0 /tmp/ccWyCIEc.ltrans0.ltrans.o
 .rodata._exit.str1.1
                0x1000e73c        0x5 /tmp/ccWyCIEc.ltrans0.ltrans.o
 .rodata._kill.str1.1
                0x1000e73c        0x5 /tmp/ccWyCIEc.ltrans0.ltrans.o
 .rodata.active_status
                0x1000e73c        0x2 /tmp/ccWyCIEc.ltrans0.ltrans.o
 *fill*         0x1000e73e        0x2 
 .rodata.alarm_irqs
                0x1000e740       0x20 /tmp/ccWyCIEc.ltrans0.ltrans.o
 .rodata.ch_core0_cfg
                0x1000e760        0xc /tmp/ccWyCIEc.ltrans0.ltrans.o
 .rodata.col_pins
                0x1000e76c       0x20 /tmp/ccWyCIEc.ltrans0.ltrans.o
 .rodata.encoder_LUT
                0x1000e78c       0x10 /tmp/ccWyCIEc.ltrans0.ltrans.o
 .rodata.ep0config
                0x1000e79c       0x1c /tmp/ccWyCIEc.ltrans0.ltrans.o
 .rodata.halted_status
                0x1000e7b8        0x2 /tmp/ccWyCIEc.ltrans0.ltrans.o
 *fill*         0x1000e7ba        0x2 
 .rodata.kbd_ep_config
                0x1000e7bc       0x1c /tmp/ccWyCIEc.ltrans0.ltrans.o
 .rodata.keymaps
                0x1000e7d8      0x280 /tmp/ccWyCIEc.ltrans0.ltrans.o
 .rodata.pio_add_program.str1.1
                0x1000ea58       0x11 /tmp/ccWyCIEc.ltrans0.ltrans.o
 .rodata.pio_claim_unused_sm.str1.1
                0x1000ea58       0x24 /tmp/ccWyCIEc.ltrans0.ltrans.o
 .rodata.ram_areas
                0x1000ea58       0x80 /tmp/ccWyCIEc.ltrans0.ltrans.o
 .rodata.row_pins
                0x1000ead8       0x10 /tmp/ccWyCIEc.ltrans0.ltrans.o
 .rodata.shared_ep_config
                0x1000eae8       0x1c /tmp/ccWyCIEc.ltrans0.ltrans.o
 .rodata.split_shmem
                0x1000eb04        0x4 /tmp/ccWyCIEc.ltrans0.ltrans.o
                0x1000eb04                split_shmem
 .rodata.str1.1
                0x1000eb08        0x3 /tmp/ccWyCIEc.ltrans0.ltrans.o
 .rodata.usbcfg
                0x1000eb08       0x10 /tmp/ccWyCIEc.ltrans0.ltrans.o
 .rodata.vibrato_lut
                0x1000eb18       0x50 /tmp/ccWyCIEc.ltrans0.ltrans.o
 .rodata.zero_status
                0x1000eb68        0x2 /tmp/ccWyCIEc.ltrans0.ltrans.o
 .rodata.uart_rx_program
                0x1000eb6a        0x6 .build/obj_fingerpunch_ximi_v2_default/serial_vendor.a(serial_vendor.o)
 .rodata.uart_rx_program_instructions
                0x1000eb70       0x12 .build/obj_fingerpunch_ximi_v2_default/serial_vendor.a(serial_vendor.o)
 .rodata.uart_tx_program
                0x1000eb82        0x6 .build/obj_fingerpunch_ximi_v2_default/serial_vendor.a(serial_vendor.o)
 .rodata.uart_tx_program_instructions
                0x1000eb88        0x8 .build/obj_fingerpunch_ximi_v2_default/serial_vendor.a(serial_vendor.o)
 .rodata.str1.4
                0x1000eb90       0xc5 /opt/homebrew/Cellar/arm-none-eabi-gcc@8/8.5.0_2/lib/arm-none-eabi-gcc/8/gcc/arm-none-eabi/8.5.0/../../../../../../arm-none-eabi/lib/thumb/v6-m/nofp/libg_nano.a(lib_a-rand.o)
                                 0x4a (size before relaxing)
 .rodata.str1.4
                0x1000ec55       0x43 /opt/homebrew/Cellar/arm-none-eabi-gcc@8/8.5.0_2/lib/arm-none-eabi-gcc/8/gcc/arm-none-eabi/8.5.0/../../../../../../arm-none-eabi/lib/thumb/v6-m/nofp/libg_nano.a(lib_a-assert.o)
 .rodata.str1.4
                0x1000ec55       0x13 /opt/homebrew/Cellar/arm-none-eabi-gcc@8/8.5.0_2/lib/arm-none-eabi-gcc/8/gcc/arm-none-eabi/8.5.0/../../../../../../arm-none-eabi/lib/thumb/v6-m/nofp/libg_nano.a(lib_a-nano-vfprintf.o)
 .rodata.str1.4
                0x1000ec55       0x25 /opt/homebrew/Cellar/arm-none-eabi-gcc@8/8.5.0_2/lib/arm-none-eabi-gcc/8/gcc/arm-none-eabi/8.5.0/../../../../../../arm-none-eabi/lib/thumb/v6-m/nofp/libg_nano.a(lib_a-nano-vfprintf_i.o)
 .rodata.str1.4
                0x1000ec55        0x1 /opt/homebrew/Cellar/arm-none-eabi-gcc@8/8.5.0_2/lib/arm-none-eabi-gcc/8/gcc/arm-none-eabi/8.5.0/../../../../../../arm-none-eabi/lib/thumb/v6-m/nofp/libm.a(lib_a-e_pow.o)
                0x1000ec98                        . = ALIGN (0x4)
 *fill*         0x1000ec55        0x3 
                0x1000ec58                        __rodata_end__ = .

.rel.dyn        0x1000ec58        0x0
 .rel.iplt      0x1000ec58        0x0 .build/obj_fingerpunch_ximi_v2_default/spi_master.a(spi_master.o)

.ARM.extab
 *(.ARM.extab* .gnu.linkonce.armextab.*)

.ARM.exidx      0x1000ec58        0x0
                0x1000ec58                        __exidx_base__ = .
                0x1000ec58                        __exidx_start = .
 *(.ARM.exidx* .gnu.linkonce.armexidx.*)
                0x1000ec58                        __exidx_end__ = .
                0x1000ec58                        __exidx_end = .

.eh_frame_hdr
 *(.eh_frame_hdr)

.eh_frame
 *(.eh_frame)

.data           0x20000000      0xb70 load address 0x1000ec58
                [!provide]                        PROVIDE (_textdata = LOADADDR (.data))
                [!provide]                        PROVIDE (_data = .)
                0x1000ec58                        __textdata_base__ = LOADADDR (.data)
                0x20000000                        __data_base__ = .
 *(vtable)
 *(.time_critical*)
 .time_critical.flash_enable_xip_via_boot2
                0x20000000       0x20 /tmp/ccWyCIEc.ltrans0.ltrans.o
 .time_critical.flash_init_boot2_copyout
                0x20000020       0x30 /tmp/ccWyCIEc.ltrans0.ltrans.o
 .time_critical.flash_range_erase
                0x20000050       0x60 /tmp/ccWyCIEc.ltrans0.ltrans.o
 .time_critical.flash_was_aborted
                0x200000b0       0x10 /tmp/ccWyCIEc.ltrans0.ltrans.o
 .time_critical.flash_cs_force
                0x200000c0       0x24 /tmp/ccWyCIEc.ltrans0.ltrans.o
 .time_critical.flash_put_cmd_addr
                0x200000e4       0x24 /tmp/ccWyCIEc.ltrans0.ltrans.o
 .time_critical.flash_put_get
                0x20000108       0x6a /tmp/ccWyCIEc.ltrans0.ltrans.o
 .time_critical._flash_do_cmd
                0x20000172       0x22 /tmp/ccWyCIEc.ltrans0.ltrans.o
 .time_critical.flash_enable_write
                0x20000194        0xe /tmp/ccWyCIEc.ltrans0.ltrans.o
 .time_critical.flash_wait_ready
                0x200001a2       0x22 /tmp/ccWyCIEc.ltrans0.ltrans.o
 .time_critical.pico_program_bulk
                0x200001c4       0x94 /tmp/ccWyCIEc.ltrans0.ltrans.o
 .time_critical.__wrap___aeabi_idiv
                0x20000258       0x40 .build/obj_fingerpunch_ximi_v2/./lib/pico-sdk/src/rp2_common/pico_divider/divider.o
                0x20000258                __wrap___aeabi_idivmod
                0x20000258                divmod_s32s32
                0x20000258                div_s32s32
                0x20000258                __wrap___aeabi_idiv
                0x20000258                divmod_s32s32_unsafe
 .time_critical.__wrap___aeabi_uidiv
                0x20000298       0x3c .build/obj_fingerpunch_ximi_v2/./lib/pico-sdk/src/rp2_common/pico_divider/divider.o
                0x20000298                divmod_u32u32_unsafe
                0x20000298                __wrap___aeabi_uidiv
                0x20000298                __wrap___aeabi_uidivmod
                0x20000298                div_u32u32
                0x20000298                divmod_u32u32
 .time_critical.__wrap___aeabi_ldiv
                0x200002d4      0x3ec .build/obj_fingerpunch_ximi_v2/./lib/pico-sdk/src/rp2_common/pico_divider/divider.o
                0x200002d4                __wrap___aeabi_ldivmod
                0x200002d4                div_s64s64
                0x200002d4                divmod_s64s64
                0x200002e8                divmod_u64u64
                0x200002e8                __wrap___aeabi_uldivmod
                0x200002e8                div_u64u64
                0x200002fc                divmod_s64s64_unsafe
                0x20000384                divmod_u64u64_unsafe
 .time_critical.__aeabi_lmul
                0x200006c0       0x32 .build/obj_fingerpunch_ximi_v2/./lib/pico-sdk/src/rp2_common/pico_int64_ops/pico_int64_ops_aeabi.o
                0x200006c0                __wrap___aeabi_lmul
 *fill*         0x200006f2        0x6 
 .time_critical.__aeabi_lmul.__stub
                0x200006f8       0x20 linker stubs
                0x20000718                        . = ALIGN (0x4)
 *fill*         0x20000718        0x0 
 *(.data)
 .data          0x20000718       0x64 /opt/homebrew/Cellar/arm-none-eabi-gcc@8/8.5.0_2/lib/arm-none-eabi-gcc/8/gcc/arm-none-eabi/8.5.0/../../../../../../arm-none-eabi/lib/thumb/v6-m/nofp/libg_nano.a(lib_a-impure.o)
                0x20000718                _impure_ptr
 .data          0x2000077c        0x1 /opt/homebrew/Cellar/arm-none-eabi-gcc@8/8.5.0_2/lib/arm-none-eabi-gcc/8/gcc/arm-none-eabi/8.5.0/../../../../../../arm-none-eabi/lib/thumb/v6-m/nofp/libm.a(lib_a-s_lib_ver.o)
                0x2000077c                __fdlib_version
 *(.data.*)
 *fill*         0x2000077d        0x3 
 .data.SPLIT_SHARED_MEMORY_MUTEX
                0x20000780       0x10 /tmp/ccWyCIEc.ltrans0.ltrans.o
 .data.ag_norm_song
                0x20000790       0x10 /tmp/ccWyCIEc.ltrans0.ltrans.o
 .data.ag_swap_song
                0x200007a0       0x20 /tmp/ccWyCIEc.ltrans0.ltrans.o
 .data.audio_driver_stopped
                0x200007c0        0x1 /tmp/ccWyCIEc.ltrans0.ltrans.o
 *fill*         0x200007c1        0x3 
 .data.audio_off_song
                0x200007c4       0x10 /tmp/ccWyCIEc.ltrans0.ltrans.o
 .data.audio_on_song
                0x200007d4       0x10 /tmp/ccWyCIEc.ltrans0.ltrans.o
 .data.cg_norm_song
                0x200007e4       0x10 /tmp/ccWyCIEc.ltrans0.ltrans.o
 .data.cg_swap_song
                0x200007f4       0x20 /tmp/ccWyCIEc.ltrans0.ltrans.o
 .data.chibios_driver
                0x20000814       0x10 /tmp/ccWyCIEc.ltrans0.ltrans.o
 .data.fp_copy_sound
                0x20000824       0x10 /tmp/ccWyCIEc.ltrans0.ltrans.o
 .data.fp_cut_sound
                0x20000834       0x18 /tmp/ccWyCIEc.ltrans0.ltrans.o
 .data.fp_mouse_sound_1
                0x2000084c        0x8 /tmp/ccWyCIEc.ltrans0.ltrans.o
 .data.fp_mouse_sound_2
                0x20000854        0x8 /tmp/ccWyCIEc.ltrans0.ltrans.o
 .data.fp_mouse_sound_3
                0x2000085c       0x10 /tmp/ccWyCIEc.ltrans0.ltrans.o
 .data.fp_paste_sound
                0x2000086c       0x10 /tmp/ccWyCIEc.ltrans0.ltrans.o
 .data.fp_save_sound
                0x2000087c       0x10 /tmp/ccWyCIEc.ltrans0.ltrans.o
 .data.func     0x2000088c        0x4 /tmp/ccWyCIEc.ltrans0.ltrans.o
 .data.isLeftHand
                0x20000890        0x1 /tmp/ccWyCIEc.ltrans0.ltrans.o
 *fill*         0x20000891        0x1 
 .data.keyboard_protocol
                0x20000892        0x1 /tmp/ccWyCIEc.ltrans0.ltrans.o
 *fill*         0x20000893        0x1 
 .data.midi_off_song
                0x20000894       0x40 /tmp/ccWyCIEc.ltrans0.ltrans.o
 .data.midi_on_song
                0x200008d4       0x40 /tmp/ccWyCIEc.ltrans0.ltrans.o
 .data.music_mode
                0x20000914        0x1 /tmp/ccWyCIEc.ltrans0.ltrans.o
 *fill*         0x20000915        0x3 
 .data.music_mode_songs
                0x20000918       0xa0 /tmp/ccWyCIEc.ltrans0.ltrans.o
 .data.music_off_song
                0x200009b8       0x40 /tmp/ccWyCIEc.ltrans0.ltrans.o
 .data.music_on_song
                0x200009f8       0x40 /tmp/ccWyCIEc.ltrans0.ltrans.o
 .data.music_sequence_interval
                0x20000a38        0x2 /tmp/ccWyCIEc.ltrans0.ltrans.o
 .data.note_timbre
                0x20000a3a        0x1 /tmp/ccWyCIEc.ltrans0.ltrans.o
 *fill*         0x20000a3b        0x1 
 .data.pwmCFG   0x20000a3c       0x1c /tmp/ccWyCIEc.ltrans0.ltrans.o
 .data.scale_data
                0x20000a58        0x2 /tmp/ccWyCIEc.ltrans0.ltrans.o
 *fill*         0x20000a5a        0x2 
 .data.split_transaction_table
                0x20000a5c       0x90 /tmp/ccWyCIEc.ltrans0.ltrans.o
                0x20000a5c                split_transaction_table
 .data.startup_song
                0x20000aec       0x40 /tmp/ccWyCIEc.ltrans0.ltrans.o
 .data.voice_change_song
                0x20000b2c       0x20 /tmp/ccWyCIEc.ltrans0.ltrans.o
 .data.goodbye_song
                0x20000b4c       0x18 /tmp/ccWyCIEc.ltrans1.ltrans.o
 .data.currentSlavePin
                0x20000b64        0x4 .build/obj_fingerpunch_ximi_v2_default/spi_master.a(spi_master.o)
 .data.rx_state_machine
                0x20000b68        0x4 .build/obj_fingerpunch_ximi_v2_default/serial_vendor.a(serial_vendor.o)
 .data.tx_state_machine
                0x20000b6c        0x4 .build/obj_fingerpunch_ximi_v2_default/serial_vendor.a(serial_vendor.o)
 *(.ramtext)
                0x20000b70                        . = ALIGN (0x4)
                [!provide]                        PROVIDE (_edata = .)
                0x20000b70                        __data_end__ = .

.igot.plt       0x20000b70        0x0 load address 0x1000f7c8
 .igot.plt      0x20000b70        0x0 .build/obj_fingerpunch_ximi_v2_default/spi_master.a(spi_master.o)

.bss            0x20000b70     0x1d50 load address 0x1000f7c8
                0x20000b70                        __bss_base__ = .
 *(.bss)
 .bss           0x20000b70        0x8 /opt/homebrew/Cellar/arm-none-eabi-gcc@8/8.5.0_2/lib/arm-none-eabi-gcc/8/gcc/arm-none-eabi/8.5.0/../../../../../../arm-none-eabi/lib/thumb/v6-m/nofp/libg_nano.a(lib_a-nano-mallocr.o)
                0x20000b70                __malloc_free_list
                0x20000b74                __malloc_sbrk_start
 *(.bss.*)
 .bss.BOOT2_ROM_RAM
                0x20000b78      0x100 /tmp/ccWyCIEc.ltrans0.ltrans.o
 .bss.I2CD1     0x20000c78       0x38 /tmp/ccWyCIEc.ltrans0.ltrans.o
 .bss.PWMD1     0x20000cb0       0x1c /tmp/ccWyCIEc.ltrans0.ltrans.o
 .bss.USBD1     0x20000ccc       0xe4 /tmp/ccWyCIEc.ltrans0.ltrans.o
 .bss.__compound_literal.0
                0x20000db0        0x8 /tmp/ccWyCIEc.ltrans0.ltrans.o
 .bss._used_instruction_space
                0x20000db8        0x8 /tmp/ccWyCIEc.ltrans0.ltrans.o
 .bss.active_tones
                0x20000dc0        0x1 /tmp/ccWyCIEc.ltrans0.ltrans.o
 .bss.audio_config
                0x20000dc1        0x1 /tmp/ccWyCIEc.ltrans0.ltrans.o
 .bss.audio_initialized
                0x20000dc2        0x1 /tmp/ccWyCIEc.ltrans0.ltrans.o
 *fill*         0x20000dc3        0x1 
 .bss.audio_vt  0x20000dc4       0x18 /tmp/ccWyCIEc.ltrans0.ltrans.o
 .bss.basic_executors
                0x20000ddc       0x80 /tmp/ccWyCIEc.ltrans0.ltrans.o
 .bss.boot2_copyout
                0x20000e5c      0x100 /tmp/ccWyCIEc.ltrans0.ltrans.o
 .bss.boot2_copyout_valid
                0x20000f5c        0x1 /tmp/ccWyCIEc.ltrans0.ltrans.o
 *fill*         0x20000f5d        0x1 
 .bss.bulk_write_buffer.5510
                0x20000f5e       0x80 /tmp/ccWyCIEc.ltrans0.ltrans.o
 *fill*         0x20000fde        0x2 
 .bss.ch_memcore
                0x20000fe0        0x8 /tmp/ccWyCIEc.ltrans0.ltrans.o
 .bss.ch_system
                0x20000fe8       0x10 /tmp/ccWyCIEc.ltrans0.ltrans.o
 .bss.claimed   0x20000ff8        0x1 /tmp/ccWyCIEc.ltrans0.ltrans.o
 *fill*         0x20000ff9        0x3 
 .bss.configured_freq
                0x20000ffc       0x28 /tmp/ccWyCIEc.ltrans0.ltrans.o
 .bss.connection_check_timer.12654
                0x20001024        0x2 /tmp/ccWyCIEc.ltrans0.ltrans.o
 .bss.connection_errors
                0x20001026        0x1 /tmp/ccWyCIEc.ltrans0.ltrans.o
 *fill*         0x20001027        0x1 
 .bss.current_note
                0x20001028        0x2 /tmp/ccWyCIEc.ltrans0.ltrans.o
 .bss.current_token
                0x2000102a        0x1 /tmp/ccWyCIEc.ltrans0.ltrans.o
 .bss.debouncing
                0x2000102b        0x1 /tmp/ccWyCIEc.ltrans0.ltrans.o
 .bss.debouncing_time
                0x2000102c        0x4 /tmp/ccWyCIEc.ltrans0.ltrans.o
 .bss.debug_config
                0x20001030        0x1 /tmp/ccWyCIEc.ltrans0.ltrans.o
 *fill*         0x20001031        0x1 
 .bss.default_layer_state
                0x20001032        0x2 /tmp/ccWyCIEc.ltrans0.ltrans.o
 .bss.desc.11218
                0x20001034        0x8 /tmp/ccWyCIEc.ltrans0.ltrans.o
 .bss.dma       0x2000103c       0x68 /tmp/ccWyCIEc.ltrans0.ltrans.o
 .bss.driver.lto_priv.153
                0x200010a4        0x4 /tmp/ccWyCIEc.ltrans0.ltrans.o
 .bss.driver.lto_priv.154
                0x200010a8        0x4 /tmp/ccWyCIEc.ltrans0.ltrans.o
 .bss.encoder_pulses
                0x200010ac        0x2 /tmp/ccWyCIEc.ltrans0.ltrans.o
 .bss.encoder_state